Archive member included to satisfy reference by file (symbol)

/home/ubuntu/intelFPGA_lite/16.1/nios2eds/bin/gnu/H-x86_64-pc-linux-gnu/bin/../lib/gcc/nios2-elf/5.3.0/../../../../../H-x86_64-pc-linux-gnu/nios2-elf/lib/libc.a(lib_a-assert.o)
                              obj/default/kroki_cuckoo/cuckoo_hash.o (__assert_func)
/home/ubuntu/intelFPGA_lite/16.1/nios2eds/bin/gnu/H-x86_64-pc-linux-gnu/bin/../lib/gcc/nios2-elf/5.3.0/../../../../../H-x86_64-pc-linux-gnu/nios2-elf/lib/libc.a(lib_a-calloc.o)
                              obj/default/kroki_cuckoo/cuckoo_hash.o (calloc)
/home/ubuntu/intelFPGA_lite/16.1/nios2eds/bin/gnu/H-x86_64-pc-linux-gnu/bin/../lib/gcc/nios2-elf/5.3.0/../../../../../H-x86_64-pc-linux-gnu/nios2-elf/lib/libc.a(lib_a-callocr.o)
                              /home/ubuntu/intelFPGA_lite/16.1/nios2eds/bin/gnu/H-x86_64-pc-linux-gnu/bin/../lib/gcc/nios2-elf/5.3.0/../../../../../H-x86_64-pc-linux-gnu/nios2-elf/lib/libc.a(lib_a-calloc.o) (_calloc_r)
/home/ubuntu/intelFPGA_lite/16.1/nios2eds/bin/gnu/H-x86_64-pc-linux-gnu/bin/../lib/gcc/nios2-elf/5.3.0/../../../../../H-x86_64-pc-linux-gnu/nios2-elf/lib/libc.a(lib_a-exit.o)
                              obj/default/addr_mapping.o (exit)
/home/ubuntu/intelFPGA_lite/16.1/nios2eds/bin/gnu/H-x86_64-pc-linux-gnu/bin/../lib/gcc/nios2-elf/5.3.0/../../../../../H-x86_64-pc-linux-gnu/nios2-elf/lib/libc.a(lib_a-fiprintf.o)
                              /home/ubuntu/intelFPGA_lite/16.1/nios2eds/bin/gnu/H-x86_64-pc-linux-gnu/bin/../lib/gcc/nios2-elf/5.3.0/../../../../../H-x86_64-pc-linux-gnu/nios2-elf/lib/libc.a(lib_a-assert.o) (fiprintf)
/home/ubuntu/intelFPGA_lite/16.1/nios2eds/bin/gnu/H-x86_64-pc-linux-gnu/bin/../lib/gcc/nios2-elf/5.3.0/../../../../../H-x86_64-pc-linux-gnu/nios2-elf/lib/libc.a(lib_a-fwrite.o)
                              obj/default/addr_mapping.o (fwrite)
/home/ubuntu/intelFPGA_lite/16.1/nios2eds/bin/gnu/H-x86_64-pc-linux-gnu/bin/../lib/gcc/nios2-elf/5.3.0/../../../../../H-x86_64-pc-linux-gnu/nios2-elf/lib/libc.a(lib_a-impure.o)
                              /home/ubuntu/intelFPGA_lite/16.1/nios2eds/bin/gnu/H-x86_64-pc-linux-gnu/bin/../lib/gcc/nios2-elf/5.3.0/../../../../../H-x86_64-pc-linux-gnu/nios2-elf/lib/libc.a(lib_a-exit.o) (_global_impure_ptr)
/home/ubuntu/intelFPGA_lite/16.1/nios2eds/bin/gnu/H-x86_64-pc-linux-gnu/bin/../lib/gcc/nios2-elf/5.3.0/../../../../../H-x86_64-pc-linux-gnu/nios2-elf/lib/libc.a(lib_a-malloc.o)
                              obj/default/kroki_cuckoo/cuckoo_hash.o (free)
/home/ubuntu/intelFPGA_lite/16.1/nios2eds/bin/gnu/H-x86_64-pc-linux-gnu/bin/../lib/gcc/nios2-elf/5.3.0/../../../../../H-x86_64-pc-linux-gnu/nios2-elf/lib/libc.a(lib_a-mallocr.o)
                              /home/ubuntu/intelFPGA_lite/16.1/nios2eds/bin/gnu/H-x86_64-pc-linux-gnu/bin/../lib/gcc/nios2-elf/5.3.0/../../../../../H-x86_64-pc-linux-gnu/nios2-elf/lib/libc.a(lib_a-callocr.o) (_malloc_r)
/home/ubuntu/intelFPGA_lite/16.1/nios2eds/bin/gnu/H-x86_64-pc-linux-gnu/bin/../lib/gcc/nios2-elf/5.3.0/../../../../../H-x86_64-pc-linux-gnu/nios2-elf/lib/libc.a(lib_a-memcmp.o)
                              obj/default/kroki_cuckoo/cuckoo_hash.o (memcmp)
/home/ubuntu/intelFPGA_lite/16.1/nios2eds/bin/gnu/H-x86_64-pc-linux-gnu/bin/../lib/gcc/nios2-elf/5.3.0/../../../../../H-x86_64-pc-linux-gnu/nios2-elf/lib/libc.a(lib_a-memcpy.o)
                              obj/default/kroki_cuckoo/cuckoo_hash.o (memcpy)
/home/ubuntu/intelFPGA_lite/16.1/nios2eds/bin/gnu/H-x86_64-pc-linux-gnu/bin/../lib/gcc/nios2-elf/5.3.0/../../../../../H-x86_64-pc-linux-gnu/nios2-elf/lib/libc.a(lib_a-memmove.o)
                              obj/default/kroki_cuckoo/cuckoo_hash.o (memmove)
/home/ubuntu/intelFPGA_lite/16.1/nios2eds/bin/gnu/H-x86_64-pc-linux-gnu/bin/../lib/gcc/nios2-elf/5.3.0/../../../../../H-x86_64-pc-linux-gnu/nios2-elf/lib/libc.a(lib_a-memset.o)
                              obj/default/kroki_cuckoo/cuckoo_hash.o (memset)
/home/ubuntu/intelFPGA_lite/16.1/nios2eds/bin/gnu/H-x86_64-pc-linux-gnu/bin/../lib/gcc/nios2-elf/5.3.0/../../../../../H-x86_64-pc-linux-gnu/nios2-elf/lib/libc.a(lib_a-puts.o)
                              obj/default/addr_mapping.o (puts)
/home/ubuntu/intelFPGA_lite/16.1/nios2eds/bin/gnu/H-x86_64-pc-linux-gnu/bin/../lib/gcc/nios2-elf/5.3.0/../../../../../H-x86_64-pc-linux-gnu/nios2-elf/lib/libc.a(lib_a-realloc.o)
                              obj/default/kroki_cuckoo/cuckoo_hash.o (realloc)
/home/ubuntu/intelFPGA_lite/16.1/nios2eds/bin/gnu/H-x86_64-pc-linux-gnu/bin/../lib/gcc/nios2-elf/5.3.0/../../../../../H-x86_64-pc-linux-gnu/nios2-elf/lib/libc.a(lib_a-reallocr.o)
                              /home/ubuntu/intelFPGA_lite/16.1/nios2eds/bin/gnu/H-x86_64-pc-linux-gnu/bin/../lib/gcc/nios2-elf/5.3.0/../../../../../H-x86_64-pc-linux-gnu/nios2-elf/lib/libc.a(lib_a-realloc.o) (_realloc_r)
[...]
Memory Configuration

Name             Origin             Length             Attributes
reset            0x0000000000000000 0x0000000000000020
onchip_memory2_0 0x0000000000000020 0x0000000000018680
*default*        0x0000000000000000 0xffffffffffffffff

Linker script and memory map

LOAD ../slice_bsp//obj/HAL/src/crt0.o
LOAD obj/default/addr_mapping.o
LOAD obj/default/kroki_cuckoo/cuckoo_hash.o
LOAD obj/default/kroki_cuckoo/lookup3.o
LOAD obj/default/main.o
LOAD /home/ubuntu/intelFPGA_lite/16.1/nios2eds/bin/gnu/H-x86_64-pc-linux-gnu/bin/../lib/gcc/nios2-elf/5.3.0/../../../../../H-x86_64-pc-linux-gnu/nios2-elf/lib/libstdc++.a
LOAD /home/ubuntu/intelFPGA_lite/16.1/nios2eds/bin/gnu/H-x86_64-pc-linux-gnu/bin/../lib/gcc/nios2-elf/5.3.0/../../../../../H-x86_64-pc-linux-gnu/nios2-elf/lib/libm.a
LOAD /home/ubuntu/intelFPGA_lite/16.1/nios2eds/bin/gnu/H-x86_64-pc-linux-gnu/bin/../lib/gcc/nios2-elf/5.3.0/libgcc.a
START GROUP
LOAD /home/ubuntu/intelFPGA_lite/16.1/nios2eds/bin/gnu/H-x86_64-pc-linux-gnu/bin/../lib/gcc/nios2-elf/5.3.0/../../../../../H-x86_64-pc-linux-gnu/nios2-elf/lib/libc.a
LOAD /home/ubuntu/intelFPGA_lite/16.1/nios2eds/bin/gnu/H-x86_64-pc-linux-gnu/bin/../lib/gcc/nios2-elf/5.3.0/libgcc.a
LOAD ../slice_bsp//libhal_bsp.a
LOAD /home/ubuntu/intelFPGA_lite/16.1/nios2eds/bin/gnu/H-x86_64-pc-linux-gnu/bin/../lib/gcc/nios2-elf/5.3.0/../../../../../H-x86_64-pc-linux-gnu/nios2-elf/lib/libm.a
END GROUP
LOAD /home/ubuntu/intelFPGA_lite/16.1/nios2eds/bin/gnu/H-x86_64-pc-linux-gnu/bin/../lib/gcc/nios2-elf/5.3.0/libgcc.a
                0x0000000000000000                __alt_mem_onchip_memory2_0 = 0x0

.entry          0x0000000000000000       0x20
 *(.entry)
 .entry         0x0000000000000000       0x20 ../slice_bsp//obj/HAL/src/crt0.o
                0x0000000000000000                __reset

.exceptions     0x0000000000000020      0x224
                0x0000000000000020                PROVIDE (__ram_exceptions_start, ABSOLUTE (.))
                0x0000000000000020                . = ALIGN (0x20)
 *(.irq)
 *(.exceptions.entry.label)
 .exceptions.entry.label
                0x0000000000000020        0x0 ../slice_bsp//libhal_bsp.a(alt_irq_entry.o)
                0x0000000000000020                alt_irq_entry
 .exceptions.entry.label
                0x0000000000000020        0x0 ../slice_bsp//libhal_bsp.a(alt_exception_entry.o)
                0x0000000000000020                alt_exception
 *(.exceptions.entry.user)
 *(.exceptions.entry.ecc_fatal)
 *(.exceptions.entry)
 .exceptions.entry
                0x0000000000000020       0x54 ../slice_bsp//libhal_bsp.a(alt_exception_entry.o)
 *(.exceptions.irqtest.user)
 *(.exceptions.irqtest)
 .exceptions.irqtest
                0x0000000000000074       0x10 ../slice_bsp//libhal_bsp.a(alt_irq_entry.o)
 *(.exceptions.irqhandler.user)
 *(.exceptions.irqhandler)
 .exceptions.irqhandler
                0x0000000000000084        0x4 ../slice_bsp//libhal_bsp.a(alt_irq_entry.o)
 *(.exceptions.irqreturn.user)
 *(.exceptions.irqreturn)
 .exceptions.irqreturn
                0x0000000000000088        0x4 ../slice_bsp//libhal_bsp.a(alt_irq_entry.o)
 *(.exceptions.notirq.label)
 .exceptions.notirq.label
                0x000000000000008c        0x0 ../slice_bsp//libhal_bsp.a(alt_irq_entry.o)
 *(.exceptions.notirq.user)
 *(.exceptions.notirq)
 .exceptions.notirq
                0x000000000000008c        0x8 ../slice_bsp//libhal_bsp.a(alt_exception_entry.o)
 *(.exceptions.soft.user)
 *(.exceptions.soft)
 *(.exceptions.unknown.user)
 *(.exceptions.unknown)
 .exceptions.unknown
                0x0000000000000094       0x14 ../slice_bsp//libhal_bsp.a(alt_exception_entry.o)
 *(.exceptions.exit.label)
 .exceptions.exit.label
                0x00000000000000a8        0x0 ../slice_bsp//libhal_bsp.a(alt_irq_entry.o)
 .exceptions.exit.label
                0x00000000000000a8        0x0 ../slice_bsp//libhal_bsp.a(alt_exception_entry.o)
 *(.exceptions.exit.user)
 *(.exceptions.exit)
 .exceptions.exit
                0x00000000000000a8       0x54 ../slice_bsp//libhal_bsp.a(alt_exception_entry.o)
 *(.exceptions)
 .exceptions    0x00000000000000fc       0xd4 ../slice_bsp//libhal_bsp.a(alt_irq_handler.o)
                0x00000000000000fc                alt_irq_handler
 .exceptions    0x00000000000001d0       0x74 ../slice_bsp//libhal_bsp.a(alt_instruction_exception_entry.o)
                0x00000000000001d0                alt_instruction_exception_entry
                0x0000000000000244                PROVIDE (__ram_exceptions_end, ABSOLUTE (.))
                0x0000000000000020                PROVIDE (__flash_exceptions_start, LOADADDR (.exceptions))

.text           0x0000000000000244     0x9ca8
                [!provide]                        PROVIDE (stext, ABSOLUTE (.))
 *(.interp)
 *(.hash)
 *(.dynsym)
 *(.dynstr)
 *(.gnu.version)
 *(.gnu.version_d)
 *(.gnu.version_r)
 *(.rel.init)
 *(.rela.init)
 *(.rel.text .rel.text.* .rel.gnu.linkonce.t.*)
 *(.rela.text .rela.text.* .rela.gnu.linkonce.t.*)
 *(.rel.fini)
 *(.rela.fini)
 *(.rel.rodata .rel.rodata.* .rel.gnu.linkonce.r.*)
 *(.rela.rodata .rela.rodata.* .rela.gnu.linkonce.r.*)
 *(.rel.data .rel.data.* .rel.gnu.linkonce.d.*)
 *(.rela.data .rela.data.* .rela.gnu.linkonce.d.*)
 *(.rel.tdata .rel.tdata.* .rel.gnu.linkonce.td.*)
 *(.rela.tdata .rela.tdata.* .rela.gnu.linkonce.td.*)
 *(.rel.tbss .rel.tbss.* .rel.gnu.linkonce.tb.*)
 *(.rela.tbss .rela.tbss.* .rela.gnu.linkonce.tb.*)
 *(.rel.ctors)
 *(.rela.ctors)
 *(.rel.dtors)
 *(.rela.dtors)
 *(.rel.got)
 *(.rela.got)
 *(.rel.sdata .rel.sdata.* .rel.gnu.linkonce.s.*)
 *(.rela.sdata .rela.sdata.* .rela.gnu.linkonce.s.*)
 *(.rel.sbss .rel.sbss.* .rel.gnu.linkonce.sb.*)
 *(.rela.sbss .rela.sbss.* .rela.gnu.linkonce.sb.*)
 *(.rel.sdata2 .rel.sdata2.* .rel.gnu.linkonce.s2.*)
 *(.rela.sdata2 .rela.sdata2.* .rela.gnu.linkonce.s2.*)
 *(.rel.sbss2 .rel.sbss2.* .rel.gnu.linkonce.sb2.*)
 *(.rela.sbss2 .rela.sbss2.* .rela.gnu.linkonce.sb2.*)
 *(.rel.bss .rel.bss.* .rel.gnu.linkonce.b.*)
 *(.rela.bss .rela.bss.* .rela.gnu.linkonce.b.*)
 *(.rel.plt)
 *(.rela.plt)
 *(.rel.dyn)
 *(.init)
 *(.plt)
 *(.text .stub .text.* .gnu.linkonce.t.*)
 .text          0x0000000000000244       0x4c ../slice_bsp//obj/HAL/src/crt0.o
                0x0000000000000244                _start
 .text          0x0000000000000290      0x20c obj/default/addr_mapping.o
                0x0000000000000290                debug_flush
                0x00000000000002b8                start_mapping_listener
 .text          0x000000000000049c      0xe28 obj/default/kroki_cuckoo/cuckoo_hash.o
                0x0000000000000534                cuckoo_hash_init
                0x00000000000005d4                cuckoo_hash_destroy
                0x00000000000007f0                cuckoo_hash_lookup
                0x0000000000000858                cuckoo_hash_remove
                0x0000000000001000                cuckoo_hash_insert
                0x00000000000011c0                cuckoo_hash_next
 .text          0x00000000000012c4      0x65c obj/default/kroki_cuckoo/lookup3.o
                0x00000000000012c4                hashlittle2
 .text          0x0000000000001920       0x34 obj/default/main.o
                0x0000000000001920                main
 .text          0x0000000000001954        0x0 /home/ubuntu/intelFPGA_lite/16.1/nios2eds/bin/gnu/H-x86_64-pc-linux-gnu/bin/../lib/gcc/nios2-elf/5.3.0/../../../../../H-x86_64-pc-linux-gnu/nios2-elf/lib/libc.a(lib_a-assert.o)
 .text.__assert_func
                0x0000000000001954       0x68 /home/ubuntu/intelFPGA_lite/16.1/nios2eds/bin/gnu/H-x86_64-pc-linux-gnu/bin/../lib/gcc/nios2-elf/5.3.0/../../../../../H-x86_64-pc-linux-gnu/nios2-elf/lib/libc.a(lib_a-assert.o)
                0x0000000000001954                __assert_func
 .text.__assert
                0x00000000000019bc       0x14 /home/ubuntu/intelFPGA_lite/16.1/nios2eds/bin/gnu/H-x86_64-pc-linux-gnu/bin/../lib/gcc/nios2-elf/5.3.0/../../../../../H-x86_64-pc-linux-gnu/nios2-elf/lib/libc.a(lib_a-assert.o)
                0x00000000000019bc                __assert
 .text          0x00000000000019d0        0x0 /home/ubuntu/intelFPGA_lite/16.1/nios2eds/bin/gnu/H-x86_64-pc-linux-gnu/bin/../lib/gcc/nios2-elf/5.3.0/../../../../../H-x86_64-pc-linux-gnu/nios2-elf/lib/libc.a(lib_a-calloc.o)
 .text.calloc   0x00000000000019d0       0x18 /home/ubuntu/intelFPGA_lite/16.1/nios2eds/bin/gnu/H-x86_64-pc-linux-gnu/bin/../lib/gcc/nios2-elf/5.3.0/../../../../../H-x86_64-pc-linux-gnu/nios2-elf/lib/libc.a(lib_a-calloc.o)
                0x00000000000019d0                calloc
 .text          0x00000000000019e8        0x0 /home/ubuntu/intelFPGA_lite/16.1/nios2eds/bin/gnu/H-x86_64-pc-linux-gnu/bin/../lib/gcc/nios2-elf/5.3.0/../../../../../H-x86_64-pc-linux-gnu/nios2-elf/lib/libc.a(lib_a-callocr.o)
 .text._calloc_r
                0x00000000000019e8       0xc4 /home/ubuntu/intelFPGA_lite/16.1/nios2eds/bin/gnu/H-x86_64-pc-linux-gnu/bin/../lib/gcc/nios2-elf/5.3.0/../../../../../H-x86_64-pc-linux-gnu/nios2-elf/lib/libc.a(lib_a-callocr.o)
                0x00000000000019e8                _calloc_r
 .text          0x0000000000001aac        0x0 /home/ubuntu/intelFPGA_lite/16.1/nios2eds/bin/gnu/H-x86_64-pc-linux-gnu/bin/../lib/gcc/nios2-elf/5.3.0/../../../../../H-x86_64-pc-linux-gnu/nios2-elf/lib/libc.a(lib_a-exit.o)
 .text.exit     0x0000000000001aac       0x38 /home/ubuntu/intelFPGA_lite/16.1/nios2eds/bin/gnu/H-x86_64-pc-linux-gnu/bin/../lib/gcc/nios2-elf/5.3.0/../../../../../H-x86_64-pc-linux-gnu/nios2-elf/lib/libc.a(lib_a-exit.o)
                0x0000000000001aac                exit
 .text          0x0000000000001ae4        0x0 /home/ubuntu/intelFPGA_lite/16.1/nios2eds/bin/gnu/H-x86_64-pc-linux-gnu/bin/../lib/gcc/nios2-elf/5.3.0/../../../../../H-x86_64-pc-linux-gnu/nios2-elf/lib/libc.a(lib_a-fiprintf.o)
 .text._fiprintf_r
                0x0000000000001ae4       0x20 /home/ubuntu/intelFPGA_lite/16.1/nios2eds/bin/gnu/H-x86_64-pc-linux-gnu/bin/../lib/gcc/nios2-elf/5.3.0/../../../../../H-x86_64-pc-linux-gnu/nios2-elf/lib/libc.a(lib_a-fiprintf.o)
                0x0000000000001ae4                _fiprintf_r
 .text.fiprintf
                0x0000000000001b04       0x3c /home/ubuntu/intelFPGA_lite/16.1/nios2eds/bin/gnu/H-x86_64-pc-linux-gnu/bin/../lib/gcc/nios2-elf/5.3.0/../../../../../H-x86_64-pc-linux-gnu/nios2-elf/lib/libc.a(lib_a-fiprintf.o)
                0x0000000000001b04                fiprintf
 .text          0x0000000000001b40        0x0 /home/ubuntu/intelFPGA_lite/16.1/nios2eds/bin/gnu/H-x86_64-pc-linux-gnu/bin/../lib/gcc/nios2-elf/5.3.0/../../../../../H-x86_64-pc-linux-gnu/nios2-elf/lib/libc.a(lib_a-fwrite.o)
 .text._fwrite_r
                0x0000000000001b40       0xcc /home/ubuntu/intelFPGA_lite/16.1/nios2eds/bin/gnu/H-x86_64-pc-linux-gnu/bin/../lib/gcc/nios2-elf/5.3.0/../../../../../H-x86_64-pc-linux-gnu/nios2-elf/lib/libc.a(lib_a-fwrite.o)
                0x0000000000001b40                _fwrite_r
 .text.fwrite   0x0000000000001c0c       0x34 /home/ubuntu/intelFPGA_lite/16.1/nios2eds/bin/gnu/H-x86_64-pc-linux-gnu/bin/../lib/gcc/nios2-elf/5.3.0/../../../../../H-x86_64-pc-linux-gnu/nios2-elf/lib/libc.a(lib_a-fwrite.o)
                0x0000000000001c0c                fwrite
 .text          0x0000000000001c40        0x0 /home/ubuntu/intelFPGA_lite/16.1/nios2eds/bin/gnu/H-x86_64-pc-linux-gnu/bin/../lib/gcc/nios2-elf/5.3.0/../../../../../H-x86_64-pc-linux-gnu/nios2-elf/lib/libc.a(lib_a-impure.o)
 .text          0x0000000000001c40        0x0 /home/ubuntu/intelFPGA_lite/16.1/nios2eds/bin/gnu/H-x86_64-pc-linux-gnu/bin/../lib/gcc/nios2-elf/5.3.0/../../../../../H-x86_64-pc-linux-gnu/nios2-elf/lib/libc.a(lib_a-malloc.o)
 .text.malloc   0x0000000000001c40       0x14 /home/ubuntu/intelFPGA_lite/16.1/nios2eds/bin/gnu/H-x86_64-pc-linux-gnu/bin/../lib/gcc/nios2-elf/5.3.0/../../../../../H-x86_64-pc-linux-gnu/nios2-elf/lib/libc.a(lib_a-malloc.o)
                0x0000000000001c40                malloc
 .text.free     0x0000000000001c54       0x14 /home/ubuntu/intelFPGA_lite/16.1/nios2eds/bin/gnu/H-x86_64-pc-linux-gnu/bin/../lib/gcc/nios2-elf/5.3.0/../../../../../H-x86_64-pc-linux-gnu/nios2-elf/lib/libc.a(lib_a-malloc.o)
                0x0000000000001c54                free
 .text          0x0000000000001c68        0x0 /home/ubuntu/intelFPGA_lite/16.1/nios2eds/bin/gnu/H-x86_64-pc-linux-gnu/bin/../lib/gcc/nios2-elf/5.3.0/../../../../../H-x86_64-pc-linux-gnu/nios2-elf/lib/libc.a(lib_a-mallocr.o)
 .text._malloc_r
                0x0000000000001c68      0x80c /home/ubuntu/intelFPGA_lite/16.1/nios2eds/bin/gnu/H-x86_64-pc-linux-gnu/bin/../lib/gcc/nios2-elf/5.3.0/../../../../../H-x86_64-pc-linux-gnu/nios2-elf/lib/libc.a(lib_a-mallocr.o)
                0x0000000000001c68                _malloc_r
 .text          0x0000000000002474        0x0 /home/ubuntu/intelFPGA_lite/16.1/nios2eds/bin/gnu/H-x86_64-pc-linux-gnu/bin/../lib/gcc/nios2-elf/5.3.0/../../../../../H-x86_64-pc-linux-gnu/nios2-elf/lib/libc.a(lib_a-memcmp.o)
 .text.memcmp   0x0000000000002474       0x7c /home/ubuntu/intelFPGA_lite/16.1/nios2eds/bin/gnu/H-x86_64-pc-linux-gnu/bin/../lib/gcc/nios2-elf/5.3.0/../../../../../H-x86_64-pc-linux-gnu/nios2-elf/lib/libc.a(lib_a-memcmp.o)
                0x0000000000002474                memcmp
 .text          0x00000000000024f0        0x0 /home/ubuntu/intelFPGA_lite/16.1/nios2eds/bin/gnu/H-x86_64-pc-linux-gnu/bin/../lib/gcc/nios2-elf/5.3.0/../../../../../H-x86_64-pc-linux-gnu/nios2-elf/lib/libc.a(lib_a-memcpy.o)
 .text.memcpy   0x00000000000024f0      0x148 /home/ubuntu/intelFPGA_lite/16.1/nios2eds/bin/gnu/H-x86_64-pc-linux-gnu/bin/../lib/gcc/nios2-elf/5.3.0/../../../../../H-x86_64-pc-linux-gnu/nios2-elf/lib/libc.a(lib_a-memcpy.o)
                0x00000000000024f0                memcpy
 .text          0x0000000000002638        0x0 /home/ubuntu/intelFPGA_lite/16.1/nios2eds/bin/gnu/H-x86_64-pc-linux-gnu/bin/../lib/gcc/nios2-elf/5.3.0/../../../../../H-x86_64-pc-linux-gnu/nios2-elf/lib/libc.a(lib_a-memmove.o)
 .text.memmove  0x0000000000002638      0x15c /home/ubuntu/intelFPGA_lite/16.1/nios2eds/bin/gnu/H-x86_64-pc-linux-gnu/bin/../lib/gcc/nios2-elf/5.3.0/../../../../../H-x86_64-pc-linux-gnu/nios2-elf/lib/libc.a(lib_a-memmove.o)
                0x0000000000002638                memmove
 .text          0x0000000000002794        0x0 /home/ubuntu/intelFPGA_lite/16.1/nios2eds/bin/gnu/H-x86_64-pc-linux-gnu/bin/../lib/gcc/nios2-elf/5.3.0/../../../../../H-x86_64-pc-linux-gnu/nios2-elf/lib/libc.a(lib_a-memset.o)
 .text.memset   0x0000000000002794      0x128 /home/ubuntu/intelFPGA_lite/16.1/nios2eds/bin/gnu/H-x86_64-pc-linux-gnu/bin/../lib/gcc/nios2-elf/5.3.0/../../../../../H-x86_64-pc-linux-gnu/nios2-elf/lib/libc.a(lib_a-memset.o)
                0x0000000000002794                memset
 .text          0x00000000000028bc        0x0 /home/ubuntu/intelFPGA_lite/16.1/nios2eds/bin/gnu/H-x86_64-pc-linux-gnu/bin/../lib/gcc/nios2-elf/5.3.0/../../../../../H-x86_64-pc-linux-gnu/nios2-elf/lib/libc.a(lib_a-puts.o)
 .text._puts_r  0x00000000000028bc       0xc0 /home/ubuntu/intelFPGA_lite/16.1/nios2eds/bin/gnu/H-x86_64-pc-linux-gnu/bin/../lib/gcc/nios2-elf/5.3.0/../../../../../H-x86_64-pc-linux-gnu/nios2-elf/lib/libc.a(lib_a-puts.o)
                0x00000000000028bc                _puts_r
 .text.puts     0x000000000000297c       0x14 /home/ubuntu/intelFPGA_lite/16.1/nios2eds/bin/gnu/H-x86_64-pc-linux-gnu/bin/../lib/gcc/nios2-elf/5.3.0/../../../../../H-x86_64-pc-linux-gnu/nios2-elf/lib/libc.a(lib_a-puts.o)
                0x000000000000297c                puts
 .text          0x0000000000002990        0x0 /home/ubuntu/intelFPGA_lite/16.1/nios2eds/bin/gnu/H-x86_64-pc-linux-gnu/bin/../lib/gcc/nios2-elf/5.3.0/../../../../../H-x86_64-pc-linux-gnu/nios2-elf/lib/libc.a(lib_a-realloc.o)
 .text.realloc  0x0000000000002990       0x18 /home/ubuntu/intelFPGA_lite/16.1/nios2eds/bin/gnu/H-x86_64-pc-linux-gnu/bin/../lib/gcc/nios2-elf/5.3.0/../../../../../H-x86_64-pc-linux-gnu/nios2-elf/lib/libc.a(lib_a-realloc.o)
                0x0000000000002990                realloc
 .text          0x00000000000029a8        0x0 /home/ubuntu/intelFPGA_lite/16.1/nios2eds/bin/gnu/H-x86_64-pc-linux-gnu/bin/../lib/gcc/nios2-elf/5.3.0/../../../../../H-x86_64-pc-linux-gnu/nios2-elf/lib/libc.a(lib_a-reallocr.o)
 .text._realloc_r
                0x00000000000029a8      0x564 /home/ubuntu/intelFPGA_lite/16.1/nios2eds/bin/gnu/H-x86_64-pc-linux-gnu/bin/../lib/gcc/nios2-elf/5.3.0/../../../../../H-x86_64-pc-linux-gnu/nios2-elf/lib/libc.a(lib_a-reallocr.o)
                0x00000000000029a8                _realloc_r
 .text          0x0000000000002f0c        0x0 /home/ubuntu/intelFPGA_lite/16.1/nios2eds/bin/gnu/H-x86_64-pc-linux-gnu/bin/../lib/gcc/nios2-elf/5.3.0/../../../../../H-x86_64-pc-linux-gnu/nios2-elf/lib/libc.a(lib_a-sbrkr.o)
 .text._sbrk_r  0x0000000000002f0c       0x54 /home/ubuntu/intelFPGA_lite/16.1/nios2eds/bin/gnu/H-x86_64-pc-linux-gnu/bin/../lib/gcc/nios2-elf/5.3.0/../../../../../H-x86_64-pc-linux-gnu/nios2-elf/lib/libc.a(lib_a-sbrkr.o)
                0x0000000000002f0c                _sbrk_r
 .text          0x0000000000002f60        0x0 /home/ubuntu/intelFPGA_lite/16.1/nios2eds/bin/gnu/H-x86_64-pc-linux-gnu/bin/../lib/gcc/nios2-elf/5.3.0/../../../../../H-x86_64-pc-linux-gnu/nios2-elf/lib/libc.a(lib_a-strlen.o)
 .text.strlen   0x0000000000002f60       0x98 /home/ubuntu/intelFPGA_lite/16.1/nios2eds/bin/gnu/H-x86_64-pc-linux-gnu/bin/../lib/gcc/nios2-elf/5.3.0/../../../../../H-x86_64-pc-linux-gnu/nios2-elf/lib/libc.a(lib_a-strlen.o)
                0x0000000000002f60                strlen
 .text          0x0000000000002ff8        0x0 /home/ubuntu/intelFPGA_lite/16.1/nios2eds/bin/gnu/H-x86_64-pc-linux-gnu/bin/../lib/gcc/nios2-elf/5.3.0/../../../../../H-x86_64-pc-linux-gnu/nios2-elf/lib/libc.a(lib_a-vfiprintfr_1.o)
 .text._vfiprintf_r
                0x0000000000002ff8       0x18 /home/ubuntu/intelFPGA_lite/16.1/nios2eds/bin/gnu/H-x86_64-pc-linux-gnu/bin/../lib/gcc/nios2-elf/5.3.0/../../../../../H-x86_64-pc-linux-gnu/nios2-elf/lib/libc.a(lib_a-vfiprintfr_1.o)
                0x0000000000002ff8                _vfiprintf_r
 .text          0x0000000000003010        0x0 /home/ubuntu/intelFPGA_lite/16.1/nios2eds/bin/gnu/H-x86_64-pc-linux-gnu/bin/../lib/gcc/nios2-elf/5.3.0/../../../../../H-x86_64-pc-linux-gnu/nios2-elf/lib/libc.a(lib_a-__call_atexit.o)
 .text.__call_exitprocs
                0x0000000000003010      0x180 /home/ubuntu/intelFPGA_lite/16.1/nios2eds/bin/gnu/H-x86_64-pc-linux-gnu/bin/../lib/gcc/nios2-elf/5.3.0/../../../../../H-x86_64-pc-linux-gnu/nios2-elf/lib/libc.a(lib_a-__call_atexit.o)
                0x0000000000003010                __call_exitprocs
 .text          0x0000000000003190        0x0 /home/ubuntu/intelFPGA_lite/16.1/nios2eds/bin/gnu/H-x86_64-pc-linux-gnu/bin/../lib/gcc/nios2-elf/5.3.0/../../../../../H-x86_64-pc-linux-gnu/nios2-elf/lib/libc.a(lib_a-abort.o)
 .text.abort    0x0000000000003190       0x18 /home/ubuntu/intelFPGA_lite/16.1/nios2eds/bin/gnu/H-x86_64-pc-linux-gnu/bin/../lib/gcc/nios2-elf/5.3.0/../../../../../H-x86_64-pc-linux-gnu/nios2-elf/lib/libc.a(lib_a-abort.o)
                0x0000000000003190                abort
 .text          0x00000000000031a8        0x0 /home/ubuntu/intelFPGA_lite/16.1/nios2eds/bin/gnu/H-x86_64-pc-linux-gnu/bin/../lib/gcc/nios2-elf/5.3.0/../../../../../H-x86_64-pc-linux-gnu/nios2-elf/lib/libc.a(lib_a-findfp.o)
 .text.__fp_unlock
                0x00000000000031a8        0x8 /home/ubuntu/intelFPGA_lite/16.1/nios2eds/bin/gnu/H-x86_64-pc-linux-gnu/bin/../lib/gcc/nios2-elf/5.3.0/../../../../../H-x86_64-pc-linux-gnu/nios2-elf/lib/libc.a(lib_a-findfp.o)
 .text._cleanup_r
                0x00000000000031b0        0xc /home/ubuntu/intelFPGA_lite/16.1/nios2eds/bin/gnu/H-x86_64-pc-linux-gnu/bin/../lib/gcc/nios2-elf/5.3.0/../../../../../H-x86_64-pc-linux-gnu/nios2-elf/lib/libc.a(lib_a-findfp.o)
                0x00000000000031b0                _cleanup_r
 .text.__sinit.part.1
                0x00000000000031bc      0x19c /home/ubuntu/intelFPGA_lite/16.1/nios2eds/bin/gnu/H-x86_64-pc-linux-gnu/bin/../lib/gcc/nios2-elf/5.3.0/../../../../../H-x86_64-pc-linux-gnu/nios2-elf/lib/libc.a(lib_a-findfp.o)
 .text.__fp_lock
                0x0000000000003358        0x8 /home/ubuntu/intelFPGA_lite/16.1/nios2eds/bin/gnu/H-x86_64-pc-linux-gnu/bin/../lib/gcc/nios2-elf/5.3.0/../../../../../H-x86_64-pc-linux-gnu/nios2-elf/lib/libc.a(lib_a-findfp.o)
 .text.__sfmoreglue
                0x0000000000003360       0x68 /home/ubuntu/intelFPGA_lite/16.1/nios2eds/bin/gnu/H-x86_64-pc-linux-gnu/bin/../lib/gcc/nios2-elf/5.3.0/../../../../../H-x86_64-pc-linux-gnu/nios2-elf/lib/libc.a(lib_a-findfp.o)
                0x0000000000003360                __sfmoreglue
 .text.__sfp    0x00000000000033c8      0x118 /home/ubuntu/intelFPGA_lite/16.1/nios2eds/bin/gnu/H-x86_64-pc-linux-gnu/bin/../lib/gcc/nios2-elf/5.3.0/../../../../../H-x86_64-pc-linux-gnu/nios2-elf/lib/libc.a(lib_a-findfp.o)
                0x00000000000033c8                __sfp
 .text._cleanup
                0x00000000000034e0       0x18 /home/ubuntu/intelFPGA_lite/16.1/nios2eds/bin/gnu/H-x86_64-pc-linux-gnu/bin/../lib/gcc/nios2-elf/5.3.0/../../../../../H-x86_64-pc-linux-gnu/nios2-elf/lib/libc.a(lib_a-findfp.o)
                0x00000000000034e0                _cleanup
 .text.__sinit  0x00000000000034f8       0x10 /home/ubuntu/intelFPGA_lite/16.1/nios2eds/bin/gnu/H-x86_64-pc-linux-gnu/bin/../lib/gcc/nios2-elf/5.3.0/../../../../../H-x86_64-pc-linux-gnu/nios2-elf/lib/libc.a(lib_a-findfp.o)
                0x00000000000034f8                __sinit
 .text.__sfp_lock_acquire
                0x0000000000003508        0x4 /home/ubuntu/intelFPGA_lite/16.1/nios2eds/bin/gnu/H-x86_64-pc-linux-gnu/bin/../lib/gcc/nios2-elf/5.3.0/../../../../../H-x86_64-pc-linux-gnu/nios2-elf/lib/libc.a(lib_a-findfp.o)
                0x0000000000003508                __sfp_lock_acquire
 .text.__sfp_lock_release
                0x000000000000350c        0x4 /home/ubuntu/intelFPGA_lite/16.1/nios2eds/bin/gnu/H-x86_64-pc-linux-gnu/bin/../lib/gcc/nios2-elf/5.3.0/../../../../../H-x86_64-pc-linux-gnu/nios2-elf/lib/libc.a(lib_a-findfp.o)
                0x000000000000350c                __sfp_lock_release
 .text.__sinit_lock_acquire
                0x0000000000003510        0x4 /home/ubuntu/intelFPGA_lite/16.1/nios2eds/bin/gnu/H-x86_64-pc-linux-gnu/bin/../lib/gcc/nios2-elf/5.3.0/../../../../../H-x86_64-pc-linux-gnu/nios2-elf/lib/libc.a(lib_a-findfp.o)
                0x0000000000003510                __sinit_lock_acquire
 .text.__sinit_lock_release
                0x0000000000003514        0x4 /home/ubuntu/intelFPGA_lite/16.1/nios2eds/bin/gnu/H-x86_64-pc-linux-gnu/bin/../lib/gcc/nios2-elf/5.3.0/../../../../../H-x86_64-pc-linux-gnu/nios2-elf/lib/libc.a(lib_a-findfp.o)
                0x0000000000003514                __sinit_lock_release
 .text.__fp_lock_all
                0x0000000000003518       0x18 /home/ubuntu/intelFPGA_lite/16.1/nios2eds/bin/gnu/H-x86_64-pc-linux-gnu/bin/../lib/gcc/nios2-elf/5.3.0/../../../../../H-x86_64-pc-linux-gnu/nios2-elf/lib/libc.a(lib_a-findfp.o)
                0x0000000000003518                __fp_lock_all
 .text.__fp_unlock_all
                0x0000000000003530       0x18 /home/ubuntu/intelFPGA_lite/16.1/nios2eds/bin/gnu/H-x86_64-pc-linux-gnu/bin/../lib/gcc/nios2-elf/5.3.0/../../../../../H-x86_64-pc-linux-gnu/nios2-elf/lib/libc.a(lib_a-findfp.o)
                0x0000000000003530                __fp_unlock_all
 .text          0x0000000000003548        0x0 /home/ubuntu/intelFPGA_lite/16.1/nios2eds/bin/gnu/H-x86_64-pc-linux-gnu/bin/../lib/gcc/nios2-elf/5.3.0/../../../../../H-x86_64-pc-linux-gnu/nios2-elf/lib/libc.a(lib_a-freer.o)
 .text._malloc_trim_r
                0x0000000000003548      0x124 /home/ubuntu/intelFPGA_lite/16.1/nios2eds/bin/gnu/H-x86_64-pc-linux-gnu/bin/../lib/gcc/nios2-elf/5.3.0/../../../../../H-x86_64-pc-linux-gnu/nios2-elf/lib/libc.a(lib_a-freer.o)
                0x0000000000003548                _malloc_trim_r
 .text._free_r  0x000000000000366c      0x310 /home/ubuntu/intelFPGA_lite/16.1/nios2eds/bin/gnu/H-x86_64-pc-linux-gnu/bin/../lib/gcc/nios2-elf/5.3.0/../../../../../H-x86_64-pc-linux-gnu/nios2-elf/lib/libc.a(lib_a-freer.o)
                0x000000000000366c                _free_r
 .text          0x000000000000397c        0x0 /home/ubuntu/intelFPGA_lite/16.1/nios2eds/bin/gnu/H-x86_64-pc-linux-gnu/bin/../lib/gcc/nios2-elf/5.3.0/../../../../../H-x86_64-pc-linux-gnu/nios2-elf/lib/libc.a(lib_a-fvwrite.o)
 .text.__sfvwrite_r
                0x000000000000397c      0x4bc /home/ubuntu/intelFPGA_lite/16.1/nios2eds/bin/gnu/H-x86_64-pc-linux-gnu/bin/../lib/gcc/nios2-elf/5.3.0/../../../../../H-x86_64-pc-linux-gnu/nios2-elf/lib/libc.a(lib_a-fvwrite.o)
                0x000000000000397c                __sfvwrite_r
 .text          0x0000000000003e38        0x0 /home/ubuntu/intelFPGA_lite/16.1/nios2eds/bin/gnu/H-x86_64-pc-linux-gnu/bin/../lib/gcc/nios2-elf/5.3.0/../../../../../H-x86_64-pc-linux-gnu/nios2-elf/lib/libc.a(lib_a-fwalk.o)
 .text._fwalk   0x0000000000003e38       0xc4 /home/ubuntu/intelFPGA_lite/16.1/nios2eds/bin/gnu/H-x86_64-pc-linux-gnu/bin/../lib/gcc/nios2-elf/5.3.0/../../../../../H-x86_64-pc-linux-gnu/nios2-elf/lib/libc.a(lib_a-fwalk.o)
                0x0000000000003e38                _fwalk
 .text._fwalk_reent
                0x0000000000003efc       0xc4 /home/ubuntu/intelFPGA_lite/16.1/nios2eds/bin/gnu/H-x86_64-pc-linux-gnu/bin/../lib/gcc/nios2-elf/5.3.0/../../../../../H-x86_64-pc-linux-gnu/nios2-elf/lib/libc.a(lib_a-fwalk.o)
                0x0000000000003efc                _fwalk_reent
 .text          0x0000000000003fc0        0x0 /home/ubuntu/intelFPGA_lite/16.1/nios2eds/bin/gnu/H-x86_64-pc-linux-gnu/bin/../lib/gcc/nios2-elf/5.3.0/../../../../../H-x86_64-pc-linux-gnu/nios2-elf/lib/libc.a(lib_a-int_errno.o)
 .text          0x0000000000003fc0        0x0 /home/ubuntu/intelFPGA_lite/16.1/nios2eds/bin/gnu/H-x86_64-pc-linux-gnu/bin/../lib/gcc/nios2-elf/5.3.0/../../../../../H-x86_64-pc-linux-gnu/nios2-elf/lib/libc.a(lib_a-memchr.o)
 .text.memchr   0x0000000000003fc0       0xe4 /home/ubuntu/intelFPGA_lite/16.1/nios2eds/bin/gnu/H-x86_64-pc-linux-gnu/bin/../lib/gcc/nios2-elf/5.3.0/../../../../../H-x86_64-pc-linux-gnu/nios2-elf/lib/libc.a(lib_a-memchr.o)
                0x0000000000003fc0                memchr
 .text          0x00000000000040a4        0x0 /home/ubuntu/intelFPGA_lite/16.1/nios2eds/bin/gnu/H-x86_64-pc-linux-gnu/bin/../lib/gcc/nios2-elf/5.3.0/../../../../../H-x86_64-pc-linux-gnu/nios2-elf/lib/libc.a(lib_a-signal.o)
 .text._init_signal_r
                0x00000000000040a4       0x6c /home/ubuntu/intelFPGA_lite/16.1/nios2eds/bin/gnu/H-x86_64-pc-linux-gnu/bin/../lib/gcc/nios2-elf/5.3.0/../../../../../H-x86_64-pc-linux-gnu/nios2-elf/lib/libc.a(lib_a-signal.o)
                0x00000000000040a4                _init_signal_r
 .text._signal_r
                0x0000000000004110       0x84 /home/ubuntu/intelFPGA_lite/16.1/nios2eds/bin/gnu/H-x86_64-pc-linux-gnu/bin/../lib/gcc/nios2-elf/5.3.0/../../../../../H-x86_64-pc-linux-gnu/nios2-elf/lib/libc.a(lib_a-signal.o)
                0x0000000000004110                _signal_r
 .text._raise_r
                0x0000000000004194       0xbc /home/ubuntu/intelFPGA_lite/16.1/nios2eds/bin/gnu/H-x86_64-pc-linux-gnu/bin/../lib/gcc/nios2-elf/5.3.0/../../../../../H-x86_64-pc-linux-gnu/nios2-elf/lib/libc.a(lib_a-signal.o)
                0x0000000000004194                _raise_r
 .text.__sigtramp_r
                0x0000000000004250       0xa8 /home/ubuntu/intelFPGA_lite/16.1/nios2eds/bin/gnu/H-x86_64-pc-linux-gnu/bin/../lib/gcc/nios2-elf/5.3.0/../../../../../H-x86_64-pc-linux-gnu/nios2-elf/lib/libc.a(lib_a-signal.o)
                0x0000000000004250                __sigtramp_r
 .text.raise    0x00000000000042f8       0x14 /home/ubuntu/intelFPGA_lite/16.1/nios2eds/bin/gnu/H-x86_64-pc-linux-gnu/bin/../lib/gcc/nios2-elf/5.3.0/../../../../../H-x86_64-pc-linux-gnu/nios2-elf/lib/libc.a(lib_a-signal.o)
                0x00000000000042f8                raise
 .text.signal   0x000000000000430c       0x18 /home/ubuntu/intelFPGA_lite/16.1/nios2eds/bin/gnu/H-x86_64-pc-linux-gnu/bin/../lib/gcc/nios2-elf/5.3.0/../../../../../H-x86_64-pc-linux-gnu/nios2-elf/lib/libc.a(lib_a-signal.o)
                0x000000000000430c                signal
 .text._init_signal
                0x0000000000004324       0x10 /home/ubuntu/intelFPGA_lite/16.1/nios2eds/bin/gnu/H-x86_64-pc-linux-gnu/bin/../lib/gcc/nios2-elf/5.3.0/../../../../../H-x86_64-pc-linux-gnu/nios2-elf/lib/libc.a(lib_a-signal.o)
                0x0000000000004324                _init_signal
 .text.__sigtramp
                0x0000000000004334       0x14 /home/ubuntu/intelFPGA_lite/16.1/nios2eds/bin/gnu/H-x86_64-pc-linux-gnu/bin/../lib/gcc/nios2-elf/5.3.0/../../../../../H-x86_64-pc-linux-gnu/nios2-elf/lib/libc.a(lib_a-signal.o)
                0x0000000000004334                __sigtramp
 .text          0x0000000000004348        0x0 /home/ubuntu/intelFPGA_lite/16.1/nios2eds/bin/gnu/H-x86_64-pc-linux-gnu/bin/../lib/gcc/nios2-elf/5.3.0/../../../../../H-x86_64-pc-linux-gnu/nios2-elf/lib/libc.a(lib_a-signalr.o)
 .text._kill_r  0x0000000000004348       0x5c /home/ubuntu/intelFPGA_lite/16.1/nios2eds/bin/gnu/H-x86_64-pc-linux-gnu/bin/../lib/gcc/nios2-elf/5.3.0/../../../../../H-x86_64-pc-linux-gnu/nios2-elf/lib/libc.a(lib_a-signalr.o)
                0x0000000000004348                _kill_r
 .text._getpid_r
                0x00000000000043a4        0x4 /home/ubuntu/intelFPGA_lite/16.1/nios2eds/bin/gnu/H-x86_64-pc-linux-gnu/bin/../lib/gcc/nios2-elf/5.3.0/../../../../../H-x86_64-pc-linux-gnu/nios2-elf/lib/libc.a(lib_a-signalr.o)
                0x00000000000043a4                _getpid_r
 .text          0x00000000000043a8        0x0 /home/ubuntu/intelFPGA_lite/16.1/nios2eds/bin/gnu/H-x86_64-pc-linux-gnu/bin/../lib/gcc/nios2-elf/5.3.0/../../../../../H-x86_64-pc-linux-gnu/nios2-elf/lib/libc.a(lib_a-stdio.o)
 .text.__sread  0x00000000000043a8       0x54 /home/ubuntu/intelFPGA_lite/16.1/nios2eds/bin/gnu/H-x86_64-pc-linux-gnu/bin/../lib/gcc/nios2-elf/5.3.0/../../../../../H-x86_64-pc-linux-gnu/nios2-elf/lib/libc.a(lib_a-stdio.o)
                0x00000000000043a8                __sread
 .text.__seofread
                0x00000000000043fc        0x8 /home/ubuntu/intelFPGA_lite/16.1/nios2eds/bin/gnu/H-x86_64-pc-linux-gnu/bin/../lib/gcc/nios2-elf/5.3.0/../../../../../H-x86_64-pc-linux-gnu/nios2-elf/lib/libc.a(lib_a-stdio.o)
                0x00000000000043fc                __seofread
 .text.__swrite
                0x0000000000004404       0x7c /home/ubuntu/intelFPGA_lite/16.1/nios2eds/bin/gnu/H-x86_64-pc-linux-gnu/bin/../lib/gcc/nios2-elf/5.3.0/../../../../../H-x86_64-pc-linux-gnu/nios2-elf/lib/libc.a(lib_a-stdio.o)
                0x0000000000004404                __swrite
 .text.__sseek  0x0000000000004480       0x5c /home/ubuntu/intelFPGA_lite/16.1/nios2eds/bin/gnu/H-x86_64-pc-linux-gnu/bin/../lib/gcc/nios2-elf/5.3.0/../../../../../H-x86_64-pc-linux-gnu/nios2-elf/lib/libc.a(lib_a-stdio.o)
                0x0000000000004480                __sseek
 .text.__sclose
                0x00000000000044dc        0x8 /home/ubuntu/intelFPGA_lite/16.1/nios2eds/bin/gnu/H-x86_64-pc-linux-gnu/bin/../lib/gcc/nios2-elf/5.3.0/../../../../../H-x86_64-pc-linux-gnu/nios2-elf/lib/libc.a(lib_a-stdio.o)
                0x00000000000044dc                __sclose
 .text          0x00000000000044e4        0x0 /home/ubuntu/intelFPGA_lite/16.1/nios2eds/bin/gnu/H-x86_64-pc-linux-gnu/bin/../lib/gcc/nios2-elf/5.3.0/../../../../../H-x86_64-pc-linux-gnu/nios2-elf/lib/libc.a(lib_a-vfiprintf.o)
 .text.__sprint_r.part.0
                0x00000000000044e4       0xfc /home/ubuntu/intelFPGA_lite/16.1/nios2eds/bin/gnu/H-x86_64-pc-linux-gnu/bin/../lib/gcc/nios2-elf/5.3.0/../../../../../H-x86_64-pc-linux-gnu/nios2-elf/lib/libc.a(lib_a-vfiprintf.o)
 .text.__sprint_r
                0x00000000000045e0       0x18 /home/ubuntu/intelFPGA_lite/16.1/nios2eds/bin/gnu/H-x86_64-pc-linux-gnu/bin/../lib/gcc/nios2-elf/5.3.0/../../../../../H-x86_64-pc-linux-gnu/nios2-elf/lib/libc.a(lib_a-vfiprintf.o)
                0x00000000000045e0                __sprint_r
 .text.___vfiprintf_internal_r
                0x00000000000045f8     0x145c /home/ubuntu/intelFPGA_lite/16.1/nios2eds/bin/gnu/H-x86_64-pc-linux-gnu/bin/../lib/gcc/nios2-elf/5.3.0/../../../../../H-x86_64-pc-linux-gnu/nios2-elf/lib/libc.a(lib_a-vfiprintf.o)
                0x00000000000045f8                ___vfiprintf_internal_r
 .text.__vfiprintf_internal
                0x0000000000005a54       0x1c /home/ubuntu/intelFPGA_lite/16.1/nios2eds/bin/gnu/H-x86_64-pc-linux-gnu/bin/../lib/gcc/nios2-elf/5.3.0/../../../../../H-x86_64-pc-linux-gnu/nios2-elf/lib/libc.a(lib_a-vfiprintf.o)
                0x0000000000005a54                __vfiprintf_internal
 .text.__sbprintf
                0x0000000000005a70       0xbc /home/ubuntu/intelFPGA_lite/16.1/nios2eds/bin/gnu/H-x86_64-pc-linux-gnu/bin/../lib/gcc/nios2-elf/5.3.0/../../../../../H-x86_64-pc-linux-gnu/nios2-elf/lib/libc.a(lib_a-vfiprintf.o)
 .text          0x0000000000005b2c        0x0 /home/ubuntu/intelFPGA_lite/16.1/nios2eds/bin/gnu/H-x86_64-pc-linux-gnu/bin/../lib/gcc/nios2-elf/5.3.0/../../../../../H-x86_64-pc-linux-gnu/nios2-elf/lib/libc.a(lib_a-writer.o)
 .text._write_r
                0x0000000000005b2c       0x60 /home/ubuntu/intelFPGA_lite/16.1/nios2eds/bin/gnu/H-x86_64-pc-linux-gnu/bin/../lib/gcc/nios2-elf/5.3.0/../../../../../H-x86_64-pc-linux-gnu/nios2-elf/lib/libc.a(lib_a-writer.o)
                0x0000000000005b2c                _write_r
 .text          0x0000000000005b8c        0x0 /home/ubuntu/intelFPGA_lite/16.1/nios2eds/bin/gnu/H-x86_64-pc-linux-gnu/bin/../lib/gcc/nios2-elf/5.3.0/../../../../../H-x86_64-pc-linux-gnu/nios2-elf/lib/libc.a(lib_a-wsetup.o)
 .text.__swsetup_r
                0x0000000000005b8c      0x154 /home/ubuntu/intelFPGA_lite/16.1/nios2eds/bin/gnu/H-x86_64-pc-linux-gnu/bin/../lib/gcc/nios2-elf/5.3.0/../../../../../H-x86_64-pc-linux-gnu/nios2-elf/lib/libc.a(lib_a-wsetup.o)
                0x0000000000005b8c                __swsetup_r
 .text          0x0000000000005ce0        0x0 /home/ubuntu/intelFPGA_lite/16.1/nios2eds/bin/gnu/H-x86_64-pc-linux-gnu/bin/../lib/gcc/nios2-elf/5.3.0/../../../../../H-x86_64-pc-linux-gnu/nios2-elf/lib/libc.a(closer.o)
 .text._close_r
                0x0000000000005ce0       0x54 /home/ubuntu/intelFPGA_lite/16.1/nios2eds/bin/gnu/H-x86_64-pc-linux-gnu/bin/../lib/gcc/nios2-elf/5.3.0/../../../../../H-x86_64-pc-linux-gnu/nios2-elf/lib/libc.a(closer.o)
                0x0000000000005ce0                _close_r
 .text          0x0000000000005d34        0x0 /home/ubuntu/intelFPGA_lite/16.1/nios2eds/bin/gnu/H-x86_64-pc-linux-gnu/bin/../lib/gcc/nios2-elf/5.3.0/../../../../../H-x86_64-pc-linux-gnu/nios2-elf/lib/libc.a(lib_a-fclose.o)
 .text._fclose_r
                0x0000000000005d34       0xf0 /home/ubuntu/intelFPGA_lite/16.1/nios2eds/bin/gnu/H-x86_64-pc-linux-gnu/bin/../lib/gcc/nios2-elf/5.3.0/../../../../../H-x86_64-pc-linux-gnu/nios2-elf/lib/libc.a(lib_a-fclose.o)
                0x0000000000005d34                _fclose_r
 .text.fclose   0x0000000000005e24       0x14 /home/ubuntu/intelFPGA_lite/16.1/nios2eds/bin/gnu/H-x86_64-pc-linux-gnu/bin/../lib/gcc/nios2-elf/5.3.0/../../../../../H-x86_64-pc-linux-gnu/nios2-elf/lib/libc.a(lib_a-fclose.o)
                0x0000000000005e24                fclose
 .text          0x0000000000005e38        0x0 /home/ubuntu/intelFPGA_lite/16.1/nios2eds/bin/gnu/H-x86_64-pc-linux-gnu/bin/../lib/gcc/nios2-elf/5.3.0/../../../../../H-x86_64-pc-linux-gnu/nios2-elf/lib/libc.a(lib_a-fflush.o)
 .text.__sflush_r
                0x0000000000005e38      0x21c /home/ubuntu/intelFPGA_lite/16.1/nios2eds/bin/gnu/H-x86_64-pc-linux-gnu/bin/../lib/gcc/nios2-elf/5.3.0/../../../../../H-x86_64-pc-linux-gnu/nios2-elf/lib/libc.a(lib_a-fflush.o)
                0x0000000000005e38                __sflush_r
 .text._fflush_r
                0x0000000000006054       0x5c /home/ubuntu/intelFPGA_lite/16.1/nios2eds/bin/gnu/H-x86_64-pc-linux-gnu/bin/../lib/gcc/nios2-elf/5.3.0/../../../../../H-x86_64-pc-linux-gnu/nios2-elf/lib/libc.a(lib_a-fflush.o)
                0x0000000000006054                _fflush_r
 .text.fflush   0x00000000000060b0       0x30 /home/ubuntu/intelFPGA_lite/16.1/nios2eds/bin/gnu/H-x86_64-pc-linux-gnu/bin/../lib/gcc/nios2-elf/5.3.0/../../../../../H-x86_64-pc-linux-gnu/nios2-elf/lib/libc.a(lib_a-fflush.o)
                0x00000000000060b0                fflush
 .text          0x00000000000060e0        0x0 /home/ubuntu/intelFPGA_lite/16.1/nios2eds/bin/gnu/H-x86_64-pc-linux-gnu/bin/../lib/gcc/nios2-elf/5.3.0/../../../../../H-x86_64-pc-linux-gnu/nios2-elf/lib/libc.a(lib_a-fputwc.o)
 .text.__fputwc
                0x00000000000060e0      0x164 /home/ubuntu/intelFPGA_lite/16.1/nios2eds/bin/gnu/H-x86_64-pc-linux-gnu/bin/../lib/gcc/nios2-elf/5.3.0/../../../../../H-x86_64-pc-linux-gnu/nios2-elf/lib/libc.a(lib_a-fputwc.o)
                0x00000000000060e0                __fputwc
 .text._fputwc_r
                0x0000000000006244       0x24 /home/ubuntu/intelFPGA_lite/16.1/nios2eds/bin/gnu/H-x86_64-pc-linux-gnu/bin/../lib/gcc/nios2-elf/5.3.0/../../../../../H-x86_64-pc-linux-gnu/nios2-elf/lib/libc.a(lib_a-fputwc.o)
                0x0000000000006244                _fputwc_r
 .text.fputwc   0x0000000000006268       0x80 /home/ubuntu/intelFPGA_lite/16.1/nios2eds/bin/gnu/H-x86_64-pc-linux-gnu/bin/../lib/gcc/nios2-elf/5.3.0/../../../../../H-x86_64-pc-linux-gnu/nios2-elf/lib/libc.a(lib_a-fputwc.o)
                0x0000000000006268                fputwc
 .text          0x00000000000062e8        0x0 /home/ubuntu/intelFPGA_lite/16.1/nios2eds/bin/gnu/H-x86_64-pc-linux-gnu/bin/../lib/gcc/nios2-elf/5.3.0/../../../../../H-x86_64-pc-linux-gnu/nios2-elf/lib/libc.a(lib_a-locale.o)
 .text._setlocale_r
                0x00000000000062e8       0x7c /home/ubuntu/intelFPGA_lite/16.1/nios2eds/bin/gnu/H-x86_64-pc-linux-gnu/bin/../lib/gcc/nios2-elf/5.3.0/../../../../../H-x86_64-pc-linux-gnu/nios2-elf/lib/libc.a(lib_a-locale.o)
                0x00000000000062e8                _setlocale_r
 .text.__locale_charset
                0x0000000000006364        0xc /home/ubuntu/intelFPGA_lite/16.1/nios2eds/bin/gnu/H-x86_64-pc-linux-gnu/bin/../lib/gcc/nios2-elf/5.3.0/../../../../../H-x86_64-pc-linux-gnu/nios2-elf/lib/libc.a(lib_a-locale.o)
                0x0000000000006364                __locale_charset
 .text.__locale_mb_cur_max
                0x0000000000006370       0x10 /home/ubuntu/intelFPGA_lite/16.1/nios2eds/bin/gnu/H-x86_64-pc-linux-gnu/bin/../lib/gcc/nios2-elf/5.3.0/../../../../../H-x86_64-pc-linux-gnu/nios2-elf/lib/libc.a(lib_a-locale.o)
                0x0000000000006370                __locale_mb_cur_max
 .text.__locale_msgcharset
                0x0000000000006380        0xc /home/ubuntu/intelFPGA_lite/16.1/nios2eds/bin/gnu/H-x86_64-pc-linux-gnu/bin/../lib/gcc/nios2-elf/5.3.0/../../../../../H-x86_64-pc-linux-gnu/nios2-elf/lib/libc.a(lib_a-locale.o)
                0x0000000000006380                __locale_msgcharset
 .text.__locale_cjk_lang
                0x000000000000638c        0x8 /home/ubuntu/intelFPGA_lite/16.1/nios2eds/bin/gnu/H-x86_64-pc-linux-gnu/bin/../lib/gcc/nios2-elf/5.3.0/../../../../../H-x86_64-pc-linux-gnu/nios2-elf/lib/libc.a(lib_a-locale.o)
                0x000000000000638c                __locale_cjk_lang
 .text._localeconv_r
                0x0000000000006394        0xc /home/ubuntu/intelFPGA_lite/16.1/nios2eds/bin/gnu/H-x86_64-pc-linux-gnu/bin/../lib/gcc/nios2-elf/5.3.0/../../../../../H-x86_64-pc-linux-gnu/nios2-elf/lib/libc.a(lib_a-locale.o)
                0x0000000000006394                _localeconv_r
 .text.setlocale
                0x00000000000063a0       0x18 /home/ubuntu/intelFPGA_lite/16.1/nios2eds/bin/gnu/H-x86_64-pc-linux-gnu/bin/../lib/gcc/nios2-elf/5.3.0/../../../../../H-x86_64-pc-linux-gnu/nios2-elf/lib/libc.a(lib_a-locale.o)
                0x00000000000063a0                setlocale
 .text.localeconv
                0x00000000000063b8        0xc /home/ubuntu/intelFPGA_lite/16.1/nios2eds/bin/gnu/H-x86_64-pc-linux-gnu/bin/../lib/gcc/nios2-elf/5.3.0/../../../../../H-x86_64-pc-linux-gnu/nios2-elf/lib/libc.a(lib_a-locale.o)
                0x00000000000063b8                localeconv
 .text          0x00000000000063c4        0x0 /home/ubuntu/intelFPGA_lite/16.1/nios2eds/bin/gnu/H-x86_64-pc-linux-gnu/bin/../lib/gcc/nios2-elf/5.3.0/../../../../../H-x86_64-pc-linux-gnu/nios2-elf/lib/libc.a(lib_a-lseekr.o)
 .text._lseek_r
                0x00000000000063c4       0x60 /home/ubuntu/intelFPGA_lite/16.1/nios2eds/bin/gnu/H-x86_64-pc-linux-gnu/bin/../lib/gcc/nios2-elf/5.3.0/../../../../../H-x86_64-pc-linux-gnu/nios2-elf/lib/libc.a(lib_a-lseekr.o)
                0x00000000000063c4                _lseek_r
 .text          0x0000000000006424        0x0 /home/ubuntu/intelFPGA_lite/16.1/nios2eds/bin/gnu/H-x86_64-pc-linux-gnu/bin/../lib/gcc/nios2-elf/5.3.0/../../../../../H-x86_64-pc-linux-gnu/nios2-elf/lib/libc.a(lib_a-makebuf.o)
 .text.__smakebuf_r
                0x0000000000006424      0x1bc /home/ubuntu/intelFPGA_lite/16.1/nios2eds/bin/gnu/H-x86_64-pc-linux-gnu/bin/../lib/gcc/nios2-elf/5.3.0/../../../../../H-x86_64-pc-linux-gnu/nios2-elf/lib/libc.a(lib_a-makebuf.o)
                0x0000000000006424                __smakebuf_r
 .text          0x00000000000065e0        0x0 /home/ubuntu/intelFPGA_lite/16.1/nios2eds/bin/gnu/H-x86_64-pc-linux-gnu/bin/../lib/gcc/nios2-elf/5.3.0/../../../../../H-x86_64-pc-linux-gnu/nios2-elf/lib/libc.a(lib_a-readr.o)
 .text._read_r  0x00000000000065e0       0x60 /home/ubuntu/intelFPGA_lite/16.1/nios2eds/bin/gnu/H-x86_64-pc-linux-gnu/bin/../lib/gcc/nios2-elf/5.3.0/../../../../../H-x86_64-pc-linux-gnu/nios2-elf/lib/libc.a(lib_a-readr.o)
                0x00000000000065e0                _read_r
 .text          0x0000000000006640        0x0 /home/ubuntu/intelFPGA_lite/16.1/nios2eds/bin/gnu/H-x86_64-pc-linux-gnu/bin/../lib/gcc/nios2-elf/5.3.0/../../../../../H-x86_64-pc-linux-gnu/nios2-elf/lib/libc.a(lib_a-strcmp.o)
 .text.strcmp   0x0000000000006640       0xdc /home/ubuntu/intelFPGA_lite/16.1/nios2eds/bin/gnu/H-x86_64-pc-linux-gnu/bin/../lib/gcc/nios2-elf/5.3.0/../../../../../H-x86_64-pc-linux-gnu/nios2-elf/lib/libc.a(lib_a-strcmp.o)
                0x0000000000006640                strcmp
 .text          0x000000000000671c        0x0 /home/ubuntu/intelFPGA_lite/16.1/nios2eds/bin/gnu/H-x86_64-pc-linux-gnu/bin/../lib/gcc/nios2-elf/5.3.0/../../../../../H-x86_64-pc-linux-gnu/nios2-elf/lib/libc.a(lib_a-wbuf.o)
 .text.__swbuf_r
                0x000000000000671c      0x140 /home/ubuntu/intelFPGA_lite/16.1/nios2eds/bin/gnu/H-x86_64-pc-linux-gnu/bin/../lib/gcc/nios2-elf/5.3.0/../../../../../H-x86_64-pc-linux-gnu/nios2-elf/lib/libc.a(lib_a-wbuf.o)
                0x000000000000671c                __swbuf_r
 .text.__swbuf  0x000000000000685c       0x18 /home/ubuntu/intelFPGA_lite/16.1/nios2eds/bin/gnu/H-x86_64-pc-linux-gnu/bin/../lib/gcc/nios2-elf/5.3.0/../../../../../H-x86_64-pc-linux-gnu/nios2-elf/lib/libc.a(lib_a-wbuf.o)
                0x000000000000685c                __swbuf
 .text          0x0000000000006874        0x0 /home/ubuntu/intelFPGA_lite/16.1/nios2eds/bin/gnu/H-x86_64-pc-linux-gnu/bin/../lib/gcc/nios2-elf/5.3.0/../../../../../H-x86_64-pc-linux-gnu/nios2-elf/lib/libc.a(lib_a-wcrtomb.o)
 .text._wcrtomb_r
                0x0000000000006874       0x9c /home/ubuntu/intelFPGA_lite/16.1/nios2eds/bin/gnu/H-x86_64-pc-linux-gnu/bin/../lib/gcc/nios2-elf/5.3.0/../../../../../H-x86_64-pc-linux-gnu/nios2-elf/lib/libc.a(lib_a-wcrtomb.o)
                0x0000000000006874                _wcrtomb_r
 .text.wcrtomb  0x0000000000006910       0xc0 /home/ubuntu/intelFPGA_lite/16.1/nios2eds/bin/gnu/H-x86_64-pc-linux-gnu/bin/../lib/gcc/nios2-elf/5.3.0/../../../../../H-x86_64-pc-linux-gnu/nios2-elf/lib/libc.a(lib_a-wcrtomb.o)
                0x0000000000006910                wcrtomb
 .text          0x00000000000069d0        0x0 /home/ubuntu/intelFPGA_lite/16.1/nios2eds/bin/gnu/H-x86_64-pc-linux-gnu/bin/../lib/gcc/nios2-elf/5.3.0/../../../../../H-x86_64-pc-linux-gnu/nios2-elf/lib/libc.a(lib_a-wctomb_r.o)
 .text.__ascii_wctomb
                0x00000000000069d0       0x30 /home/ubuntu/intelFPGA_lite/16.1/nios2eds/bin/gnu/H-x86_64-pc-linux-gnu/bin/../lib/gcc/nios2-elf/5.3.0/../../../../../H-x86_64-pc-linux-gnu/nios2-elf/lib/libc.a(lib_a-wctomb_r.o)
                0x00000000000069d0                __ascii_wctomb
 .text._wctomb_r
                0x0000000000006a00       0x5c /home/ubuntu/intelFPGA_lite/16.1/nios2eds/bin/gnu/H-x86_64-pc-linux-gnu/bin/../lib/gcc/nios2-elf/5.3.0/../../../../../H-x86_64-pc-linux-gnu/nios2-elf/lib/libc.a(lib_a-wctomb_r.o)
                0x0000000000006a00                _wctomb_r
 .text          0x0000000000006a5c        0x0 /home/ubuntu/intelFPGA_lite/16.1/nios2eds/bin/gnu/H-x86_64-pc-linux-gnu/bin/../lib/gcc/nios2-elf/5.3.0/../../../../../H-x86_64-pc-linux-gnu/nios2-elf/lib/libc.a(lib_a-fstatr.o)
 .text._fstat_r
                0x0000000000006a5c       0x5c /home/ubuntu/intelFPGA_lite/16.1/nios2eds/bin/gnu/H-x86_64-pc-linux-gnu/bin/../lib/gcc/nios2-elf/5.3.0/../../../../../H-x86_64-pc-linux-gnu/nios2-elf/lib/libc.a(lib_a-fstatr.o)
                0x0000000000006a5c                _fstat_r
 .text          0x0000000000006ab8        0x0 /home/ubuntu/intelFPGA_lite/16.1/nios2eds/bin/gnu/H-x86_64-pc-linux-gnu/bin/../lib/gcc/nios2-elf/5.3.0/../../../../../H-x86_64-pc-linux-gnu/nios2-elf/lib/libc.a(lib_a-isattyr.o)
 .text._isatty_r
                0x0000000000006ab8       0x54 /home/ubuntu/intelFPGA_lite/16.1/nios2eds/bin/gnu/H-x86_64-pc-linux-gnu/bin/../lib/gcc/nios2-elf/5.3.0/../../../../../H-x86_64-pc-linux-gnu/nios2-elf/lib/libc.a(lib_a-isattyr.o)
                0x0000000000006ab8                _isatty_r
 .text          0x0000000000006b0c      0x578 /home/ubuntu/intelFPGA_lite/16.1/nios2eds/bin/gnu/H-x86_64-pc-linux-gnu/bin/../lib/gcc/nios2-elf/5.3.0/libgcc.a(_udivdi3.o)
                0x0000000000006b0c                __udivdi3
 .text          0x0000000000007084      0x538 /home/ubuntu/intelFPGA_lite/16.1/nios2eds/bin/gnu/H-x86_64-pc-linux-gnu/bin/../lib/gcc/nios2-elf/5.3.0/libgcc.a(_umoddi3.o)
                0x0000000000007084                __umoddi3
 .text          0x00000000000075bc      0x1b4 /home/ubuntu/intelFPGA_lite/16.1/nios2eds/bin/gnu/H-x86_64-pc-linux-gnu/bin/../lib/gcc/nios2-elf/5.3.0/libgcc.a(lib2-divmod.o)
                0x00000000000075bc                __divsi3
                0x0000000000007640                __modsi3
                0x00000000000076b4                __udivsi3
                0x0000000000007718                __umodsi3
 .text          0x0000000000007770        0x0 /home/ubuntu/intelFPGA_lite/16.1/nios2eds/bin/gnu/H-x86_64-pc-linux-gnu/bin/../lib/gcc/nios2-elf/5.3.0/libgcc.a(_clz.o)
 .text          0x0000000000007770      0x10c ../slice_bsp//libhal_bsp.a(alt_close.o)
                0x00000000000077ac                close
 .text          0x000000000000787c       0x78 ../slice_bsp//libhal_bsp.a(alt_dcache_flush.o)
                0x000000000000787c                alt_dcache_flush
 .text          0x00000000000078f4       0x2c ../slice_bsp//libhal_bsp.a(alt_dev.o)
 .text          0x0000000000007920        0x0 ../slice_bsp//libhal_bsp.a(alt_errno.o)
 .text          0x0000000000007920       0x34 ../slice_bsp//libhal_bsp.a(alt_exit.o)
                0x0000000000007920                _exit
 .text          0x0000000000007954       0xec ../slice_bsp//libhal_bsp.a(alt_fstat.o)
                0x0000000000007990                fstat
 .text          0x0000000000007a40       0x20 ../slice_bsp//libhal_bsp.a(alt_getpid.o)
                0x0000000000007a40                getpid
 .text          0x0000000000007a60       0xe0 ../slice_bsp//libhal_bsp.a(alt_isatty.o)
                0x0000000000007a9c                isatty
 .text          0x0000000000007b40      0x16c ../slice_bsp//libhal_bsp.a(alt_kill.o)
                0x0000000000007b7c                kill
 .text          0x0000000000007cac       0xec ../slice_bsp//libhal_bsp.a(alt_load.o)
                0x0000000000007d14                alt_load
 .text          0x0000000000007d98      0x110 ../slice_bsp//libhal_bsp.a(alt_lseek.o)
                0x0000000000007dd4                lseek
 .text          0x0000000000007ea8       0x7c ../slice_bsp//libhal_bsp.a(alt_main.o)
                0x0000000000007ea8                alt_main
 .text          0x0000000000007f24       0x48 ../slice_bsp//libhal_bsp.a(alt_malloc_lock.o)
                0x0000000000007f24                __malloc_lock
                0x0000000000007f48                __malloc_unlock
 .text          0x0000000000007f6c      0x138 ../slice_bsp//libhal_bsp.a(alt_read.o)
                0x0000000000007fa8                read
 .text          0x00000000000080a4       0x64 ../slice_bsp//libhal_bsp.a(alt_release_fd.o)
                0x00000000000080a4                alt_release_fd
 .text          0x0000000000008108       0xb0 ../slice_bsp//libhal_bsp.a(alt_sbrk.o)
                0x0000000000008108                sbrk
 .text          0x00000000000081b8      0x134 ../slice_bsp//libhal_bsp.a(alt_write.o)
                0x00000000000081f4                write
 .text          0x00000000000082ec       0xcc ../slice_bsp//libhal_bsp.a(alt_sys_init.o)
                0x0000000000008320                alt_irq_init
                0x0000000000008358                alt_sys_init
 .text          0x00000000000083b8      0x164 ../slice_bsp//libhal_bsp.a(altera_avalon_jtag_uart_fd.o)
                0x00000000000083b8                altera_avalon_jtag_uart_read_fd
                0x0000000000008418                altera_avalon_jtag_uart_write_fd
                0x0000000000008478                altera_avalon_jtag_uart_close_fd
                0x00000000000084c8                altera_avalon_jtag_uart_ioctl_fd
 .text          0x000000000000851c      0x3d4 ../slice_bsp//libhal_bsp.a(altera_avalon_jtag_uart_init.o)
                0x000000000000851c                altera_avalon_jtag_uart_init
                0x0000000000008888                altera_avalon_jtag_uart_close
 .text          0x00000000000088f0       0xf0 ../slice_bsp//libhal_bsp.a(altera_avalon_jtag_uart_ioctl.o)
                0x00000000000088f0                altera_avalon_jtag_uart_ioctl
 .text          0x00000000000089e0      0x21c ../slice_bsp//libhal_bsp.a(altera_avalon_jtag_uart_read.o)
                0x00000000000089e0                altera_avalon_jtag_uart_read
 .text          0x0000000000008bfc      0x224 ../slice_bsp//libhal_bsp.a(altera_avalon_jtag_uart_write.o)
                0x0000000000008bfc                altera_avalon_jtag_uart_write
 .text          0x0000000000008e20       0xf4 ../slice_bsp//libhal_bsp.a(altera_avalon_timer_sc.o)
                0x0000000000008e98                alt_avalon_timer_sc_init
 .text          0x0000000000008f14      0x12c ../slice_bsp//libhal_bsp.a(alt_alarm_start.o)
                0x0000000000008f14                alt_alarm_start
 .text          0x0000000000009040       0x48 ../slice_bsp//libhal_bsp.a(alt_dcache_flush_all.o)
                0x0000000000009040                alt_dcache_flush_all
 .text          0x0000000000009088       0xe0 ../slice_bsp//libhal_bsp.a(alt_dev_llist_insert.o)
                0x00000000000090c4                alt_dev_llist_insert
 .text          0x0000000000009168       0x60 ../slice_bsp//libhal_bsp.a(alt_do_ctors.o)
                0x0000000000009168                _do_ctors
 .text          0x00000000000091c8       0x60 ../slice_bsp//libhal_bsp.a(alt_do_dtors.o)
                0x00000000000091c8                _do_dtors
 .text          0x0000000000009228       0x34 ../slice_bsp//libhal_bsp.a(alt_icache_flush_all.o)
                0x0000000000009228                alt_icache_flush_all
 .text          0x000000000000925c      0x1b0 ../slice_bsp//libhal_bsp.a(alt_iic.o)
                0x000000000000925c                alt_ic_isr_register
                0x00000000000092ac                alt_ic_irq_enable
                0x0000000000009334                alt_ic_irq_disable
                0x00000000000093c0                alt_ic_irq_enabled
 .text          0x000000000000940c       0xf0 ../slice_bsp//libhal_bsp.a(alt_iic_isr_register.o)
                0x000000000000940c                alt_iic_isr_register
 .text          0x00000000000094fc      0x140 ../slice_bsp//libhal_bsp.a(alt_io_redirect.o)
                0x00000000000095c0                alt_io_redirect
 .text          0x000000000000963c        0x0 ../slice_bsp//libhal_bsp.a(alt_irq_entry.o)
 .text          0x000000000000963c        0x0 ../slice_bsp//libhal_bsp.a(alt_irq_handler.o)
 .text          0x000000000000963c        0x0 ../slice_bsp//libhal_bsp.a(alt_irq_vars.o)
 .text          0x000000000000963c      0x254 ../slice_bsp//libhal_bsp.a(alt_open.o)
                0x000000000000973c                open
 .text          0x0000000000009890      0x1a4 ../slice_bsp//libhal_bsp.a(alt_tick.o)
                0x0000000000009890                alt_alarm_stop
                0x000000000000992c                alt_tick
 .text          0x0000000000009a34       0x24 ../slice_bsp//libhal_bsp.a(altera_nios2_gen2_irq.o)
                0x0000000000009a34                altera_nios2_gen2_irq_init
 .text          0x0000000000009a58        0x0 ../slice_bsp//libhal_bsp.a(alt_exception_entry.o)
 .text          0x0000000000009a58       0x90 ../slice_bsp//libhal_bsp.a(alt_find_dev.o)
                0x0000000000009a58                alt_find_dev
 .text          0x0000000000009ae8      0x108 ../slice_bsp//libhal_bsp.a(alt_find_file.o)
                0x0000000000009ae8                alt_find_file
 .text          0x0000000000009bf0       0xa4 ../slice_bsp//libhal_bsp.a(alt_get_fd.o)
                0x0000000000009bf0                alt_get_fd
 .text          0x0000000000009c94       0x90 ../slice_bsp//libhal_bsp.a(alt_icache_flush.o)
                0x0000000000009c94                alt_icache_flush
 .text          0x0000000000009d24       0x9c ../slice_bsp//libhal_bsp.a(alt_instruction_exception_entry.o)
                0x0000000000009d24                alt_exception_cause_generated_bad_addr
 .text          0x0000000000009dc0        0x0 /home/ubuntu/intelFPGA_lite/16.1/nios2eds/bin/gnu/H-x86_64-pc-linux-gnu/bin/../lib/gcc/nios2-elf/5.3.0/../../../../../H-x86_64-pc-linux-gnu/nios2-elf/lib/libc.a(lib_a-atexit.o)
 .text.atexit   0x0000000000009dc0       0x14 /home/ubuntu/intelFPGA_lite/16.1/nios2eds/bin/gnu/H-x86_64-pc-linux-gnu/bin/../lib/gcc/nios2-elf/5.3.0/../../../../../H-x86_64-pc-linux-gnu/nios2-elf/lib/libc.a(lib_a-atexit.o)
                0x0000000000009dc0                atexit
 .text          0x0000000000009dd4        0x0 /home/ubuntu/intelFPGA_lite/16.1/nios2eds/bin/gnu/H-x86_64-pc-linux-gnu/bin/../lib/gcc/nios2-elf/5.3.0/../../../../../H-x86_64-pc-linux-gnu/nios2-elf/lib/libc.a(lib_a-__atexit.o)
 .text.__register_exitproc
                0x0000000000009dd4      0x118 /home/ubuntu/intelFPGA_lite/16.1/nios2eds/bin/gnu/H-x86_64-pc-linux-gnu/bin/../lib/gcc/nios2-elf/5.3.0/../../../../../H-x86_64-pc-linux-gnu/nios2-elf/lib/libc.a(lib_a-__atexit.o)
                0x0000000000009dd4                __register_exitproc
 *(.gnu.warning.*)
 *(.fini)
                [!provide]                        PROVIDE (__etext, ABSOLUTE (.))
                [!provide]                        PROVIDE (_etext, ABSOLUTE (.))
                [!provide]                        PROVIDE (etext, ABSOLUTE (.))
 *(.eh_frame_hdr)
                0x0000000000009eec                . = ALIGN (0x4)
                [!provide]                        PROVIDE (__preinit_array_start, ABSOLUTE (.))
 *(.preinit_array)
                [!provide]                        PROVIDE (__preinit_array_end, ABSOLUTE (.))
                [!provide]                        PROVIDE (__init_array_start, ABSOLUTE (.))
 *(.init_array)
                [!provide]                        PROVIDE (__init_array_end, ABSOLUTE (.))
                [!provide]                        PROVIDE (__fini_array_start, ABSOLUTE (.))
 *(.fini_array)
                [!provide]                        PROVIDE (__fini_array_end, ABSOLUTE (.))
 *(.eh_frame)
 *(.gcc_except_table .gcc_except_table.*)
 *(.dynamic)
                0x0000000000009eec                PROVIDE (__CTOR_LIST__, ABSOLUTE (.))
 *(.ctors)
 *(SORT(.ctors.*))
                0x0000000000009eec                PROVIDE (__CTOR_END__, ABSOLUTE (.))
                0x0000000000009eec                PROVIDE (__DTOR_LIST__, ABSOLUTE (.))
 *(.dtors)
 *(SORT(.dtors.*))
                0x0000000000009eec                PROVIDE (__DTOR_END__, ABSOLUTE (.))
 *(.jcr)
                0x0000000000009eec                . = ALIGN (0x4)

.rodata         0x0000000000009eec      0x310
                0x0000000000009eec                PROVIDE (__ram_rodata_start, ABSOLUTE (.))
                0x0000000000009eec                . = ALIGN (0x4)
 *(.rodata .rodata.* .gnu.linkonce.r.*)
 .rodata        0x0000000000009eec       0x67 obj/default/addr_mapping.o
 *fill*         0x0000000000009f53        0x1 
 .rodata        0x0000000000009f54       0xd7 obj/default/kroki_cuckoo/cuckoo_hash.o
 *fill*         0x000000000000a02b        0x1 
 .rodata.str1.4
                0x000000000000a02c       0x3f /home/ubuntu/intelFPGA_lite/16.1/nios2eds/bin/gnu/H-x86_64-pc-linux-gnu/bin/../lib/gcc/nios2-elf/5.3.0/../../../../../H-x86_64-pc-linux-gnu/nios2-elf/lib/libc.a(lib_a-assert.o)
                                         0x43 (size before relaxing)
 *fill*         0x000000000000a06b        0x1 
 .rodata.str1.4
                0x000000000000a06c        0x2 /home/ubuntu/intelFPGA_lite/16.1/nios2eds/bin/gnu/H-x86_64-pc-linux-gnu/bin/../lib/gcc/nios2-elf/5.3.0/../../../../../H-x86_64-pc-linux-gnu/nios2-elf/lib/libc.a(lib_a-impure.o)
 *fill*         0x000000000000a06e        0x2 
 .rodata.str1.4
                0x000000000000a070        0x2 /home/ubuntu/intelFPGA_lite/16.1/nios2eds/bin/gnu/H-x86_64-pc-linux-gnu/bin/../lib/gcc/nios2-elf/5.3.0/../../../../../H-x86_64-pc-linux-gnu/nios2-elf/lib/libc.a(lib_a-puts.o)
 *fill*         0x000000000000a072        0x2 
 .rodata.str1.4
                0x000000000000a074       0x2f /home/ubuntu/intelFPGA_lite/16.1/nios2eds/bin/gnu/H-x86_64-pc-linux-gnu/bin/../lib/gcc/nios2-elf/5.3.0/../../../../../H-x86_64-pc-linux-gnu/nios2-elf/lib/libc.a(lib_a-vfiprintf.o)
 .rodata.zeroes.4349
                0x000000000000a0a3       0x10 /home/ubuntu/intelFPGA_lite/16.1/nios2eds/bin/gnu/H-x86_64-pc-linux-gnu/bin/../lib/gcc/nios2-elf/5.3.0/../../../../../H-x86_64-pc-linux-gnu/nios2-elf/lib/libc.a(lib_a-vfiprintf.o)
 .rodata.blanks.4348
                0x000000000000a0b3       0x10 /home/ubuntu/intelFPGA_lite/16.1/nios2eds/bin/gnu/H-x86_64-pc-linux-gnu/bin/../lib/gcc/nios2-elf/5.3.0/../../../../../H-x86_64-pc-linux-gnu/nios2-elf/lib/libc.a(lib_a-vfiprintf.o)
 *fill*         0x000000000000a0c3        0x1 
 .rodata.str1.4
                0x000000000000a0c4        0xc /home/ubuntu/intelFPGA_lite/16.1/nios2eds/bin/gnu/H-x86_64-pc-linux-gnu/bin/../lib/gcc/nios2-elf/5.3.0/../../../../../H-x86_64-pc-linux-gnu/nios2-elf/lib/libc.a(lib_a-locale.o)
                                         0x12 (size before relaxing)
 .rodata        0x000000000000a0d0      0x100 /home/ubuntu/intelFPGA_lite/16.1/nios2eds/bin/gnu/H-x86_64-pc-linux-gnu/bin/../lib/gcc/nios2-elf/5.3.0/libgcc.a(_clz.o)
                0x000000000000a0d0                __clz_tab
 .rodata        0x000000000000a1d0        0xa ../slice_bsp//libhal_bsp.a(alt_dev.o)
 *fill*         0x000000000000a1da        0x2 
 .rodata        0x000000000000a1dc        0xf ../slice_bsp//libhal_bsp.a(alt_main.o)
 *fill*         0x000000000000a1eb        0x1 
 .rodata        0x000000000000a1ec        0xf ../slice_bsp//libhal_bsp.a(alt_sys_init.o)
 *(.rodata1)
                0x000000000000a1fc                . = ALIGN (0x4)
 *fill*         0x000000000000a1fb        0x1 
                0x000000000000a1fc                PROVIDE (__ram_rodata_end, ABSOLUTE (.))
                0x0000000000009eec                PROVIDE (__flash_rodata_start, LOADADDR (.rodata))

.rwdata         0x000000000000a1fc     0x1af0 load address 0x000000000000bcec
                0x000000000000a1fc                PROVIDE (__ram_rwdata_start, ABSOLUTE (.))
                0x000000000000a1fc                . = ALIGN (0x4)
 *(.got.plt)
 *(.got)
 *(.data1)
 *(.data .data.* .gnu.linkonce.d.*)
 .data          0x000000000000a1fc        0x0 ../slice_bsp//obj/HAL/src/crt0.o
 .data          0x000000000000a1fc        0x0 obj/default/addr_mapping.o
 .data          0x000000000000a1fc        0x0 obj/default/kroki_cuckoo/cuckoo_hash.o
 .data          0x000000000000a1fc        0x0 obj/default/kroki_cuckoo/lookup3.o
 .data          0x000000000000a1fc        0x0 obj/default/main.o
 .data          0x000000000000a1fc        0x0 /home/ubuntu/intelFPGA_lite/16.1/nios2eds/bin/gnu/H-x86_64-pc-linux-gnu/bin/../lib/gcc/nios2-elf/5.3.0/../../../../../H-x86_64-pc-linux-gnu/nios2-elf/lib/libc.a(lib_a-assert.o)
 .data          0x000000000000a1fc        0x0 /home/ubuntu/intelFPGA_lite/16.1/nios2eds/bin/gnu/H-x86_64-pc-linux-gnu/bin/../lib/gcc/nios2-elf/5.3.0/../../../../../H-x86_64-pc-linux-gnu/nios2-elf/lib/libc.a(lib_a-calloc.o)
 .data          0x000000000000a1fc        0x0 /home/ubuntu/intelFPGA_lite/16.1/nios2eds/bin/gnu/H-x86_64-pc-linux-gnu/bin/../lib/gcc/nios2-elf/5.3.0/../../../../../H-x86_64-pc-linux-gnu/nios2-elf/lib/libc.a(lib_a-callocr.o)
 .data          0x000000000000a1fc        0x0 /home/ubuntu/intelFPGA_lite/16.1/nios2eds/bin/gnu/H-x86_64-pc-linux-gnu/bin/../lib/gcc/nios2-elf/5.3.0/../../../../../H-x86_64-pc-linux-gnu/nios2-elf/lib/libc.a(lib_a-exit.o)
 .data          0x000000000000a1fc        0x0 /home/ubuntu/intelFPGA_lite/16.1/nios2eds/bin/gnu/H-x86_64-pc-linux-gnu/bin/../lib/gcc/nios2-elf/5.3.0/../../../../../H-x86_64-pc-linux-gnu/nios2-elf/lib/libc.a(lib_a-fiprintf.o)
 .data          0x000000000000a1fc        0x0 /home/ubuntu/intelFPGA_lite/16.1/nios2eds/bin/gnu/H-x86_64-pc-linux-gnu/bin/../lib/gcc/nios2-elf/5.3.0/../../../../../H-x86_64-pc-linux-gnu/nios2-elf/lib/libc.a(lib_a-fwrite.o)
 .data          0x000000000000a1fc        0x0 /home/ubuntu/intelFPGA_lite/16.1/nios2eds/bin/gnu/H-x86_64-pc-linux-gnu/bin/../lib/gcc/nios2-elf/5.3.0/../../../../../H-x86_64-pc-linux-gnu/nios2-elf/lib/libc.a(lib_a-impure.o)
 .data.impure_data
                0x000000000000a1fc      0x424 /home/ubuntu/intelFPGA_lite/16.1/nios2eds/bin/gnu/H-x86_64-pc-linux-gnu/bin/../lib/gcc/nios2-elf/5.3.0/../../../../../H-x86_64-pc-linux-gnu/nios2-elf/lib/libc.a(lib_a-impure.o)
 .data          0x000000000000a620        0x0 /home/ubuntu/intelFPGA_lite/16.1/nios2eds/bin/gnu/H-x86_64-pc-linux-gnu/bin/../lib/gcc/nios2-elf/5.3.0/../../../../../H-x86_64-pc-linux-gnu/nios2-elf/lib/libc.a(lib_a-malloc.o)
 .data          0x000000000000a620        0x0 /home/ubuntu/intelFPGA_lite/16.1/nios2eds/bin/gnu/H-x86_64-pc-linux-gnu/bin/../lib/gcc/nios2-elf/5.3.0/../../../../../H-x86_64-pc-linux-gnu/nios2-elf/lib/libc.a(lib_a-mallocr.o)
 .data.__malloc_av_
                0x000000000000a620      0x408 /home/ubuntu/intelFPGA_lite/16.1/nios2eds/bin/gnu/H-x86_64-pc-linux-gnu/bin/../lib/gcc/nios2-elf/5.3.0/../../../../../H-x86_64-pc-linux-gnu/nios2-elf/lib/libc.a(lib_a-mallocr.o)
                0x000000000000a620                __malloc_av_
 .data          0x000000000000aa28        0x0 /home/ubuntu/intelFPGA_lite/16.1/nios2eds/bin/gnu/H-x86_64-pc-linux-gnu/bin/../lib/gcc/nios2-elf/5.3.0/../../../../../H-x86_64-pc-linux-gnu/nios2-elf/lib/libc.a(lib_a-memcmp.o)
 .data          0x000000000000aa28        0x0 /home/ubuntu/intelFPGA_lite/16.1/nios2eds/bin/gnu/H-x86_64-pc-linux-gnu/bin/../lib/gcc/nios2-elf/5.3.0/../../../../../H-x86_64-pc-linux-gnu/nios2-elf/lib/libc.a(lib_a-memcpy.o)
 .data          0x000000000000aa28        0x0 /home/ubuntu/intelFPGA_lite/16.1/nios2eds/bin/gnu/H-x86_64-pc-linux-gnu/bin/../lib/gcc/nios2-elf/5.3.0/../../../../../H-x86_64-pc-linux-gnu/nios2-elf/lib/libc.a(lib_a-memmove.o)
 .data          0x000000000000aa28        0x0 /home/ubuntu/intelFPGA_lite/16.1/nios2eds/bin/gnu/H-x86_64-pc-linux-gnu/bin/../lib/gcc/nios2-elf/5.3.0/../../../../../H-x86_64-pc-linux-gnu/nios2-elf/lib/libc.a(lib_a-memset.o)
 .data          0x000000000000aa28        0x0 /home/ubuntu/intelFPGA_lite/16.1/nios2eds/bin/gnu/H-x86_64-pc-linux-gnu/bin/../lib/gcc/nios2-elf/5.3.0/../../../../../H-x86_64-pc-linux-gnu/nios2-elf/lib/libc.a(lib_a-puts.o)
 .data          0x000000000000aa28        0x0 /home/ubuntu/intelFPGA_lite/16.1/nios2eds/bin/gnu/H-x86_64-pc-linux-gnu/bin/../lib/gcc/nios2-elf/5.3.0/../../../../../H-x86_64-pc-linux-gnu/nios2-elf/lib/libc.a(lib_a-realloc.o)
 .data          0x000000000000aa28        0x0 /home/ubuntu/intelFPGA_lite/16.1/nios2eds/bin/gnu/H-x86_64-pc-linux-gnu/bin/../lib/gcc/nios2-elf/5.3.0/../../../../../H-x86_64-pc-linux-gnu/nios2-elf/lib/libc.a(lib_a-reallocr.o)
 .data          0x000000000000aa28        0x0 /home/ubuntu/intelFPGA_lite/16.1/nios2eds/bin/gnu/H-x86_64-pc-linux-gnu/bin/../lib/gcc/nios2-elf/5.3.0/../../../../../H-x86_64-pc-linux-gnu/nios2-elf/lib/libc.a(lib_a-sbrkr.o)
 .data          0x000000000000aa28        0x0 /home/ubuntu/intelFPGA_lite/16.1/nios2eds/bin/gnu/H-x86_64-pc-linux-gnu/bin/../lib/gcc/nios2-elf/5.3.0/../../../../../H-x86_64-pc-linux-gnu/nios2-elf/lib/libc.a(lib_a-strlen.o)
 .data          0x000000000000aa28        0x0 /home/ubuntu/intelFPGA_lite/16.1/nios2eds/bin/gnu/H-x86_64-pc-linux-gnu/bin/../lib/gcc/nios2-elf/5.3.0/../../../../../H-x86_64-pc-linux-gnu/nios2-elf/lib/libc.a(lib_a-vfiprintfr_1.o)
 .data          0x000000000000aa28        0x0 /home/ubuntu/intelFPGA_lite/16.1/nios2eds/bin/gnu/H-x86_64-pc-linux-gnu/bin/../lib/gcc/nios2-elf/5.3.0/../../../../../H-x86_64-pc-linux-gnu/nios2-elf/lib/libc.a(lib_a-__call_atexit.o)
 .data          0x000000000000aa28        0x0 /home/ubuntu/intelFPGA_lite/16.1/nios2eds/bin/gnu/H-x86_64-pc-linux-gnu/bin/../lib/gcc/nios2-elf/5.3.0/../../../../../H-x86_64-pc-linux-gnu/nios2-elf/lib/libc.a(lib_a-abort.o)
 .data          0x000000000000aa28        0x0 /home/ubuntu/intelFPGA_lite/16.1/nios2eds/bin/gnu/H-x86_64-pc-linux-gnu/bin/../lib/gcc/nios2-elf/5.3.0/../../../../../H-x86_64-pc-linux-gnu/nios2-elf/lib/libc.a(lib_a-findfp.o)
 .data          0x000000000000aa28        0x0 /home/ubuntu/intelFPGA_lite/16.1/nios2eds/bin/gnu/H-x86_64-pc-linux-gnu/bin/../lib/gcc/nios2-elf/5.3.0/../../../../../H-x86_64-pc-linux-gnu/nios2-elf/lib/libc.a(lib_a-freer.o)
 .data          0x000000000000aa28        0x0 /home/ubuntu/intelFPGA_lite/16.1/nios2eds/bin/gnu/H-x86_64-pc-linux-gnu/bin/../lib/gcc/nios2-elf/5.3.0/../../../../../H-x86_64-pc-linux-gnu/nios2-elf/lib/libc.a(lib_a-fvwrite.o)
 .data          0x000000000000aa28        0x0 /home/ubuntu/intelFPGA_lite/16.1/nios2eds/bin/gnu/H-x86_64-pc-linux-gnu/bin/../lib/gcc/nios2-elf/5.3.0/../../../../../H-x86_64-pc-linux-gnu/nios2-elf/lib/libc.a(lib_a-fwalk.o)
 .data          0x000000000000aa28        0x0 /home/ubuntu/intelFPGA_lite/16.1/nios2eds/bin/gnu/H-x86_64-pc-linux-gnu/bin/../lib/gcc/nios2-elf/5.3.0/../../../../../H-x86_64-pc-linux-gnu/nios2-elf/lib/libc.a(lib_a-int_errno.o)
 .data          0x000000000000aa28        0x0 /home/ubuntu/intelFPGA_lite/16.1/nios2eds/bin/gnu/H-x86_64-pc-linux-gnu/bin/../lib/gcc/nios2-elf/5.3.0/../../../../../H-x86_64-pc-linux-gnu/nios2-elf/lib/libc.a(lib_a-memchr.o)
 .data          0x000000000000aa28        0x0 /home/ubuntu/intelFPGA_lite/16.1/nios2eds/bin/gnu/H-x86_64-pc-linux-gnu/bin/../lib/gcc/nios2-elf/5.3.0/../../../../../H-x86_64-pc-linux-gnu/nios2-elf/lib/libc.a(lib_a-signal.o)
 .data          0x000000000000aa28        0x0 /home/ubuntu/intelFPGA_lite/16.1/nios2eds/bin/gnu/H-x86_64-pc-linux-gnu/bin/../lib/gcc/nios2-elf/5.3.0/../../../../../H-x86_64-pc-linux-gnu/nios2-elf/lib/libc.a(lib_a-signalr.o)
 .data          0x000000000000aa28        0x0 /home/ubuntu/intelFPGA_lite/16.1/nios2eds/bin/gnu/H-x86_64-pc-linux-gnu/bin/../lib/gcc/nios2-elf/5.3.0/../../../../../H-x86_64-pc-linux-gnu/nios2-elf/lib/libc.a(lib_a-stdio.o)
 .data          0x000000000000aa28        0x0 /home/ubuntu/intelFPGA_lite/16.1/nios2eds/bin/gnu/H-x86_64-pc-linux-gnu/bin/../lib/gcc/nios2-elf/5.3.0/../../../../../H-x86_64-pc-linux-gnu/nios2-elf/lib/libc.a(lib_a-vfiprintf.o)
 .data          0x000000000000aa28        0x0 /home/ubuntu/intelFPGA_lite/16.1/nios2eds/bin/gnu/H-x86_64-pc-linux-gnu/bin/../lib/gcc/nios2-elf/5.3.0/../../../../../H-x86_64-pc-linux-gnu/nios2-elf/lib/libc.a(lib_a-writer.o)
 .data          0x000000000000aa28        0x0 /home/ubuntu/intelFPGA_lite/16.1/nios2eds/bin/gnu/H-x86_64-pc-linux-gnu/bin/../lib/gcc/nios2-elf/5.3.0/../../../../../H-x86_64-pc-linux-gnu/nios2-elf/lib/libc.a(lib_a-wsetup.o)
 .data          0x000000000000aa28        0x0 /home/ubuntu/intelFPGA_lite/16.1/nios2eds/bin/gnu/H-x86_64-pc-linux-gnu/bin/../lib/gcc/nios2-elf/5.3.0/../../../../../H-x86_64-pc-linux-gnu/nios2-elf/lib/libc.a(closer.o)
 .data          0x000000000000aa28        0x0 /home/ubuntu/intelFPGA_lite/16.1/nios2eds/bin/gnu/H-x86_64-pc-linux-gnu/bin/../lib/gcc/nios2-elf/5.3.0/../../../../../H-x86_64-pc-linux-gnu/nios2-elf/lib/libc.a(lib_a-fclose.o)
 .data          0x000000000000aa28        0x0 /home/ubuntu/intelFPGA_lite/16.1/nios2eds/bin/gnu/H-x86_64-pc-linux-gnu/bin/../lib/gcc/nios2-elf/5.3.0/../../../../../H-x86_64-pc-linux-gnu/nios2-elf/lib/libc.a(lib_a-fflush.o)
 .data          0x000000000000aa28        0x0 /home/ubuntu/intelFPGA_lite/16.1/nios2eds/bin/gnu/H-x86_64-pc-linux-gnu/bin/../lib/gcc/nios2-elf/5.3.0/../../../../../H-x86_64-pc-linux-gnu/nios2-elf/lib/libc.a(lib_a-fputwc.o)
 .data          0x000000000000aa28        0x0 /home/ubuntu/intelFPGA_lite/16.1/nios2eds/bin/gnu/H-x86_64-pc-linux-gnu/bin/../lib/gcc/nios2-elf/5.3.0/../../../../../H-x86_64-pc-linux-gnu/nios2-elf/lib/libc.a(lib_a-locale.o)
 .data.lc_message_charset
                0x000000000000aa28       0x20 /home/ubuntu/intelFPGA_lite/16.1/nios2eds/bin/gnu/H-x86_64-pc-linux-gnu/bin/../lib/gcc/nios2-elf/5.3.0/../../../../../H-x86_64-pc-linux-gnu/nios2-elf/lib/libc.a(lib_a-locale.o)
 .data.lc_ctype_charset
                0x000000000000aa48       0x20 /home/ubuntu/intelFPGA_lite/16.1/nios2eds/bin/gnu/H-x86_64-pc-linux-gnu/bin/../lib/gcc/nios2-elf/5.3.0/../../../../../H-x86_64-pc-linux-gnu/nios2-elf/lib/libc.a(lib_a-locale.o)
 .data.lconv    0x000000000000aa68       0x38 /home/ubuntu/intelFPGA_lite/16.1/nios2eds/bin/gnu/H-x86_64-pc-linux-gnu/bin/../lib/gcc/nios2-elf/5.3.0/../../../../../H-x86_64-pc-linux-gnu/nios2-elf/lib/libc.a(lib_a-locale.o)
 .data          0x000000000000aaa0        0x0 /home/ubuntu/intelFPGA_lite/16.1/nios2eds/bin/gnu/H-x86_64-pc-linux-gnu/bin/../lib/gcc/nios2-elf/5.3.0/../../../../../H-x86_64-pc-linux-gnu/nios2-elf/lib/libc.a(lib_a-lseekr.o)
 .data          0x000000000000aaa0        0x0 /home/ubuntu/intelFPGA_lite/16.1/nios2eds/bin/gnu/H-x86_64-pc-linux-gnu/bin/../lib/gcc/nios2-elf/5.3.0/../../../../../H-x86_64-pc-linux-gnu/nios2-elf/lib/libc.a(lib_a-makebuf.o)
 .data          0x000000000000aaa0        0x0 /home/ubuntu/intelFPGA_lite/16.1/nios2eds/bin/gnu/H-x86_64-pc-linux-gnu/bin/../lib/gcc/nios2-elf/5.3.0/../../../../../H-x86_64-pc-linux-gnu/nios2-elf/lib/libc.a(lib_a-readr.o)
 .data          0x000000000000aaa0        0x0 /home/ubuntu/intelFPGA_lite/16.1/nios2eds/bin/gnu/H-x86_64-pc-linux-gnu/bin/../lib/gcc/nios2-elf/5.3.0/../../../../../H-x86_64-pc-linux-gnu/nios2-elf/lib/libc.a(lib_a-strcmp.o)
 .data          0x000000000000aaa0        0x0 /home/ubuntu/intelFPGA_lite/16.1/nios2eds/bin/gnu/H-x86_64-pc-linux-gnu/bin/../lib/gcc/nios2-elf/5.3.0/../../../../../H-x86_64-pc-linux-gnu/nios2-elf/lib/libc.a(lib_a-wbuf.o)
 .data          0x000000000000aaa0        0x0 /home/ubuntu/intelFPGA_lite/16.1/nios2eds/bin/gnu/H-x86_64-pc-linux-gnu/bin/../lib/gcc/nios2-elf/5.3.0/../../../../../H-x86_64-pc-linux-gnu/nios2-elf/lib/libc.a(lib_a-wcrtomb.o)
 .data          0x000000000000aaa0        0x0 /home/ubuntu/intelFPGA_lite/16.1/nios2eds/bin/gnu/H-x86_64-pc-linux-gnu/bin/../lib/gcc/nios2-elf/5.3.0/../../../../../H-x86_64-pc-linux-gnu/nios2-elf/lib/libc.a(lib_a-wctomb_r.o)
 .data          0x000000000000aaa0        0x0 /home/ubuntu/intelFPGA_lite/16.1/nios2eds/bin/gnu/H-x86_64-pc-linux-gnu/bin/../lib/gcc/nios2-elf/5.3.0/../../../../../H-x86_64-pc-linux-gnu/nios2-elf/lib/libc.a(lib_a-fstatr.o)
 .data          0x000000000000aaa0        0x0 /home/ubuntu/intelFPGA_lite/16.1/nios2eds/bin/gnu/H-x86_64-pc-linux-gnu/bin/../lib/gcc/nios2-elf/5.3.0/../../../../../H-x86_64-pc-linux-gnu/nios2-elf/lib/libc.a(lib_a-isattyr.o)
 .data          0x000000000000aaa0        0x0 /home/ubuntu/intelFPGA_lite/16.1/nios2eds/bin/gnu/H-x86_64-pc-linux-gnu/bin/../lib/gcc/nios2-elf/5.3.0/libgcc.a(_udivdi3.o)
 .data          0x000000000000aaa0        0x0 /home/ubuntu/intelFPGA_lite/16.1/nios2eds/bin/gnu/H-x86_64-pc-linux-gnu/bin/../lib/gcc/nios2-elf/5.3.0/libgcc.a(_umoddi3.o)
 .data          0x000000000000aaa0        0x0 /home/ubuntu/intelFPGA_lite/16.1/nios2eds/bin/gnu/H-x86_64-pc-linux-gnu/bin/../lib/gcc/nios2-elf/5.3.0/libgcc.a(lib2-divmod.o)
 .data          0x000000000000aaa0        0x0 /home/ubuntu/intelFPGA_lite/16.1/nios2eds/bin/gnu/H-x86_64-pc-linux-gnu/bin/../lib/gcc/nios2-elf/5.3.0/libgcc.a(_clz.o)
 .data          0x000000000000aaa0        0x0 ../slice_bsp//libhal_bsp.a(alt_close.o)
 .data          0x000000000000aaa0        0x0 ../slice_bsp//libhal_bsp.a(alt_dcache_flush.o)
 .data          0x000000000000aaa0      0x1a8 ../slice_bsp//libhal_bsp.a(alt_dev.o)
                0x000000000000aaa0                alt_dev_null
                0x000000000000aac8                alt_fd_list
 .data          0x000000000000ac48        0x0 ../slice_bsp//libhal_bsp.a(alt_errno.o)
 .data          0x000000000000ac48        0x0 ../slice_bsp//libhal_bsp.a(alt_exit.o)
 .data          0x000000000000ac48        0x0 ../slice_bsp//libhal_bsp.a(alt_fstat.o)
 .data          0x000000000000ac48        0x0 ../slice_bsp//libhal_bsp.a(alt_getpid.o)
 .data          0x000000000000ac48        0x0 ../slice_bsp//libhal_bsp.a(alt_isatty.o)
 .data          0x000000000000ac48        0x0 ../slice_bsp//libhal_bsp.a(alt_kill.o)
 .data          0x000000000000ac48        0x0 ../slice_bsp//libhal_bsp.a(alt_load.o)
 .data          0x000000000000ac48        0x0 ../slice_bsp//libhal_bsp.a(alt_lseek.o)
 .data          0x000000000000ac48        0x0 ../slice_bsp//libhal_bsp.a(alt_main.o)
 .data          0x000000000000ac48        0x0 ../slice_bsp//libhal_bsp.a(alt_malloc_lock.o)
 .data          0x000000000000ac48        0x0 ../slice_bsp//libhal_bsp.a(alt_read.o)
 .data          0x000000000000ac48        0x0 ../slice_bsp//libhal_bsp.a(alt_release_fd.o)
 .data          0x000000000000ac48        0x0 ../slice_bsp//libhal_bsp.a(alt_sbrk.o)
 .data          0x000000000000ac48        0x0 ../slice_bsp//libhal_bsp.a(alt_write.o)
 .data          0x000000000000ac48     0x1060 ../slice_bsp//libhal_bsp.a(alt_sys_init.o)
 .data          0x000000000000bca8        0x0 ../slice_bsp//libhal_bsp.a(altera_avalon_jtag_uart_fd.o)
 .data          0x000000000000bca8        0x0 ../slice_bsp//libhal_bsp.a(altera_avalon_jtag_uart_init.o)
 .data          0x000000000000bca8        0x0 ../slice_bsp//libhal_bsp.a(altera_avalon_jtag_uart_ioctl.o)
 .data          0x000000000000bca8        0x0 ../slice_bsp//libhal_bsp.a(altera_avalon_jtag_uart_read.o)
 .data          0x000000000000bca8        0x0 ../slice_bsp//libhal_bsp.a(altera_avalon_jtag_uart_write.o)
 .data          0x000000000000bca8        0x0 ../slice_bsp//libhal_bsp.a(altera_avalon_timer_sc.o)
 .data          0x000000000000bca8        0x0 ../slice_bsp//libhal_bsp.a(alt_alarm_start.o)
 .data          0x000000000000bca8        0x0 ../slice_bsp//libhal_bsp.a(alt_dcache_flush_all.o)
 .data          0x000000000000bca8        0x0 ../slice_bsp//libhal_bsp.a(alt_dev_llist_insert.o)
 .data          0x000000000000bca8        0x0 ../slice_bsp//libhal_bsp.a(alt_do_ctors.o)
 .data          0x000000000000bca8        0x0 ../slice_bsp//libhal_bsp.a(alt_do_dtors.o)
 .data          0x000000000000bca8        0x0 ../slice_bsp//libhal_bsp.a(alt_icache_flush_all.o)
 .data          0x000000000000bca8        0x0 ../slice_bsp//libhal_bsp.a(alt_iic.o)
 .data          0x000000000000bca8        0x0 ../slice_bsp//libhal_bsp.a(alt_iic_isr_register.o)
 .data          0x000000000000bca8        0x0 ../slice_bsp//libhal_bsp.a(alt_io_redirect.o)
 .data          0x000000000000bca8        0x0 ../slice_bsp//libhal_bsp.a(alt_irq_entry.o)
 .data          0x000000000000bca8        0x0 ../slice_bsp//libhal_bsp.a(alt_irq_handler.o)
 .data          0x000000000000bca8        0x0 ../slice_bsp//libhal_bsp.a(alt_irq_vars.o)
 .data          0x000000000000bca8        0x0 ../slice_bsp//libhal_bsp.a(alt_open.o)
 .data          0x000000000000bca8        0x0 ../slice_bsp//libhal_bsp.a(alt_tick.o)
 .data          0x000000000000bca8        0x0 ../slice_bsp//libhal_bsp.a(altera_nios2_gen2_irq.o)
 .data          0x000000000000bca8        0x0 ../slice_bsp//libhal_bsp.a(alt_exception_entry.o)
 .data          0x000000000000bca8        0x0 ../slice_bsp//libhal_bsp.a(alt_find_dev.o)
 .data          0x000000000000bca8        0x0 ../slice_bsp//libhal_bsp.a(alt_find_file.o)
 .data          0x000000000000bca8        0x0 ../slice_bsp//libhal_bsp.a(alt_get_fd.o)
 .data          0x000000000000bca8        0x0 ../slice_bsp//libhal_bsp.a(alt_icache_flush.o)
 .data          0x000000000000bca8        0x0 ../slice_bsp//libhal_bsp.a(alt_instruction_exception_entry.o)
 .data          0x000000000000bca8        0x0 /home/ubuntu/intelFPGA_lite/16.1/nios2eds/bin/gnu/H-x86_64-pc-linux-gnu/bin/../lib/gcc/nios2-elf/5.3.0/../../../../../H-x86_64-pc-linux-gnu/nios2-elf/lib/libc.a(lib_a-atexit.o)
 .data          0x000000000000bca8        0x0 /home/ubuntu/intelFPGA_lite/16.1/nios2eds/bin/gnu/H-x86_64-pc-linux-gnu/bin/../lib/gcc/nios2-elf/5.3.0/../../../../../H-x86_64-pc-linux-gnu/nios2-elf/lib/libc.a(lib_a-__atexit.o)
                0x0000000000013ca8                _gp = ABSOLUTE ((. + 0x8000))
                [!provide]                        PROVIDE (gp, _gp)
 *(.rwdata .rwdata.*)
 *(.sdata .sdata.* .gnu.linkonce.s.*)
 .sdata         0x000000000000bca8        0x4 obj/default/addr_mapping.o
                0x000000000000bca8                kItemSize
 .sdata._global_impure_ptr
                0x000000000000bcac        0x4 /home/ubuntu/intelFPGA_lite/16.1/nios2eds/bin/gnu/H-x86_64-pc-linux-gnu/bin/../lib/gcc/nios2-elf/5.3.0/../../../../../H-x86_64-pc-linux-gnu/nios2-elf/lib/libc.a(lib_a-impure.o)
                0x000000000000bcac                _global_impure_ptr
 .sdata._impure_ptr
                0x000000000000bcb0        0x4 /home/ubuntu/intelFPGA_lite/16.1/nios2eds/bin/gnu/H-x86_64-pc-linux-gnu/bin/../lib/gcc/nios2-elf/5.3.0/../../../../../H-x86_64-pc-linux-gnu/nios2-elf/lib/libc.a(lib_a-impure.o)
                0x000000000000bcb0                _impure_ptr
 .sdata.__malloc_sbrk_base
                0x000000000000bcb4        0x4 /home/ubuntu/intelFPGA_lite/16.1/nios2eds/bin/gnu/H-x86_64-pc-linux-gnu/bin/../lib/gcc/nios2-elf/5.3.0/../../../../../H-x86_64-pc-linux-gnu/nios2-elf/lib/libc.a(lib_a-mallocr.o)
                0x000000000000bcb4                __malloc_sbrk_base
 .sdata.__malloc_trim_threshold
                0x000000000000bcb8        0x4 /home/ubuntu/intelFPGA_lite/16.1/nios2eds/bin/gnu/H-x86_64-pc-linux-gnu/bin/../lib/gcc/nios2-elf/5.3.0/../../../../../H-x86_64-pc-linux-gnu/nios2-elf/lib/libc.a(lib_a-mallocr.o)
                0x000000000000bcb8                __malloc_trim_threshold
 .sdata.__mb_cur_max
                0x000000000000bcbc        0x4 /home/ubuntu/intelFPGA_lite/16.1/nios2eds/bin/gnu/H-x86_64-pc-linux-gnu/bin/../lib/gcc/nios2-elf/5.3.0/../../../../../H-x86_64-pc-linux-gnu/nios2-elf/lib/libc.a(lib_a-locale.o)
                0x000000000000bcbc                __mb_cur_max
 .sdata.__wctomb
                0x000000000000bcc0        0x4 /home/ubuntu/intelFPGA_lite/16.1/nios2eds/bin/gnu/H-x86_64-pc-linux-gnu/bin/../lib/gcc/nios2-elf/5.3.0/../../../../../H-x86_64-pc-linux-gnu/nios2-elf/lib/libc.a(lib_a-wctomb_r.o)
                0x000000000000bcc0                __wctomb
 .sdata         0x000000000000bcc4       0x14 ../slice_bsp//libhal_bsp.a(alt_dev.o)
                0x000000000000bcc4                alt_fs_list
                0x000000000000bccc                alt_dev_list
                0x000000000000bcd4                alt_max_fd
 .sdata         0x000000000000bcd8        0x4 ../slice_bsp//libhal_bsp.a(alt_errno.o)
                0x000000000000bcd8                alt_errno
 .sdata         0x000000000000bcdc        0x4 ../slice_bsp//libhal_bsp.a(alt_sbrk.o)
 .sdata         0x000000000000bce0        0x4 ../slice_bsp//libhal_bsp.a(alt_irq_vars.o)
                0x000000000000bce0                alt_priority_mask
 .sdata         0x000000000000bce4        0x8 ../slice_bsp//libhal_bsp.a(alt_tick.o)
                0x000000000000bce4                alt_alarm_list
 *(.sdata2 .sdata2.* .gnu.linkonce.s2.*)
                0x000000000000bcec                . = ALIGN (0x4)
                0x000000000000bcec                _edata = ABSOLUTE (.)
                [!provide]                        PROVIDE (edata, ABSOLUTE (.))
                0x000000000000bcec                PROVIDE (__ram_rwdata_end, ABSOLUTE (.))
                0x000000000000bcec                PROVIDE (__flash_rwdata_start, LOADADDR (.rwdata))

.bss            0x000000000000d7dc      0x160
                0x000000000000d7dc                __bss_start = ABSOLUTE (.)
                [!provide]                        PROVIDE (__sbss_start, ABSOLUTE (.))
                [!provide]                        PROVIDE (___sbss_start, ABSOLUTE (.))
 *(.dynsbss)
 *(.sbss .sbss.* .gnu.linkonce.sb.*)
 .sbss.__malloc_max_total_mem
                0x000000000000d7dc        0x4 /home/ubuntu/intelFPGA_lite/16.1/nios2eds/bin/gnu/H-x86_64-pc-linux-gnu/bin/../lib/gcc/nios2-elf/5.3.0/../../../../../H-x86_64-pc-linux-gnu/nios2-elf/lib/libc.a(lib_a-mallocr.o)
                0x000000000000d7dc                __malloc_max_total_mem
 .sbss.__malloc_max_sbrked_mem
                0x000000000000d7e0        0x4 /home/ubuntu/intelFPGA_lite/16.1/nios2eds/bin/gnu/H-x86_64-pc-linux-gnu/bin/../lib/gcc/nios2-elf/5.3.0/../../../../../H-x86_64-pc-linux-gnu/nios2-elf/lib/libc.a(lib_a-mallocr.o)
                0x000000000000d7e0                __malloc_max_sbrked_mem
 .sbss.__malloc_top_pad
                0x000000000000d7e4        0x4 /home/ubuntu/intelFPGA_lite/16.1/nios2eds/bin/gnu/H-x86_64-pc-linux-gnu/bin/../lib/gcc/nios2-elf/5.3.0/../../../../../H-x86_64-pc-linux-gnu/nios2-elf/lib/libc.a(lib_a-mallocr.o)
                0x000000000000d7e4                __malloc_top_pad
 .sbss          0x000000000000d7e8        0x4 /home/ubuntu/intelFPGA_lite/16.1/nios2eds/bin/gnu/H-x86_64-pc-linux-gnu/bin/../lib/gcc/nios2-elf/5.3.0/../../../../../H-x86_64-pc-linux-gnu/nios2-elf/lib/libc.a(lib_a-int_errno.o)
                0x000000000000d7e8                errno
 .sbss._PathLocale
                0x000000000000d7ec        0x4 /home/ubuntu/intelFPGA_lite/16.1/nios2eds/bin/gnu/H-x86_64-pc-linux-gnu/bin/../lib/gcc/nios2-elf/5.3.0/../../../../../H-x86_64-pc-linux-gnu/nios2-elf/lib/libc.a(lib_a-locale.o)
                0x000000000000d7ec                _PathLocale
 .sbss.__mlocale_changed
                0x000000000000d7f0        0x4 /home/ubuntu/intelFPGA_lite/16.1/nios2eds/bin/gnu/H-x86_64-pc-linux-gnu/bin/../lib/gcc/nios2-elf/5.3.0/../../../../../H-x86_64-pc-linux-gnu/nios2-elf/lib/libc.a(lib_a-locale.o)
                0x000000000000d7f0                __mlocale_changed
 .sbss.__nlocale_changed
                0x000000000000d7f4        0x4 /home/ubuntu/intelFPGA_lite/16.1/nios2eds/bin/gnu/H-x86_64-pc-linux-gnu/bin/../lib/gcc/nios2-elf/5.3.0/../../../../../H-x86_64-pc-linux-gnu/nios2-elf/lib/libc.a(lib_a-locale.o)
                0x000000000000d7f4                __nlocale_changed
 .sbss          0x000000000000d7f8        0xc ../slice_bsp//libhal_bsp.a(alt_main.o)
                0x000000000000d7f8                alt_argc
                0x000000000000d7fc                alt_argv
                0x000000000000d800                alt_envp
 .sbss          0x000000000000d804        0x4 ../slice_bsp//libhal_bsp.a(alt_irq_vars.o)
                0x000000000000d804                alt_irq_active
 .sbss          0x000000000000d808        0x8 ../slice_bsp//libhal_bsp.a(alt_tick.o)
                0x000000000000d808                _alt_tick_rate
                0x000000000000d80c                _alt_nticks
 .sbss          0x000000000000d810        0x4 ../slice_bsp//libhal_bsp.a(alt_instruction_exception_entry.o)
                0x000000000000d810                alt_instruction_exception_handler
 *(.sbss2 .sbss2.* .gnu.linkonce.sb2.*)
 *(.scommon)
                [!provide]                        PROVIDE (__sbss_end, ABSOLUTE (.))
                [!provide]                        PROVIDE (___sbss_end, ABSOLUTE (.))
 *(.dynbss)
 *(.bss .bss.* .gnu.linkonce.b.*)
 .bss           0x000000000000d814        0x0 ../slice_bsp//obj/HAL/src/crt0.o
 .bss           0x000000000000d814        0x0 obj/default/addr_mapping.o
 .bss           0x000000000000d814        0x0 obj/default/kroki_cuckoo/cuckoo_hash.o
 .bss           0x000000000000d814        0x0 obj/default/kroki_cuckoo/lookup3.o
 .bss           0x000000000000d814        0x0 obj/default/main.o
 .bss           0x000000000000d814        0x0 /home/ubuntu/intelFPGA_lite/16.1/nios2eds/bin/gnu/H-x86_64-pc-linux-gnu/bin/../lib/gcc/nios2-elf/5.3.0/../../../../../H-x86_64-pc-linux-gnu/nios2-elf/lib/libc.a(lib_a-assert.o)
 .bss           0x000000000000d814        0x0 /home/ubuntu/intelFPGA_lite/16.1/nios2eds/bin/gnu/H-x86_64-pc-linux-gnu/bin/../lib/gcc/nios2-elf/5.3.0/../../../../../H-x86_64-pc-linux-gnu/nios2-elf/lib/libc.a(lib_a-calloc.o)
 .bss           0x000000000000d814        0x0 /home/ubuntu/intelFPGA_lite/16.1/nios2eds/bin/gnu/H-x86_64-pc-linux-gnu/bin/../lib/gcc/nios2-elf/5.3.0/../../../../../H-x86_64-pc-linux-gnu/nios2-elf/lib/libc.a(lib_a-callocr.o)
 .bss           0x000000000000d814        0x0 /home/ubuntu/intelFPGA_lite/16.1/nios2eds/bin/gnu/H-x86_64-pc-linux-gnu/bin/../lib/gcc/nios2-elf/5.3.0/../../../../../H-x86_64-pc-linux-gnu/nios2-elf/lib/libc.a(lib_a-exit.o)
 .bss           0x000000000000d814        0x0 /home/ubuntu/intelFPGA_lite/16.1/nios2eds/bin/gnu/H-x86_64-pc-linux-gnu/bin/../lib/gcc/nios2-elf/5.3.0/../../../../../H-x86_64-pc-linux-gnu/nios2-elf/lib/libc.a(lib_a-fiprintf.o)
 .bss           0x000000000000d814        0x0 /home/ubuntu/intelFPGA_lite/16.1/nios2eds/bin/gnu/H-x86_64-pc-linux-gnu/bin/../lib/gcc/nios2-elf/5.3.0/../../../../../H-x86_64-pc-linux-gnu/nios2-elf/lib/libc.a(lib_a-fwrite.o)
 .bss           0x000000000000d814        0x0 /home/ubuntu/intelFPGA_lite/16.1/nios2eds/bin/gnu/H-x86_64-pc-linux-gnu/bin/../lib/gcc/nios2-elf/5.3.0/../../../../../H-x86_64-pc-linux-gnu/nios2-elf/lib/libc.a(lib_a-impure.o)
 .bss           0x000000000000d814        0x0 /home/ubuntu/intelFPGA_lite/16.1/nios2eds/bin/gnu/H-x86_64-pc-linux-gnu/bin/../lib/gcc/nios2-elf/5.3.0/../../../../../H-x86_64-pc-linux-gnu/nios2-elf/lib/libc.a(lib_a-malloc.o)
 .bss           0x000000000000d814        0x0 /home/ubuntu/intelFPGA_lite/16.1/nios2eds/bin/gnu/H-x86_64-pc-linux-gnu/bin/../lib/gcc/nios2-elf/5.3.0/../../../../../H-x86_64-pc-linux-gnu/nios2-elf/lib/libc.a(lib_a-mallocr.o)
 .bss.__malloc_current_mallinfo
                0x000000000000d814       0x28 /home/ubuntu/intelFPGA_lite/16.1/nios2eds/bin/gnu/H-x86_64-pc-linux-gnu/bin/../lib/gcc/nios2-elf/5.3.0/../../../../../H-x86_64-pc-linux-gnu/nios2-elf/lib/libc.a(lib_a-mallocr.o)
                0x000000000000d814                __malloc_current_mallinfo
 .bss           0x000000000000d83c        0x0 /home/ubuntu/intelFPGA_lite/16.1/nios2eds/bin/gnu/H-x86_64-pc-linux-gnu/bin/../lib/gcc/nios2-elf/5.3.0/../../../../../H-x86_64-pc-linux-gnu/nios2-elf/lib/libc.a(lib_a-memcmp.o)
 .bss           0x000000000000d83c        0x0 /home/ubuntu/intelFPGA_lite/16.1/nios2eds/bin/gnu/H-x86_64-pc-linux-gnu/bin/../lib/gcc/nios2-elf/5.3.0/../../../../../H-x86_64-pc-linux-gnu/nios2-elf/lib/libc.a(lib_a-memcpy.o)
 .bss           0x000000000000d83c        0x0 /home/ubuntu/intelFPGA_lite/16.1/nios2eds/bin/gnu/H-x86_64-pc-linux-gnu/bin/../lib/gcc/nios2-elf/5.3.0/../../../../../H-x86_64-pc-linux-gnu/nios2-elf/lib/libc.a(lib_a-memmove.o)
 .bss           0x000000000000d83c        0x0 /home/ubuntu/intelFPGA_lite/16.1/nios2eds/bin/gnu/H-x86_64-pc-linux-gnu/bin/../lib/gcc/nios2-elf/5.3.0/../../../../../H-x86_64-pc-linux-gnu/nios2-elf/lib/libc.a(lib_a-memset.o)
 .bss           0x000000000000d83c        0x0 /home/ubuntu/intelFPGA_lite/16.1/nios2eds/bin/gnu/H-x86_64-pc-linux-gnu/bin/../lib/gcc/nios2-elf/5.3.0/../../../../../H-x86_64-pc-linux-gnu/nios2-elf/lib/libc.a(lib_a-puts.o)
 .bss           0x000000000000d83c        0x0 /home/ubuntu/intelFPGA_lite/16.1/nios2eds/bin/gnu/H-x86_64-pc-linux-gnu/bin/../lib/gcc/nios2-elf/5.3.0/../../../../../H-x86_64-pc-linux-gnu/nios2-elf/lib/libc.a(lib_a-realloc.o)
 .bss           0x000000000000d83c        0x0 /home/ubuntu/intelFPGA_lite/16.1/nios2eds/bin/gnu/H-x86_64-pc-linux-gnu/bin/../lib/gcc/nios2-elf/5.3.0/../../../../../H-x86_64-pc-linux-gnu/nios2-elf/lib/libc.a(lib_a-reallocr.o)
 .bss           0x000000000000d83c        0x0 /home/ubuntu/intelFPGA_lite/16.1/nios2eds/bin/gnu/H-x86_64-pc-linux-gnu/bin/../lib/gcc/nios2-elf/5.3.0/../../../../../H-x86_64-pc-linux-gnu/nios2-elf/lib/libc.a(lib_a-sbrkr.o)
 .bss           0x000000000000d83c        0x0 /home/ubuntu/intelFPGA_lite/16.1/nios2eds/bin/gnu/H-x86_64-pc-linux-gnu/bin/../lib/gcc/nios2-elf/5.3.0/../../../../../H-x86_64-pc-linux-gnu/nios2-elf/lib/libc.a(lib_a-strlen.o)
 .bss           0x000000000000d83c        0x0 /home/ubuntu/intelFPGA_lite/16.1/nios2eds/bin/gnu/H-x86_64-pc-linux-gnu/bin/../lib/gcc/nios2-elf/5.3.0/../../../../../H-x86_64-pc-linux-gnu/nios2-elf/lib/libc.a(lib_a-vfiprintfr_1.o)
 .bss           0x000000000000d83c        0x0 /home/ubuntu/intelFPGA_lite/16.1/nios2eds/bin/gnu/H-x86_64-pc-linux-gnu/bin/../lib/gcc/nios2-elf/5.3.0/../../../../../H-x86_64-pc-linux-gnu/nios2-elf/lib/libc.a(lib_a-__call_atexit.o)
 .bss           0x000000000000d83c        0x0 /home/ubuntu/intelFPGA_lite/16.1/nios2eds/bin/gnu/H-x86_64-pc-linux-gnu/bin/../lib/gcc/nios2-elf/5.3.0/../../../../../H-x86_64-pc-linux-gnu/nios2-elf/lib/libc.a(lib_a-abort.o)
 .bss           0x000000000000d83c        0x0 /home/ubuntu/intelFPGA_lite/16.1/nios2eds/bin/gnu/H-x86_64-pc-linux-gnu/bin/../lib/gcc/nios2-elf/5.3.0/../../../../../H-x86_64-pc-linux-gnu/nios2-elf/lib/libc.a(lib_a-findfp.o)
 .bss           0x000000000000d83c        0x0 /home/ubuntu/intelFPGA_lite/16.1/nios2eds/bin/gnu/H-x86_64-pc-linux-gnu/bin/../lib/gcc/nios2-elf/5.3.0/../../../../../H-x86_64-pc-linux-gnu/nios2-elf/lib/libc.a(lib_a-freer.o)
 .bss           0x000000000000d83c        0x0 /home/ubuntu/intelFPGA_lite/16.1/nios2eds/bin/gnu/H-x86_64-pc-linux-gnu/bin/../lib/gcc/nios2-elf/5.3.0/../../../../../H-x86_64-pc-linux-gnu/nios2-elf/lib/libc.a(lib_a-fvwrite.o)
 .bss           0x000000000000d83c        0x0 /home/ubuntu/intelFPGA_lite/16.1/nios2eds/bin/gnu/H-x86_64-pc-linux-gnu/bin/../lib/gcc/nios2-elf/5.3.0/../../../../../H-x86_64-pc-linux-gnu/nios2-elf/lib/libc.a(lib_a-fwalk.o)
 .bss           0x000000000000d83c        0x0 /home/ubuntu/intelFPGA_lite/16.1/nios2eds/bin/gnu/H-x86_64-pc-linux-gnu/bin/../lib/gcc/nios2-elf/5.3.0/../../../../../H-x86_64-pc-linux-gnu/nios2-elf/lib/libc.a(lib_a-int_errno.o)
 .bss           0x000000000000d83c        0x0 /home/ubuntu/intelFPGA_lite/16.1/nios2eds/bin/gnu/H-x86_64-pc-linux-gnu/bin/../lib/gcc/nios2-elf/5.3.0/../../../../../H-x86_64-pc-linux-gnu/nios2-elf/lib/libc.a(lib_a-memchr.o)
 .bss           0x000000000000d83c        0x0 /home/ubuntu/intelFPGA_lite/16.1/nios2eds/bin/gnu/H-x86_64-pc-linux-gnu/bin/../lib/gcc/nios2-elf/5.3.0/../../../../../H-x86_64-pc-linux-gnu/nios2-elf/lib/libc.a(lib_a-signal.o)
 .bss           0x000000000000d83c        0x0 /home/ubuntu/intelFPGA_lite/16.1/nios2eds/bin/gnu/H-x86_64-pc-linux-gnu/bin/../lib/gcc/nios2-elf/5.3.0/../../../../../H-x86_64-pc-linux-gnu/nios2-elf/lib/libc.a(lib_a-signalr.o)
 .bss           0x000000000000d83c        0x0 /home/ubuntu/intelFPGA_lite/16.1/nios2eds/bin/gnu/H-x86_64-pc-linux-gnu/bin/../lib/gcc/nios2-elf/5.3.0/../../../../../H-x86_64-pc-linux-gnu/nios2-elf/lib/libc.a(lib_a-stdio.o)
 .bss           0x000000000000d83c        0x0 /home/ubuntu/intelFPGA_lite/16.1/nios2eds/bin/gnu/H-x86_64-pc-linux-gnu/bin/../lib/gcc/nios2-elf/5.3.0/../../../../../H-x86_64-pc-linux-gnu/nios2-elf/lib/libc.a(lib_a-vfiprintf.o)
 .bss           0x000000000000d83c        0x0 /home/ubuntu/intelFPGA_lite/16.1/nios2eds/bin/gnu/H-x86_64-pc-linux-gnu/bin/../lib/gcc/nios2-elf/5.3.0/../../../../../H-x86_64-pc-linux-gnu/nios2-elf/lib/libc.a(lib_a-writer.o)
 .bss           0x000000000000d83c        0x0 /home/ubuntu/intelFPGA_lite/16.1/nios2eds/bin/gnu/H-x86_64-pc-linux-gnu/bin/../lib/gcc/nios2-elf/5.3.0/../../../../../H-x86_64-pc-linux-gnu/nios2-elf/lib/libc.a(lib_a-wsetup.o)
 .bss           0x000000000000d83c        0x0 /home/ubuntu/intelFPGA_lite/16.1/nios2eds/bin/gnu/H-x86_64-pc-linux-gnu/bin/../lib/gcc/nios2-elf/5.3.0/../../../../../H-x86_64-pc-linux-gnu/nios2-elf/lib/libc.a(closer.o)
 .bss           0x000000000000d83c        0x0 /home/ubuntu/intelFPGA_lite/16.1/nios2eds/bin/gnu/H-x86_64-pc-linux-gnu/bin/../lib/gcc/nios2-elf/5.3.0/../../../../../H-x86_64-pc-linux-gnu/nios2-elf/lib/libc.a(lib_a-fclose.o)
 .bss           0x000000000000d83c        0x0 /home/ubuntu/intelFPGA_lite/16.1/nios2eds/bin/gnu/H-x86_64-pc-linux-gnu/bin/../lib/gcc/nios2-elf/5.3.0/../../../../../H-x86_64-pc-linux-gnu/nios2-elf/lib/libc.a(lib_a-fflush.o)
 .bss           0x000000000000d83c        0x0 /home/ubuntu/intelFPGA_lite/16.1/nios2eds/bin/gnu/H-x86_64-pc-linux-gnu/bin/../lib/gcc/nios2-elf/5.3.0/../../../../../H-x86_64-pc-linux-gnu/nios2-elf/lib/libc.a(lib_a-fputwc.o)
 .bss           0x000000000000d83c        0x0 /home/ubuntu/intelFPGA_lite/16.1/nios2eds/bin/gnu/H-x86_64-pc-linux-gnu/bin/../lib/gcc/nios2-elf/5.3.0/../../../../../H-x86_64-pc-linux-gnu/nios2-elf/lib/libc.a(lib_a-locale.o)
 .bss           0x000000000000d83c        0x0 /home/ubuntu/intelFPGA_lite/16.1/nios2eds/bin/gnu/H-x86_64-pc-linux-gnu/bin/../lib/gcc/nios2-elf/5.3.0/../../../../../H-x86_64-pc-linux-gnu/nios2-elf/lib/libc.a(lib_a-lseekr.o)
 .bss           0x000000000000d83c        0x0 /home/ubuntu/intelFPGA_lite/16.1/nios2eds/bin/gnu/H-x86_64-pc-linux-gnu/bin/../lib/gcc/nios2-elf/5.3.0/../../../../../H-x86_64-pc-linux-gnu/nios2-elf/lib/libc.a(lib_a-makebuf.o)