Archive member included to satisfy reference by file (symbol)

/home/ubuntu/intelFPGA_lite/16.1/nios2eds/bin/gnu/H-x86_64-pc-linux-gnu/bin/../lib/gcc/nios2-elf/5.3.0/../../../../../H-x86_64-pc-linux-gnu/nios2-elf/lib/libc.a(lib_a-assert.o)
                              obj/default/kroki_cuckoo/cuckoo_hash.o (__assert_func)
/home/ubuntu/intelFPGA_lite/16.1/nios2eds/bin/gnu/H-x86_64-pc-linux-gnu/bin/../lib/gcc/nios2-elf/5.3.0/../../../../../H-x86_64-pc-linux-gnu/nios2-elf/lib/libc.a(lib_a-calloc.o)
                              obj/default/kroki_cuckoo/cuckoo_hash.o (calloc)
/home/ubuntu/intelFPGA_lite/16.1/nios2eds/bin/gnu/H-x86_64-pc-linux-gnu/bin/../lib/gcc/nios2-elf/5.3.0/../../../../../H-x86_64-pc-linux-gnu/nios2-elf/lib/libc.a(lib_a-callocr.o)
                              /home/ubuntu/intelFPGA_lite/16.1/nios2eds/bin/gnu/H-x86_64-pc-linux-gnu/bin/../lib/gcc/nios2-elf/5.3.0/../../../../../H-x86_64-pc-linux-gnu/nios2-elf/lib/libc.a(lib_a-calloc.o) (_calloc_r)
/home/ubuntu/intelFPGA_lite/16.1/nios2eds/bin/gnu/H-x86_64-pc-linux-gnu/bin/../lib/gcc/nios2-elf/5.3.0/../../../../../H-x86_64-pc-linux-gnu/nios2-elf/lib/libc.a(lib_a-exit.o)
                              obj/default/addr_mapping.o (exit)
/home/ubuntu/intelFPGA_lite/16.1/nios2eds/bin/gnu/H-x86_64-pc-linux-gnu/bin/../lib/gcc/nios2-elf/5.3.0/../../../../../H-x86_64-pc-linux-gnu/nios2-elf/lib/libc.a(lib_a-fiprintf.o)
                              /home/ubuntu/intelFPGA_lite/16.1/nios2eds/bin/gnu/H-x86_64-pc-linux-gnu/bin/../lib/gcc/nios2-elf/5.3.0/../../../../../H-x86_64-pc-linux-gnu/nios2-elf/lib/libc.a(lib_a-assert.o) (fiprintf)
/home/ubuntu/intelFPGA_lite/16.1/nios2eds/bin/gnu/H-x86_64-pc-linux-gnu/bin/../lib/gcc/nios2-elf/5.3.0/../../../../../H-x86_64-pc-linux-gnu/nios2-elf/lib/libc.a(lib_a-fwrite.o)
                              obj/default/addr_mapping.o (fwrite)
/home/ubuntu/intelFPGA_lite/16.1/nios2eds/bin/gnu/H-x86_64-pc-linux-gnu/bin/../lib/gcc/nios2-elf/5.3.0/../../../../../H-x86_64-pc-linux-gnu/nios2-elf/lib/libc.a(lib_a-impure.o)
                              /home/ubuntu/intelFPGA_lite/16.1/nios2eds/bin/gnu/H-x86_64-pc-linux-gnu/bin/../lib/gcc/nios2-elf/5.3.0/../../../../../H-x86_64-pc-linux-gnu/nios2-elf/lib/libc.a(lib_a-exit.o) (_global_impure_ptr)
/home/ubuntu/intelFPGA_lite/16.1/nios2eds/bin/gnu/H-x86_64-pc-linux-gnu/bin/../lib/gcc/nios2-elf/5.3.0/../../../../../H-x86_64-pc-linux-gnu/nios2-elf/lib/libc.a(lib_a-malloc.o)
                              obj/default/kroki_cuckoo/cuckoo_hash.o (free)
/home/ubuntu/intelFPGA_lite/16.1/nios2eds/bin/gnu/H-x86_64-pc-linux-gnu/bin/../lib/gcc/nios2-elf/5.3.0/../../../../../H-x86_64-pc-linux-gnu/nios2-elf/lib/libc.a(lib_a-mallocr.o)
                              /home/ubuntu/intelFPGA_lite/16.1/nios2eds/bin/gnu/H-x86_64-pc-linux-gnu/bin/../lib/gcc/nios2-elf/5.3.0/../../../../../H-x86_64-pc-linux-gnu/nios2-elf/lib/libc.a(lib_a-callocr.o) (_malloc_r)
/home/ubuntu/intelFPGA_lite/16.1/nios2eds/bin/gnu/H-x86_64-pc-linux-gnu/bin/../lib/gcc/nios2-elf/5.3.0/../../../../../H-x86_64-pc-linux-gnu/nios2-elf/lib/libc.a(lib_a-memcmp.o)
                              obj/default/kroki_cuckoo/cuckoo_hash.o (memcmp)
/home/ubuntu/intelFPGA_lite/16.1/nios2eds/bin/gnu/H-x86_64-pc-linux-gnu/bin/../lib/gcc/nios2-elf/5.3.0/../../../../../H-x86_64-pc-linux-gnu/nios2-elf/lib/libc.a(lib_a-memcpy.o)
                              obj/default/kroki_cuckoo/cuckoo_hash.o (memcpy)
/home/ubuntu/intelFPGA_lite/16.1/nios2eds/bin/gnu/H-x86_64-pc-linux-gnu/bin/../lib/gcc/nios2-elf/5.3.0/../../../../../H-x86_64-pc-linux-gnu/nios2-elf/lib/libc.a(lib_a-memmove.o)
                              obj/default/kroki_cuckoo/cuckoo_hash.o (memmove)
/home/ubuntu/intelFPGA_lite/16.1/nios2eds/bin/gnu/H-x86_64-pc-linux-gnu/bin/../lib/gcc/nios2-elf/5.3.0/../../../../../H-x86_64-pc-linux-gnu/nios2-elf/lib/libc.a(lib_a-memset.o)
                              obj/default/kroki_cuckoo/cuckoo_hash.o (memset)
/home/ubuntu/intelFPGA_lite/16.1/nios2eds/bin/gnu/H-x86_64-pc-linux-gnu/bin/../lib/gcc/nios2-elf/5.3.0/../../../../../H-x86_64-pc-linux-gnu/nios2-elf/lib/libc.a(lib_a-printf.o)
                              obj/default/addr_mapping.o (printf)
/home/ubuntu/intelFPGA_lite/16.1/nios2eds/bin/gnu/H-x86_64-pc-linux-gnu/bin/../lib/gcc/nios2-elf/5.3.0/../../../../../H-x86_64-pc-linux-gnu/nios2-elf/lib/libc.a(lib_a-puts.o)
                              obj/default/addr_mapping.o (puts)
/home/ubuntu/intelFPGA_lite/16.1/nios2eds/bin/gnu/H-x86_64-pc-linux-gnu/bin/../lib/gcc/nios2-elf/5.3.0/../../../../../H-x86_64-pc-linux-gnu/nios2-elf/lib/libc.a(lib_a-realloc.o)
                              obj/default/kroki_cuckoo/cuckoo_hash.o (realloc)
/home/ubuntu/intelFPGA_lite/16.1/nios2eds/bin/gnu/H-x86_64-pc-linux-gnu/bin/../lib/gcc/nios2-elf/5.3.0/../../../../../H-x86_64-pc-linux-gnu/nios2-elf/lib/libc.a(lib_a-reallocr.o)
[...]
Memory Configuration

Name             Origin             Length             Attributes
reset            0x0000000000000000 0x0000000000000020
onchip_memory2_0 0x0000000000000020 0x0000000000018680
*default*        0x0000000000000000 0xffffffffffffffff

Linker script and memory map

LOAD ../slice_bsp//obj/HAL/src/crt0.o
LOAD obj/default/addr_mapping.o
LOAD obj/default/kroki_cuckoo/cuckoo_hash.o
LOAD obj/default/kroki_cuckoo/lookup3.o
LOAD obj/default/main.o
LOAD /home/ubuntu/intelFPGA_lite/16.1/nios2eds/bin/gnu/H-x86_64-pc-linux-gnu/bin/../lib/gcc/nios2-elf/5.3.0/../../../../../H-x86_64-pc-linux-gnu/nios2-elf/lib/libstdc++.a
LOAD /home/ubuntu/intelFPGA_lite/16.1/nios2eds/bin/gnu/H-x86_64-pc-linux-gnu/bin/../lib/gcc/nios2-elf/5.3.0/../../../../../H-x86_64-pc-linux-gnu/nios2-elf/lib/libm.a
LOAD /home/ubuntu/intelFPGA_lite/16.1/nios2eds/bin/gnu/H-x86_64-pc-linux-gnu/bin/../lib/gcc/nios2-elf/5.3.0/libgcc.a
START GROUP
LOAD /home/ubuntu/intelFPGA_lite/16.1/nios2eds/bin/gnu/H-x86_64-pc-linux-gnu/bin/../lib/gcc/nios2-elf/5.3.0/../../../../../H-x86_64-pc-linux-gnu/nios2-elf/lib/libc.a
LOAD /home/ubuntu/intelFPGA_lite/16.1/nios2eds/bin/gnu/H-x86_64-pc-linux-gnu/bin/../lib/gcc/nios2-elf/5.3.0/libgcc.a
LOAD ../slice_bsp//libhal_bsp.a
LOAD /home/ubuntu/intelFPGA_lite/16.1/nios2eds/bin/gnu/H-x86_64-pc-linux-gnu/bin/../lib/gcc/nios2-elf/5.3.0/../../../../../H-x86_64-pc-linux-gnu/nios2-elf/lib/libm.a
END GROUP
LOAD /home/ubuntu/intelFPGA_lite/16.1/nios2eds/bin/gnu/H-x86_64-pc-linux-gnu/bin/../lib/gcc/nios2-elf/5.3.0/libgcc.a
                0x0000000000000000                __alt_mem_onchip_memory2_0 = 0x0

.entry          0x0000000000000000       0x20
 *(.entry)
 .entry         0x0000000000000000       0x20 ../slice_bsp//obj/HAL/src/crt0.o
                0x0000000000000000                __reset

.exceptions     0x0000000000000020      0x224
                0x0000000000000020                PROVIDE (__ram_exceptions_start, ABSOLUTE (.))
                0x0000000000000020                . = ALIGN (0x20)
 *(.irq)
 *(.exceptions.entry.label)
 .exceptions.entry.label
                0x0000000000000020        0x0 ../slice_bsp//libhal_bsp.a(alt_irq_entry.o)
                0x0000000000000020                alt_irq_entry
 .exceptions.entry.label
                0x0000000000000020        0x0 ../slice_bsp//libhal_bsp.a(alt_exception_entry.o)
                0x0000000000000020                alt_exception
 *(.exceptions.entry.user)
 *(.exceptions.entry.ecc_fatal)
 *(.exceptions.entry)
 .exceptions.entry
                0x0000000000000020       0x54 ../slice_bsp//libhal_bsp.a(alt_exception_entry.o)
 *(.exceptions.irqtest.user)
 *(.exceptions.irqtest)
 .exceptions.irqtest
                0x0000000000000074       0x10 ../slice_bsp//libhal_bsp.a(alt_irq_entry.o)
 *(.exceptions.irqhandler.user)
 *(.exceptions.irqhandler)
 .exceptions.irqhandler
                0x0000000000000084        0x4 ../slice_bsp//libhal_bsp.a(alt_irq_entry.o)
 *(.exceptions.irqreturn.user)
 *(.exceptions.irqreturn)
 .exceptions.irqreturn
                0x0000000000000088        0x4 ../slice_bsp//libhal_bsp.a(alt_irq_entry.o)
 *(.exceptions.notirq.label)
 .exceptions.notirq.label
                0x000000000000008c        0x0 ../slice_bsp//libhal_bsp.a(alt_irq_entry.o)
 *(.exceptions.notirq.user)
 *(.exceptions.notirq)
 .exceptions.notirq
                0x000000000000008c        0x8 ../slice_bsp//libhal_bsp.a(alt_exception_entry.o)
 *(.exceptions.soft.user)
 *(.exceptions.soft)
 *(.exceptions.unknown.user)
 *(.exceptions.unknown)
 .exceptions.unknown
                0x0000000000000094       0x14 ../slice_bsp//libhal_bsp.a(alt_exception_entry.o)
 *(.exceptions.exit.label)
 .exceptions.exit.label
                0x00000000000000a8        0x0 ../slice_bsp//libhal_bsp.a(alt_irq_entry.o)
 .exceptions.exit.label
                0x00000000000000a8        0x0 ../slice_bsp//libhal_bsp.a(alt_exception_entry.o)
 *(.exceptions.exit.user)
 *(.exceptions.exit)
 .exceptions.exit
                0x00000000000000a8       0x54 ../slice_bsp//libhal_bsp.a(alt_exception_entry.o)
 *(.exceptions)
 .exceptions    0x00000000000000fc       0xd4 ../slice_bsp//libhal_bsp.a(alt_irq_handler.o)
                0x00000000000000fc                alt_irq_handler
 .exceptions    0x00000000000001d0       0x74 ../slice_bsp//libhal_bsp.a(alt_instruction_exception_entry.o)
                0x00000000000001d0                alt_instruction_exception_entry
                0x0000000000000244                PROVIDE (__ram_exceptions_end, ABSOLUTE (.))
                0x0000000000000020                PROVIDE (__flash_exceptions_start, LOADADDR (.exceptions))

.text           0x0000000000000244    0x111b8
                [!provide]                        PROVIDE (stext, ABSOLUTE (.))
 *(.interp)
 *(.hash)
 *(.dynsym)
 *(.dynstr)
 *(.gnu.version)
 *(.gnu.version_d)
 *(.gnu.version_r)
 *(.rel.init)
 *(.rela.init)
 *(.rel.text .rel.text.* .rel.gnu.linkonce.t.*)
 *(.rela.text .rela.text.* .rela.gnu.linkonce.t.*)
 *(.rel.fini)
 *(.rela.fini)
 *(.rel.rodata .rel.rodata.* .rel.gnu.linkonce.r.*)
 *(.rela.rodata .rela.rodata.* .rela.gnu.linkonce.r.*)
 *(.rel.data .rel.data.* .rel.gnu.linkonce.d.*)
 *(.rela.data .rela.data.* .rela.gnu.linkonce.d.*)
 *(.rel.tdata .rel.tdata.* .rel.gnu.linkonce.td.*)
 *(.rela.tdata .rela.tdata.* .rela.gnu.linkonce.td.*)
 *(.rel.tbss .rel.tbss.* .rel.gnu.linkonce.tb.*)
 *(.rela.tbss .rela.tbss.* .rela.gnu.linkonce.tb.*)
 *(.rel.ctors)
 *(.rela.ctors)
 *(.rel.dtors)
 *(.rela.dtors)
 *(.rel.got)
 *(.rela.got)
 *(.rel.sdata .rel.sdata.* .rel.gnu.linkonce.s.*)
 *(.rela.sdata .rela.sdata.* .rela.gnu.linkonce.s.*)
 *(.rel.sbss .rel.sbss.* .rel.gnu.linkonce.sb.*)
 *(.rela.sbss .rela.sbss.* .rela.gnu.linkonce.sb.*)
 *(.rel.sdata2 .rel.sdata2.* .rel.gnu.linkonce.s2.*)
 *(.rela.sdata2 .rela.sdata2.* .rela.gnu.linkonce.s2.*)
 *(.rel.sbss2 .rel.sbss2.* .rel.gnu.linkonce.sb2.*)
 *(.rela.sbss2 .rela.sbss2.* .rela.gnu.linkonce.sb2.*)
 *(.rel.bss .rel.bss.* .rel.gnu.linkonce.b.*)
 *(.rela.bss .rela.bss.* .rela.gnu.linkonce.b.*)
 *(.rel.plt)
 *(.rela.plt)
 *(.rel.dyn)
 *(.init)
 *(.plt)
 *(.text .stub .text.* .gnu.linkonce.t.*)
 .text          0x0000000000000244       0x4c ../slice_bsp//obj/HAL/src/crt0.o
                0x0000000000000244                _start
 .text          0x0000000000000290      0x22c obj/default/addr_mapping.o
                0x0000000000000290                debug_flush
                0x00000000000002b8                start_mapping_listener
 .text          0x00000000000004bc      0xe28 obj/default/kroki_cuckoo/cuckoo_hash.o
                0x0000000000000554                cuckoo_hash_init
                0x00000000000005f4                cuckoo_hash_destroy
                0x0000000000000810                cuckoo_hash_lookup
                0x0000000000000878                cuckoo_hash_remove
                0x0000000000001020                cuckoo_hash_insert
                0x00000000000011e0                cuckoo_hash_next
 .text          0x00000000000012e4      0x65c obj/default/kroki_cuckoo/lookup3.o
                0x00000000000012e4                hashlittle2
 .text          0x0000000000001940       0x34 obj/default/main.o
                0x0000000000001940                main
 .text          0x0000000000001974        0x0 /home/ubuntu/intelFPGA_lite/16.1/nios2eds/bin/gnu/H-x86_64-pc-linux-gnu/bin/../lib/gcc/nios2-elf/5.3.0/../../../../../H-x86_64-pc-linux-gnu/nios2-elf/lib/libc.a(lib_a-assert.o)
 .text.__assert_func
                0x0000000000001974       0x68 /home/ubuntu/intelFPGA_lite/16.1/nios2eds/bin/gnu/H-x86_64-pc-linux-gnu/bin/../lib/gcc/nios2-elf/5.3.0/../../../../../H-x86_64-pc-linux-gnu/nios2-elf/lib/libc.a(lib_a-assert.o)
                0x0000000000001974                __assert_func
 .text.__assert
                0x00000000000019dc       0x14 /home/ubuntu/intelFPGA_lite/16.1/nios2eds/bin/gnu/H-x86_64-pc-linux-gnu/bin/../lib/gcc/nios2-elf/5.3.0/../../../../../H-x86_64-pc-linux-gnu/nios2-elf/lib/libc.a(lib_a-assert.o)
                0x00000000000019dc                __assert
 .text          0x00000000000019f0        0x0 /home/ubuntu/intelFPGA_lite/16.1/nios2eds/bin/gnu/H-x86_64-pc-linux-gnu/bin/../lib/gcc/nios2-elf/5.3.0/../../../../../H-x86_64-pc-linux-gnu/nios2-elf/lib/libc.a(lib_a-calloc.o)
 .text.calloc   0x00000000000019f0       0x18 /home/ubuntu/intelFPGA_lite/16.1/nios2eds/bin/gnu/H-x86_64-pc-linux-gnu/bin/../lib/gcc/nios2-elf/5.3.0/../../../../../H-x86_64-pc-linux-gnu/nios2-elf/lib/libc.a(lib_a-calloc.o)
                0x00000000000019f0                calloc
 .text          0x0000000000001a08        0x0 /home/ubuntu/intelFPGA_lite/16.1/nios2eds/bin/gnu/H-x86_64-pc-linux-gnu/bin/../lib/gcc/nios2-elf/5.3.0/../../../../../H-x86_64-pc-linux-gnu/nios2-elf/lib/libc.a(lib_a-callocr.o)
 .text._calloc_r
                0x0000000000001a08       0xc4 /home/ubuntu/intelFPGA_lite/16.1/nios2eds/bin/gnu/H-x86_64-pc-linux-gnu/bin/../lib/gcc/nios2-elf/5.3.0/../../../../../H-x86_64-pc-linux-gnu/nios2-elf/lib/libc.a(lib_a-callocr.o)
                0x0000000000001a08                _calloc_r
 .text          0x0000000000001acc        0x0 /home/ubuntu/intelFPGA_lite/16.1/nios2eds/bin/gnu/H-x86_64-pc-linux-gnu/bin/../lib/gcc/nios2-elf/5.3.0/../../../../../H-x86_64-pc-linux-gnu/nios2-elf/lib/libc.a(lib_a-exit.o)
 .text.exit     0x0000000000001acc       0x38 /home/ubuntu/intelFPGA_lite/16.1/nios2eds/bin/gnu/H-x86_64-pc-linux-gnu/bin/../lib/gcc/nios2-elf/5.3.0/../../../../../H-x86_64-pc-linux-gnu/nios2-elf/lib/libc.a(lib_a-exit.o)
                0x0000000000001acc                exit
 .text          0x0000000000001b04        0x0 /home/ubuntu/intelFPGA_lite/16.1/nios2eds/bin/gnu/H-x86_64-pc-linux-gnu/bin/../lib/gcc/nios2-elf/5.3.0/../../../../../H-x86_64-pc-linux-gnu/nios2-elf/lib/libc.a(lib_a-fiprintf.o)
 .text._fiprintf_r
                0x0000000000001b04       0x20 /home/ubuntu/intelFPGA_lite/16.1/nios2eds/bin/gnu/H-x86_64-pc-linux-gnu/bin/../lib/gcc/nios2-elf/5.3.0/../../../../../H-x86_64-pc-linux-gnu/nios2-elf/lib/libc.a(lib_a-fiprintf.o)
                0x0000000000001b04                _fiprintf_r
 .text.fiprintf
                0x0000000000001b24       0x3c /home/ubuntu/intelFPGA_lite/16.1/nios2eds/bin/gnu/H-x86_64-pc-linux-gnu/bin/../lib/gcc/nios2-elf/5.3.0/../../../../../H-x86_64-pc-linux-gnu/nios2-elf/lib/libc.a(lib_a-fiprintf.o)
                0x0000000000001b24                fiprintf
 .text          0x0000000000001b60        0x0 /home/ubuntu/intelFPGA_lite/16.1/nios2eds/bin/gnu/H-x86_64-pc-linux-gnu/bin/../lib/gcc/nios2-elf/5.3.0/../../../../../H-x86_64-pc-linux-gnu/nios2-elf/lib/libc.a(lib_a-fwrite.o)
 .text._fwrite_r
                0x0000000000001b60       0xcc /home/ubuntu/intelFPGA_lite/16.1/nios2eds/bin/gnu/H-x86_64-pc-linux-gnu/bin/../lib/gcc/nios2-elf/5.3.0/../../../../../H-x86_64-pc-linux-gnu/nios2-elf/lib/libc.a(lib_a-fwrite.o)
                0x0000000000001b60                _fwrite_r
 .text.fwrite   0x0000000000001c2c       0x34 /home/ubuntu/intelFPGA_lite/16.1/nios2eds/bin/gnu/H-x86_64-pc-linux-gnu/bin/../lib/gcc/nios2-elf/5.3.0/../../../../../H-x86_64-pc-linux-gnu/nios2-elf/lib/libc.a(lib_a-fwrite.o)
                0x0000000000001c2c                fwrite
 .text          0x0000000000001c60        0x0 /home/ubuntu/intelFPGA_lite/16.1/nios2eds/bin/gnu/H-x86_64-pc-linux-gnu/bin/../lib/gcc/nios2-elf/5.3.0/../../../../../H-x86_64-pc-linux-gnu/nios2-elf/lib/libc.a(lib_a-impure.o)
 .text          0x0000000000001c60        0x0 /home/ubuntu/intelFPGA_lite/16.1/nios2eds/bin/gnu/H-x86_64-pc-linux-gnu/bin/../lib/gcc/nios2-elf/5.3.0/../../../../../H-x86_64-pc-linux-gnu/nios2-elf/lib/libc.a(lib_a-malloc.o)
 .text.malloc   0x0000000000001c60       0x14 /home/ubuntu/intelFPGA_lite/16.1/nios2eds/bin/gnu/H-x86_64-pc-linux-gnu/bin/../lib/gcc/nios2-elf/5.3.0/../../../../../H-x86_64-pc-linux-gnu/nios2-elf/lib/libc.a(lib_a-malloc.o)
                0x0000000000001c60                malloc
 .text.free     0x0000000000001c74       0x14 /home/ubuntu/intelFPGA_lite/16.1/nios2eds/bin/gnu/H-x86_64-pc-linux-gnu/bin/../lib/gcc/nios2-elf/5.3.0/../../../../../H-x86_64-pc-linux-gnu/nios2-elf/lib/libc.a(lib_a-malloc.o)
                0x0000000000001c74                free
 .text          0x0000000000001c88        0x0 /home/ubuntu/intelFPGA_lite/16.1/nios2eds/bin/gnu/H-x86_64-pc-linux-gnu/bin/../lib/gcc/nios2-elf/5.3.0/../../../../../H-x86_64-pc-linux-gnu/nios2-elf/lib/libc.a(lib_a-mallocr.o)
 .text._malloc_r
                0x0000000000001c88      0x80c /home/ubuntu/intelFPGA_lite/16.1/nios2eds/bin/gnu/H-x86_64-pc-linux-gnu/bin/../lib/gcc/nios2-elf/5.3.0/../../../../../H-x86_64-pc-linux-gnu/nios2-elf/lib/libc.a(lib_a-mallocr.o)
                0x0000000000001c88                _malloc_r
 .text          0x0000000000002494        0x0 /home/ubuntu/intelFPGA_lite/16.1/nios2eds/bin/gnu/H-x86_64-pc-linux-gnu/bin/../lib/gcc/nios2-elf/5.3.0/../../../../../H-x86_64-pc-linux-gnu/nios2-elf/lib/libc.a(lib_a-memcmp.o)
 .text.memcmp   0x0000000000002494       0x7c /home/ubuntu/intelFPGA_lite/16.1/nios2eds/bin/gnu/H-x86_64-pc-linux-gnu/bin/../lib/gcc/nios2-elf/5.3.0/../../../../../H-x86_64-pc-linux-gnu/nios2-elf/lib/libc.a(lib_a-memcmp.o)
                0x0000000000002494                memcmp
 .text          0x0000000000002510        0x0 /home/ubuntu/intelFPGA_lite/16.1/nios2eds/bin/gnu/H-x86_64-pc-linux-gnu/bin/../lib/gcc/nios2-elf/5.3.0/../../../../../H-x86_64-pc-linux-gnu/nios2-elf/lib/libc.a(lib_a-memcpy.o)
 .text.memcpy   0x0000000000002510      0x148 /home/ubuntu/intelFPGA_lite/16.1/nios2eds/bin/gnu/H-x86_64-pc-linux-gnu/bin/../lib/gcc/nios2-elf/5.3.0/../../../../../H-x86_64-pc-linux-gnu/nios2-elf/lib/libc.a(lib_a-memcpy.o)
                0x0000000000002510                memcpy
 .text          0x0000000000002658        0x0 /home/ubuntu/intelFPGA_lite/16.1/nios2eds/bin/gnu/H-x86_64-pc-linux-gnu/bin/../lib/gcc/nios2-elf/5.3.0/../../../../../H-x86_64-pc-linux-gnu/nios2-elf/lib/libc.a(lib_a-memmove.o)
 .text.memmove  0x0000000000002658      0x15c /home/ubuntu/intelFPGA_lite/16.1/nios2eds/bin/gnu/H-x86_64-pc-linux-gnu/bin/../lib/gcc/nios2-elf/5.3.0/../../../../../H-x86_64-pc-linux-gnu/nios2-elf/lib/libc.a(lib_a-memmove.o)
                0x0000000000002658                memmove
 .text          0x00000000000027b4        0x0 /home/ubuntu/intelFPGA_lite/16.1/nios2eds/bin/gnu/H-x86_64-pc-linux-gnu/bin/../lib/gcc/nios2-elf/5.3.0/../../../../../H-x86_64-pc-linux-gnu/nios2-elf/lib/libc.a(lib_a-memset.o)
 .text.memset   0x00000000000027b4      0x128 /home/ubuntu/intelFPGA_lite/16.1/nios2eds/bin/gnu/H-x86_64-pc-linux-gnu/bin/../lib/gcc/nios2-elf/5.3.0/../../../../../H-x86_64-pc-linux-gnu/nios2-elf/lib/libc.a(lib_a-memset.o)
                0x00000000000027b4                memset
 .text          0x00000000000028dc        0x0 /home/ubuntu/intelFPGA_lite/16.1/nios2eds/bin/gnu/H-x86_64-pc-linux-gnu/bin/../lib/gcc/nios2-elf/5.3.0/../../../../../H-x86_64-pc-linux-gnu/nios2-elf/lib/libc.a(lib_a-printf.o)
 .text._printf_r
                0x00000000000028dc       0x30 /home/ubuntu/intelFPGA_lite/16.1/nios2eds/bin/gnu/H-x86_64-pc-linux-gnu/bin/../lib/gcc/nios2-elf/5.3.0/../../../../../H-x86_64-pc-linux-gnu/nios2-elf/lib/libc.a(lib_a-printf.o)
                0x00000000000028dc                _printf_r
 .text.printf   0x000000000000290c       0x3c /home/ubuntu/intelFPGA_lite/16.1/nios2eds/bin/gnu/H-x86_64-pc-linux-gnu/bin/../lib/gcc/nios2-elf/5.3.0/../../../../../H-x86_64-pc-linux-gnu/nios2-elf/lib/libc.a(lib_a-printf.o)
                0x000000000000290c                printf
 .text          0x0000000000002948        0x0 /home/ubuntu/intelFPGA_lite/16.1/nios2eds/bin/gnu/H-x86_64-pc-linux-gnu/bin/../lib/gcc/nios2-elf/5.3.0/../../../../../H-x86_64-pc-linux-gnu/nios2-elf/lib/libc.a(lib_a-puts.o)
 .text._puts_r  0x0000000000002948       0xc0 /home/ubuntu/intelFPGA_lite/16.1/nios2eds/bin/gnu/H-x86_64-pc-linux-gnu/bin/../lib/gcc/nios2-elf/5.3.0/../../../../../H-x86_64-pc-linux-gnu/nios2-elf/lib/libc.a(lib_a-puts.o)
                0x0000000000002948                _puts_r
 .text.puts     0x0000000000002a08       0x14 /home/ubuntu/intelFPGA_lite/16.1/nios2eds/bin/gnu/H-x86_64-pc-linux-gnu/bin/../lib/gcc/nios2-elf/5.3.0/../../../../../H-x86_64-pc-linux-gnu/nios2-elf/lib/libc.a(lib_a-puts.o)
                0x0000000000002a08                puts
 .text          0x0000000000002a1c        0x0 /home/ubuntu/intelFPGA_lite/16.1/nios2eds/bin/gnu/H-x86_64-pc-linux-gnu/bin/../lib/gcc/nios2-elf/5.3.0/../../../../../H-x86_64-pc-linux-gnu/nios2-elf/lib/libc.a(lib_a-realloc.o)
 .text.realloc  0x0000000000002a1c       0x18 /home/ubuntu/intelFPGA_lite/16.1/nios2eds/bin/gnu/H-x86_64-pc-linux-gnu/bin/../lib/gcc/nios2-elf/5.3.0/../../../../../H-x86_64-pc-linux-gnu/nios2-elf/lib/libc.a(lib_a-realloc.o)
                0x0000000000002a1c                realloc
 .text          0x0000000000002a34        0x0 /home/ubuntu/intelFPGA_lite/16.1/nios2eds/bin/gnu/H-x86_64-pc-linux-gnu/bin/../lib/gcc/nios2-elf/5.3.0/../../../../../H-x86_64-pc-linux-gnu/nios2-elf/lib/libc.a(lib_a-reallocr.o)
 .text._realloc_r
                0x0000000000002a34      0x564 /home/ubuntu/intelFPGA_lite/16.1/nios2eds/bin/gnu/H-x86_64-pc-linux-gnu/bin/../lib/gcc/nios2-elf/5.3.0/../../../../../H-x86_64-pc-linux-gnu/nios2-elf/lib/libc.a(lib_a-reallocr.o)
                0x0000000000002a34                _realloc_r
 .text          0x0000000000002f98        0x0 /home/ubuntu/intelFPGA_lite/16.1/nios2eds/bin/gnu/H-x86_64-pc-linux-gnu/bin/../lib/gcc/nios2-elf/5.3.0/../../../../../H-x86_64-pc-linux-gnu/nios2-elf/lib/libc.a(lib_a-sbrkr.o)
 .text._sbrk_r  0x0000000000002f98       0x54 /home/ubuntu/intelFPGA_lite/16.1/nios2eds/bin/gnu/H-x86_64-pc-linux-gnu/bin/../lib/gcc/nios2-elf/5.3.0/../../../../../H-x86_64-pc-linux-gnu/nios2-elf/lib/libc.a(lib_a-sbrkr.o)
                0x0000000000002f98                _sbrk_r
 .text          0x0000000000002fec        0x0 /home/ubuntu/intelFPGA_lite/16.1/nios2eds/bin/gnu/H-x86_64-pc-linux-gnu/bin/../lib/gcc/nios2-elf/5.3.0/../../../../../H-x86_64-pc-linux-gnu/nios2-elf/lib/libc.a(lib_a-strlen.o)
 .text.strlen   0x0000000000002fec       0x98 /home/ubuntu/intelFPGA_lite/16.1/nios2eds/bin/gnu/H-x86_64-pc-linux-gnu/bin/../lib/gcc/nios2-elf/5.3.0/../../../../../H-x86_64-pc-linux-gnu/nios2-elf/lib/libc.a(lib_a-strlen.o)
                0x0000000000002fec                strlen
 .text          0x0000000000003084        0x0 /home/ubuntu/intelFPGA_lite/16.1/nios2eds/bin/gnu/H-x86_64-pc-linux-gnu/bin/../lib/gcc/nios2-elf/5.3.0/../../../../../H-x86_64-pc-linux-gnu/nios2-elf/lib/libc.a(lib_a-vfiprintfr_1.o)
 .text._vfiprintf_r
                0x0000000000003084       0x18 /home/ubuntu/intelFPGA_lite/16.1/nios2eds/bin/gnu/H-x86_64-pc-linux-gnu/bin/../lib/gcc/nios2-elf/5.3.0/../../../../../H-x86_64-pc-linux-gnu/nios2-elf/lib/libc.a(lib_a-vfiprintfr_1.o)
                0x0000000000003084                _vfiprintf_r
 .text          0x000000000000309c        0x0 /home/ubuntu/intelFPGA_lite/16.1/nios2eds/bin/gnu/H-x86_64-pc-linux-gnu/bin/../lib/gcc/nios2-elf/5.3.0/../../../../../H-x86_64-pc-linux-gnu/nios2-elf/lib/libc.a(lib_a-vfprintf.o)
 .text.___vfprintf_internal_r
                0x000000000000309c     0x21f8 /home/ubuntu/intelFPGA_lite/16.1/nios2eds/bin/gnu/H-x86_64-pc-linux-gnu/bin/../lib/gcc/nios2-elf/5.3.0/../../../../../H-x86_64-pc-linux-gnu/nios2-elf/lib/libc.a(lib_a-vfprintf.o)
                0x000000000000309c                ___vfprintf_internal_r
 .text.__vfprintf_internal
                0x0000000000005294       0x1c /home/ubuntu/intelFPGA_lite/16.1/nios2eds/bin/gnu/H-x86_64-pc-linux-gnu/bin/../lib/gcc/nios2-elf/5.3.0/../../../../../H-x86_64-pc-linux-gnu/nios2-elf/lib/libc.a(lib_a-vfprintf.o)
                0x0000000000005294                __vfprintf_internal
 .text.__sbprintf
                0x00000000000052b0       0xbc /home/ubuntu/intelFPGA_lite/16.1/nios2eds/bin/gnu/H-x86_64-pc-linux-gnu/bin/../lib/gcc/nios2-elf/5.3.0/../../../../../H-x86_64-pc-linux-gnu/nios2-elf/lib/libc.a(lib_a-vfprintf.o)
 .text          0x000000000000536c        0x0 /home/ubuntu/intelFPGA_lite/16.1/nios2eds/bin/gnu/H-x86_64-pc-linux-gnu/bin/../lib/gcc/nios2-elf/5.3.0/../../../../../H-x86_64-pc-linux-gnu/nios2-elf/lib/libc.a(lib_a-wsetup.o)
 .text.__swsetup_r
                0x000000000000536c      0x154 /home/ubuntu/intelFPGA_lite/16.1/nios2eds/bin/gnu/H-x86_64-pc-linux-gnu/bin/../lib/gcc/nios2-elf/5.3.0/../../../../../H-x86_64-pc-linux-gnu/nios2-elf/lib/libc.a(lib_a-wsetup.o)
                0x000000000000536c                __swsetup_r
 .text          0x00000000000054c0        0x0 /home/ubuntu/intelFPGA_lite/16.1/nios2eds/bin/gnu/H-x86_64-pc-linux-gnu/bin/../lib/gcc/nios2-elf/5.3.0/../../../../../H-x86_64-pc-linux-gnu/nios2-elf/lib/libc.a(lib_a-__call_atexit.o)
 .text.__call_exitprocs
                0x00000000000054c0      0x180 /home/ubuntu/intelFPGA_lite/16.1/nios2eds/bin/gnu/H-x86_64-pc-linux-gnu/bin/../lib/gcc/nios2-elf/5.3.0/../../../../../H-x86_64-pc-linux-gnu/nios2-elf/lib/libc.a(lib_a-__call_atexit.o)
                0x00000000000054c0                __call_exitprocs
 .text          0x0000000000005640        0x0 /home/ubuntu/intelFPGA_lite/16.1/nios2eds/bin/gnu/H-x86_64-pc-linux-gnu/bin/../lib/gcc/nios2-elf/5.3.0/../../../../../H-x86_64-pc-linux-gnu/nios2-elf/lib/libc.a(lib_a-abort.o)
 .text.abort    0x0000000000005640       0x18 /home/ubuntu/intelFPGA_lite/16.1/nios2eds/bin/gnu/H-x86_64-pc-linux-gnu/bin/../lib/gcc/nios2-elf/5.3.0/../../../../../H-x86_64-pc-linux-gnu/nios2-elf/lib/libc.a(lib_a-abort.o)
                0x0000000000005640                abort
 .text          0x0000000000005658        0x0 /home/ubuntu/intelFPGA_lite/16.1/nios2eds/bin/gnu/H-x86_64-pc-linux-gnu/bin/../lib/gcc/nios2-elf/5.3.0/../../../../../H-x86_64-pc-linux-gnu/nios2-elf/lib/libc.a(lib_a-dtoa.o)
 .text.quorem   0x0000000000005658      0x200 /home/ubuntu/intelFPGA_lite/16.1/nios2eds/bin/gnu/H-x86_64-pc-linux-gnu/bin/../lib/gcc/nios2-elf/5.3.0/../../../../../H-x86_64-pc-linux-gnu/nios2-elf/lib/libc.a(lib_a-dtoa.o)
 .text._dtoa_r  0x0000000000005858     0x1688 /home/ubuntu/intelFPGA_lite/16.1/nios2eds/bin/gnu/H-x86_64-pc-linux-gnu/bin/../lib/gcc/nios2-elf/5.3.0/../../../../../H-x86_64-pc-linux-gnu/nios2-elf/lib/libc.a(lib_a-dtoa.o)
                0x0000000000005858                _dtoa_r
 .text          0x0000000000006ee0        0x0 /home/ubuntu/intelFPGA_lite/16.1/nios2eds/bin/gnu/H-x86_64-pc-linux-gnu/bin/../lib/gcc/nios2-elf/5.3.0/../../../../../H-x86_64-pc-linux-gnu/nios2-elf/lib/libc.a(lib_a-fflush.o)
 .text.__sflush_r
                0x0000000000006ee0      0x21c /home/ubuntu/intelFPGA_lite/16.1/nios2eds/bin/gnu/H-x86_64-pc-linux-gnu/bin/../lib/gcc/nios2-elf/5.3.0/../../../../../H-x86_64-pc-linux-gnu/nios2-elf/lib/libc.a(lib_a-fflush.o)
                0x0000000000006ee0                __sflush_r
 .text._fflush_r
                0x00000000000070fc       0x5c /home/ubuntu/intelFPGA_lite/16.1/nios2eds/bin/gnu/H-x86_64-pc-linux-gnu/bin/../lib/gcc/nios2-elf/5.3.0/../../../../../H-x86_64-pc-linux-gnu/nios2-elf/lib/libc.a(lib_a-fflush.o)
                0x00000000000070fc                _fflush_r
 .text.fflush   0x0000000000007158       0x30 /home/ubuntu/intelFPGA_lite/16.1/nios2eds/bin/gnu/H-x86_64-pc-linux-gnu/bin/../lib/gcc/nios2-elf/5.3.0/../../../../../H-x86_64-pc-linux-gnu/nios2-elf/lib/libc.a(lib_a-fflush.o)
                0x0000000000007158                fflush
 .text          0x0000000000007188        0x0 /home/ubuntu/intelFPGA_lite/16.1/nios2eds/bin/gnu/H-x86_64-pc-linux-gnu/bin/../lib/gcc/nios2-elf/5.3.0/../../../../../H-x86_64-pc-linux-gnu/nios2-elf/lib/libc.a(lib_a-findfp.o)
 .text.__fp_unlock
                0x0000000000007188        0x8 /home/ubuntu/intelFPGA_lite/16.1/nios2eds/bin/gnu/H-x86_64-pc-linux-gnu/bin/../lib/gcc/nios2-elf/5.3.0/../../../../../H-x86_64-pc-linux-gnu/nios2-elf/lib/libc.a(lib_a-findfp.o)
 .text._cleanup_r
                0x0000000000007190        0xc /home/ubuntu/intelFPGA_lite/16.1/nios2eds/bin/gnu/H-x86_64-pc-linux-gnu/bin/../lib/gcc/nios2-elf/5.3.0/../../../../../H-x86_64-pc-linux-gnu/nios2-elf/lib/libc.a(lib_a-findfp.o)
                0x0000000000007190                _cleanup_r
 .text.__sinit.part.1
                0x000000000000719c      0x19c /home/ubuntu/intelFPGA_lite/16.1/nios2eds/bin/gnu/H-x86_64-pc-linux-gnu/bin/../lib/gcc/nios2-elf/5.3.0/../../../../../H-x86_64-pc-linux-gnu/nios2-elf/lib/libc.a(lib_a-findfp.o)
 .text.__fp_lock
                0x0000000000007338        0x8 /home/ubuntu/intelFPGA_lite/16.1/nios2eds/bin/gnu/H-x86_64-pc-linux-gnu/bin/../lib/gcc/nios2-elf/5.3.0/../../../../../H-x86_64-pc-linux-gnu/nios2-elf/lib/libc.a(lib_a-findfp.o)
 .text.__sfmoreglue
                0x0000000000007340       0x68 /home/ubuntu/intelFPGA_lite/16.1/nios2eds/bin/gnu/H-x86_64-pc-linux-gnu/bin/../lib/gcc/nios2-elf/5.3.0/../../../../../H-x86_64-pc-linux-gnu/nios2-elf/lib/libc.a(lib_a-findfp.o)
                0x0000000000007340                __sfmoreglue
 .text.__sfp    0x00000000000073a8      0x118 /home/ubuntu/intelFPGA_lite/16.1/nios2eds/bin/gnu/H-x86_64-pc-linux-gnu/bin/../lib/gcc/nios2-elf/5.3.0/../../../../../H-x86_64-pc-linux-gnu/nios2-elf/lib/libc.a(lib_a-findfp.o)
                0x00000000000073a8                __sfp
 .text._cleanup
                0x00000000000074c0       0x18 /home/ubuntu/intelFPGA_lite/16.1/nios2eds/bin/gnu/H-x86_64-pc-linux-gnu/bin/../lib/gcc/nios2-elf/5.3.0/../../../../../H-x86_64-pc-linux-gnu/nios2-elf/lib/libc.a(lib_a-findfp.o)
                0x00000000000074c0                _cleanup
 .text.__sinit  0x00000000000074d8       0x10 /home/ubuntu/intelFPGA_lite/16.1/nios2eds/bin/gnu/H-x86_64-pc-linux-gnu/bin/../lib/gcc/nios2-elf/5.3.0/../../../../../H-x86_64-pc-linux-gnu/nios2-elf/lib/libc.a(lib_a-findfp.o)
                0x00000000000074d8                __sinit
 .text.__sfp_lock_acquire
                0x00000000000074e8        0x4 /home/ubuntu/intelFPGA_lite/16.1/nios2eds/bin/gnu/H-x86_64-pc-linux-gnu/bin/../lib/gcc/nios2-elf/5.3.0/../../../../../H-x86_64-pc-linux-gnu/nios2-elf/lib/libc.a(lib_a-findfp.o)
                0x00000000000074e8                __sfp_lock_acquire
 .text.__sfp_lock_release
                0x00000000000074ec        0x4 /home/ubuntu/intelFPGA_lite/16.1/nios2eds/bin/gnu/H-x86_64-pc-linux-gnu/bin/../lib/gcc/nios2-elf/5.3.0/../../../../../H-x86_64-pc-linux-gnu/nios2-elf/lib/libc.a(lib_a-findfp.o)
                0x00000000000074ec                __sfp_lock_release
 .text.__sinit_lock_acquire
                0x00000000000074f0        0x4 /home/ubuntu/intelFPGA_lite/16.1/nios2eds/bin/gnu/H-x86_64-pc-linux-gnu/bin/../lib/gcc/nios2-elf/5.3.0/../../../../../H-x86_64-pc-linux-gnu/nios2-elf/lib/libc.a(lib_a-findfp.o)
                0x00000000000074f0                __sinit_lock_acquire
 .text.__sinit_lock_release
                0x00000000000074f4        0x4 /home/ubuntu/intelFPGA_lite/16.1/nios2eds/bin/gnu/H-x86_64-pc-linux-gnu/bin/../lib/gcc/nios2-elf/5.3.0/../../../../../H-x86_64-pc-linux-gnu/nios2-elf/lib/libc.a(lib_a-findfp.o)
                0x00000000000074f4                __sinit_lock_release
 .text.__fp_lock_all
                0x00000000000074f8       0x18 /home/ubuntu/intelFPGA_lite/16.1/nios2eds/bin/gnu/H-x86_64-pc-linux-gnu/bin/../lib/gcc/nios2-elf/5.3.0/../../../../../H-x86_64-pc-linux-gnu/nios2-elf/lib/libc.a(lib_a-findfp.o)
                0x00000000000074f8                __fp_lock_all
 .text.__fp_unlock_all
                0x0000000000007510       0x18 /home/ubuntu/intelFPGA_lite/16.1/nios2eds/bin/gnu/H-x86_64-pc-linux-gnu/bin/../lib/gcc/nios2-elf/5.3.0/../../../../../H-x86_64-pc-linux-gnu/nios2-elf/lib/libc.a(lib_a-findfp.o)
                0x0000000000007510                __fp_unlock_all
 .text          0x0000000000007528        0x0 /home/ubuntu/intelFPGA_lite/16.1/nios2eds/bin/gnu/H-x86_64-pc-linux-gnu/bin/../lib/gcc/nios2-elf/5.3.0/../../../../../H-x86_64-pc-linux-gnu/nios2-elf/lib/libc.a(lib_a-freer.o)
 .text._malloc_trim_r
                0x0000000000007528      0x124 /home/ubuntu/intelFPGA_lite/16.1/nios2eds/bin/gnu/H-x86_64-pc-linux-gnu/bin/../lib/gcc/nios2-elf/5.3.0/../../../../../H-x86_64-pc-linux-gnu/nios2-elf/lib/libc.a(lib_a-freer.o)
                0x0000000000007528                _malloc_trim_r
 .text._free_r  0x000000000000764c      0x310 /home/ubuntu/intelFPGA_lite/16.1/nios2eds/bin/gnu/H-x86_64-pc-linux-gnu/bin/../lib/gcc/nios2-elf/5.3.0/../../../../../H-x86_64-pc-linux-gnu/nios2-elf/lib/libc.a(lib_a-freer.o)
                0x000000000000764c                _free_r
 .text          0x000000000000795c        0x0 /home/ubuntu/intelFPGA_lite/16.1/nios2eds/bin/gnu/H-x86_64-pc-linux-gnu/bin/../lib/gcc/nios2-elf/5.3.0/../../../../../H-x86_64-pc-linux-gnu/nios2-elf/lib/libc.a(lib_a-fvwrite.o)
 .text.__sfvwrite_r
                0x000000000000795c      0x4bc /home/ubuntu/intelFPGA_lite/16.1/nios2eds/bin/gnu/H-x86_64-pc-linux-gnu/bin/../lib/gcc/nios2-elf/5.3.0/../../../../../H-x86_64-pc-linux-gnu/nios2-elf/lib/libc.a(lib_a-fvwrite.o)
                0x000000000000795c                __sfvwrite_r
 .text          0x0000000000007e18        0x0 /home/ubuntu/intelFPGA_lite/16.1/nios2eds/bin/gnu/H-x86_64-pc-linux-gnu/bin/../lib/gcc/nios2-elf/5.3.0/../../../../../H-x86_64-pc-linux-gnu/nios2-elf/lib/libc.a(lib_a-fwalk.o)
 .text._fwalk   0x0000000000007e18       0xc4 /home/ubuntu/intelFPGA_lite/16.1/nios2eds/bin/gnu/H-x86_64-pc-linux-gnu/bin/../lib/gcc/nios2-elf/5.3.0/../../../../../H-x86_64-pc-linux-gnu/nios2-elf/lib/libc.a(lib_a-fwalk.o)
                0x0000000000007e18                _fwalk
 .text._fwalk_reent
                0x0000000000007edc       0xc4 /home/ubuntu/intelFPGA_lite/16.1/nios2eds/bin/gnu/H-x86_64-pc-linux-gnu/bin/../lib/gcc/nios2-elf/5.3.0/../../../../../H-x86_64-pc-linux-gnu/nios2-elf/lib/libc.a(lib_a-fwalk.o)
                0x0000000000007edc                _fwalk_reent
 .text          0x0000000000007fa0        0x0 /home/ubuntu/intelFPGA_lite/16.1/nios2eds/bin/gnu/H-x86_64-pc-linux-gnu/bin/../lib/gcc/nios2-elf/5.3.0/../../../../../H-x86_64-pc-linux-gnu/nios2-elf/lib/libc.a(lib_a-int_errno.o)
 .text          0x0000000000007fa0        0x0 /home/ubuntu/intelFPGA_lite/16.1/nios2eds/bin/gnu/H-x86_64-pc-linux-gnu/bin/../lib/gcc/nios2-elf/5.3.0/../../../../../H-x86_64-pc-linux-gnu/nios2-elf/lib/libc.a(lib_a-locale.o)
 .text._setlocale_r
                0x0000000000007fa0       0x7c /home/ubuntu/intelFPGA_lite/16.1/nios2eds/bin/gnu/H-x86_64-pc-linux-gnu/bin/../lib/gcc/nios2-elf/5.3.0/../../../../../H-x86_64-pc-linux-gnu/nios2-elf/lib/libc.a(lib_a-locale.o)
                0x0000000000007fa0                _setlocale_r
 .text.__locale_charset
                0x000000000000801c        0xc /home/ubuntu/intelFPGA_lite/16.1/nios2eds/bin/gnu/H-x86_64-pc-linux-gnu/bin/../lib/gcc/nios2-elf/5.3.0/../../../../../H-x86_64-pc-linux-gnu/nios2-elf/lib/libc.a(lib_a-locale.o)
                0x000000000000801c                __locale_charset
 .text.__locale_mb_cur_max
                0x0000000000008028       0x10 /home/ubuntu/intelFPGA_lite/16.1/nios2eds/bin/gnu/H-x86_64-pc-linux-gnu/bin/../lib/gcc/nios2-elf/5.3.0/../../../../../H-x86_64-pc-linux-gnu/nios2-elf/lib/libc.a(lib_a-locale.o)
                0x0000000000008028                __locale_mb_cur_max
 .text.__locale_msgcharset
                0x0000000000008038        0xc /home/ubuntu/intelFPGA_lite/16.1/nios2eds/bin/gnu/H-x86_64-pc-linux-gnu/bin/../lib/gcc/nios2-elf/5.3.0/../../../../../H-x86_64-pc-linux-gnu/nios2-elf/lib/libc.a(lib_a-locale.o)
                0x0000000000008038                __locale_msgcharset
 .text.__locale_cjk_lang
                0x0000000000008044        0x8 /home/ubuntu/intelFPGA_lite/16.1/nios2eds/bin/gnu/H-x86_64-pc-linux-gnu/bin/../lib/gcc/nios2-elf/5.3.0/../../../../../H-x86_64-pc-linux-gnu/nios2-elf/lib/libc.a(lib_a-locale.o)
                0x0000000000008044                __locale_cjk_lang
 .text._localeconv_r
                0x000000000000804c        0xc /home/ubuntu/intelFPGA_lite/16.1/nios2eds/bin/gnu/H-x86_64-pc-linux-gnu/bin/../lib/gcc/nios2-elf/5.3.0/../../../../../H-x86_64-pc-linux-gnu/nios2-elf/lib/libc.a(lib_a-locale.o)
                0x000000000000804c                _localeconv_r
 .text.setlocale
                0x0000000000008058       0x18 /home/ubuntu/intelFPGA_lite/16.1/nios2eds/bin/gnu/H-x86_64-pc-linux-gnu/bin/../lib/gcc/nios2-elf/5.3.0/../../../../../H-x86_64-pc-linux-gnu/nios2-elf/lib/libc.a(lib_a-locale.o)
                0x0000000000008058                setlocale
 .text.localeconv
                0x0000000000008070        0xc /home/ubuntu/intelFPGA_lite/16.1/nios2eds/bin/gnu/H-x86_64-pc-linux-gnu/bin/../lib/gcc/nios2-elf/5.3.0/../../../../../H-x86_64-pc-linux-gnu/nios2-elf/lib/libc.a(lib_a-locale.o)
                0x0000000000008070                localeconv
 .text          0x000000000000807c        0x0 /home/ubuntu/intelFPGA_lite/16.1/nios2eds/bin/gnu/H-x86_64-pc-linux-gnu/bin/../lib/gcc/nios2-elf/5.3.0/../../../../../H-x86_64-pc-linux-gnu/nios2-elf/lib/libc.a(lib_a-makebuf.o)
 .text.__smakebuf_r
                0x000000000000807c      0x1bc /home/ubuntu/intelFPGA_lite/16.1/nios2eds/bin/gnu/H-x86_64-pc-linux-gnu/bin/../lib/gcc/nios2-elf/5.3.0/../../../../../H-x86_64-pc-linux-gnu/nios2-elf/lib/libc.a(lib_a-makebuf.o)
                0x000000000000807c                __smakebuf_r
 .text          0x0000000000008238        0x0 /home/ubuntu/intelFPGA_lite/16.1/nios2eds/bin/gnu/H-x86_64-pc-linux-gnu/bin/../lib/gcc/nios2-elf/5.3.0/../../../../../H-x86_64-pc-linux-gnu/nios2-elf/lib/libc.a(lib_a-memchr.o)
 .text.memchr   0x0000000000008238       0xe4 /home/ubuntu/intelFPGA_lite/16.1/nios2eds/bin/gnu/H-x86_64-pc-linux-gnu/bin/../lib/gcc/nios2-elf/5.3.0/../../../../../H-x86_64-pc-linux-gnu/nios2-elf/lib/libc.a(lib_a-memchr.o)
                0x0000000000008238                memchr
 .text          0x000000000000831c        0x0 /home/ubuntu/intelFPGA_lite/16.1/nios2eds/bin/gnu/H-x86_64-pc-linux-gnu/bin/../lib/gcc/nios2-elf/5.3.0/../../../../../H-x86_64-pc-linux-gnu/nios2-elf/lib/libc.a(lib_a-mprec.o)
 .text._Balloc  0x000000000000831c       0xa8 /home/ubuntu/intelFPGA_lite/16.1/nios2eds/bin/gnu/H-x86_64-pc-linux-gnu/bin/../lib/gcc/nios2-elf/5.3.0/../../../../../H-x86_64-pc-linux-gnu/nios2-elf/lib/libc.a(lib_a-mprec.o)
                0x000000000000831c                _Balloc
 .text._Bfree   0x00000000000083c4       0x28 /home/ubuntu/intelFPGA_lite/16.1/nios2eds/bin/gnu/H-x86_64-pc-linux-gnu/bin/../lib/gcc/nios2-elf/5.3.0/../../../../../H-x86_64-pc-linux-gnu/nios2-elf/lib/libc.a(lib_a-mprec.o)
                0x00000000000083c4                _Bfree
 .text.__multadd
                0x00000000000083ec      0x120 /home/ubuntu/intelFPGA_lite/16.1/nios2eds/bin/gnu/H-x86_64-pc-linux-gnu/bin/../lib/gcc/nios2-elf/5.3.0/../../../../../H-x86_64-pc-linux-gnu/nios2-elf/lib/libc.a(lib_a-mprec.o)
                0x00000000000083ec                __multadd
 .text.__s2b    0x000000000000850c      0x104 /home/ubuntu/intelFPGA_lite/16.1/nios2eds/bin/gnu/H-x86_64-pc-linux-gnu/bin/../lib/gcc/nios2-elf/5.3.0/../../../../../H-x86_64-pc-linux-gnu/nios2-elf/lib/libc.a(lib_a-mprec.o)
                0x000000000000850c                __s2b
 .text.__hi0bits
                0x0000000000008610       0x68 /home/ubuntu/intelFPGA_lite/16.1/nios2eds/bin/gnu/H-x86_64-pc-linux-gnu/bin/../lib/gcc/nios2-elf/5.3.0/../../../../../H-x86_64-pc-linux-gnu/nios2-elf/lib/libc.a(lib_a-mprec.o)
                0x0000000000008610                __hi0bits
 .text.__lo0bits
                0x0000000000008678       0xb0 /home/ubuntu/intelFPGA_lite/16.1/nios2eds/bin/gnu/H-x86_64-pc-linux-gnu/bin/../lib/gcc/nios2-elf/5.3.0/../../../../../H-x86_64-pc-linux-gnu/nios2-elf/lib/libc.a(lib_a-mprec.o)
                0x0000000000008678                __lo0bits
 .text.__i2b    0x0000000000008728       0x3c /home/ubuntu/intelFPGA_lite/16.1/nios2eds/bin/gnu/H-x86_64-pc-linux-gnu/bin/../lib/gcc/nios2-elf/5.3.0/../../../../../H-x86_64-pc-linux-gnu/nios2-elf/lib/libc.a(lib_a-mprec.o)
                0x0000000000008728                __i2b
 .text.__multiply
                0x0000000000008764      0x1f8 /home/ubuntu/intelFPGA_lite/16.1/nios2eds/bin/gnu/H-x86_64-pc-linux-gnu/bin/../lib/gcc/nios2-elf/5.3.0/../../../../../H-x86_64-pc-linux-gnu/nios2-elf/lib/libc.a(lib_a-mprec.o)
                0x0000000000008764                __multiply
 .text.__pow5mult
                0x000000000000895c      0x140 /home/ubuntu/intelFPGA_lite/16.1/nios2eds/bin/gnu/H-x86_64-pc-linux-gnu/bin/../lib/gcc/nios2-elf/5.3.0/../../../../../H-x86_64-pc-linux-gnu/nios2-elf/lib/libc.a(lib_a-mprec.o)
                0x000000000000895c                __pow5mult
 .text.__lshift
                0x0000000000008a9c      0x148 /home/ubuntu/intelFPGA_lite/16.1/nios2eds/bin/gnu/H-x86_64-pc-linux-gnu/bin/../lib/gcc/nios2-elf/5.3.0/../../../../../H-x86_64-pc-linux-gnu/nios2-elf/lib/libc.a(lib_a-mprec.o)
                0x0000000000008a9c                __lshift
 .text.__mcmp   0x0000000000008be4       0x60 /home/ubuntu/intelFPGA_lite/16.1/nios2eds/bin/gnu/H-x86_64-pc-linux-gnu/bin/../lib/gcc/nios2-elf/5.3.0/../../../../../H-x86_64-pc-linux-gnu/nios2-elf/lib/libc.a(lib_a-mprec.o)
                0x0000000000008be4                __mcmp
 .text.__mdiff  0x0000000000008c44      0x1fc /home/ubuntu/intelFPGA_lite/16.1/nios2eds/bin/gnu/H-x86_64-pc-linux-gnu/bin/../lib/gcc/nios2-elf/5.3.0/../../../../../H-x86_64-pc-linux-gnu/nios2-elf/lib/libc.a(lib_a-mprec.o)
                0x0000000000008c44                __mdiff
 .text.__ulp    0x0000000000008e40       0x64 /home/ubuntu/intelFPGA_lite/16.1/nios2eds/bin/gnu/H-x86_64-pc-linux-gnu/bin/../lib/gcc/nios2-elf/5.3.0/../../../../../H-x86_64-pc-linux-gnu/nios2-elf/lib/libc.a(lib_a-mprec.o)
                0x0000000000008e40                __ulp
 .text.__b2d    0x0000000000008ea4      0x10c /home/ubuntu/intelFPGA_lite/16.1/nios2eds/bin/gnu/H-x86_64-pc-linux-gnu/bin/../lib/gcc/nios2-elf/5.3.0/../../../../../H-x86_64-pc-linux-gnu/nios2-elf/lib/libc.a(lib_a-mprec.o)
                0x0000000000008ea4                __b2d
 .text.__d2b    0x0000000000008fb0      0x14c /home/ubuntu/intelFPGA_lite/16.1/nios2eds/bin/gnu/H-x86_64-pc-linux-gnu/bin/../lib/gcc/nios2-elf/5.3.0/../../../../../H-x86_64-pc-linux-gnu/nios2-elf/lib/libc.a(lib_a-mprec.o)
                0x0000000000008fb0                __d2b
 .text.__ratio  0x00000000000090fc       0xa4 /home/ubuntu/intelFPGA_lite/16.1/nios2eds/bin/gnu/H-x86_64-pc-linux-gnu/bin/../lib/gcc/nios2-elf/5.3.0/../../../../../H-x86_64-pc-linux-gnu/nios2-elf/lib/libc.a(lib_a-mprec.o)
                0x00000000000090fc                __ratio
 .text._mprec_log10
                0x00000000000091a0       0x74 /home/ubuntu/intelFPGA_lite/16.1/nios2eds/bin/gnu/H-x86_64-pc-linux-gnu/bin/../lib/gcc/nios2-elf/5.3.0/../../../../../H-x86_64-pc-linux-gnu/nios2-elf/lib/libc.a(lib_a-mprec.o)
                0x00000000000091a0                _mprec_log10
 .text.__copybits
                0x0000000000009214       0x78 /home/ubuntu/intelFPGA_lite/16.1/nios2eds/bin/gnu/H-x86_64-pc-linux-gnu/bin/../lib/gcc/nios2-elf/5.3.0/../../../../../H-x86_64-pc-linux-gnu/nios2-elf/lib/libc.a(lib_a-mprec.o)
                0x0000000000009214                __copybits
 .text.__any_on
                0x000000000000928c       0x8c /home/ubuntu/intelFPGA_lite/16.1/nios2eds/bin/gnu/H-x86_64-pc-linux-gnu/bin/../lib/gcc/nios2-elf/5.3.0/../../../../../H-x86_64-pc-linux-gnu/nios2-elf/lib/libc.a(lib_a-mprec.o)
                0x000000000000928c                __any_on
 .text          0x0000000000009318        0x0 /home/ubuntu/intelFPGA_lite/16.1/nios2eds/bin/gnu/H-x86_64-pc-linux-gnu/bin/../lib/gcc/nios2-elf/5.3.0/../../../../../H-x86_64-pc-linux-gnu/nios2-elf/lib/libc.a(lib_a-s_fpclassify.o)
 .text.__fpclassifyd
                0x0000000000009318       0x74 /home/ubuntu/intelFPGA_lite/16.1/nios2eds/bin/gnu/H-x86_64-pc-linux-gnu/bin/../lib/gcc/nios2-elf/5.3.0/../../../../../H-x86_64-pc-linux-gnu/nios2-elf/lib/libc.a(lib_a-s_fpclassify.o)
                0x0000000000009318                __fpclassifyd
 .text          0x000000000000938c        0x0 /home/ubuntu/intelFPGA_lite/16.1/nios2eds/bin/gnu/H-x86_64-pc-linux-gnu/bin/../lib/gcc/nios2-elf/5.3.0/../../../../../H-x86_64-pc-linux-gnu/nios2-elf/lib/libc.a(lib_a-signal.o)
 .text._init_signal_r
                0x000000000000938c       0x6c /home/ubuntu/intelFPGA_lite/16.1/nios2eds/bin/gnu/H-x86_64-pc-linux-gnu/bin/../lib/gcc/nios2-elf/5.3.0/../../../../../H-x86_64-pc-linux-gnu/nios2-elf/lib/libc.a(lib_a-signal.o)
                0x000000000000938c                _init_signal_r
 .text._signal_r
                0x00000000000093f8       0x84 /home/ubuntu/intelFPGA_lite/16.1/nios2eds/bin/gnu/H-x86_64-pc-linux-gnu/bin/../lib/gcc/nios2-elf/5.3.0/../../../../../H-x86_64-pc-linux-gnu/nios2-elf/lib/libc.a(lib_a-signal.o)
                0x00000000000093f8                _signal_r
 .text._raise_r
                0x000000000000947c       0xbc /home/ubuntu/intelFPGA_lite/16.1/nios2eds/bin/gnu/H-x86_64-pc-linux-gnu/bin/../lib/gcc/nios2-elf/5.3.0/../../../../../H-x86_64-pc-linux-gnu/nios2-elf/lib/libc.a(lib_a-signal.o)
                0x000000000000947c                _raise_r
 .text.__sigtramp_r
                0x0000000000009538       0xa8 /home/ubuntu/intelFPGA_lite/16.1/nios2eds/bin/gnu/H-x86_64-pc-linux-gnu/bin/../lib/gcc/nios2-elf/5.3.0/../../../../../H-x86_64-pc-linux-gnu/nios2-elf/lib/libc.a(lib_a-signal.o)
                0x0000000000009538                __sigtramp_r
 .text.raise    0x00000000000095e0       0x14 /home/ubuntu/intelFPGA_lite/16.1/nios2eds/bin/gnu/H-x86_64-pc-linux-gnu/bin/../lib/gcc/nios2-elf/5.3.0/../../../../../H-x86_64-pc-linux-gnu/nios2-elf/lib/libc.a(lib_a-signal.o)
                0x00000000000095e0                raise
 .text.signal   0x00000000000095f4       0x18 /home/ubuntu/intelFPGA_lite/16.1/nios2eds/bin/gnu/H-x86_64-pc-linux-gnu/bin/../lib/gcc/nios2-elf/5.3.0/../../../../../H-x86_64-pc-linux-gnu/nios2-elf/lib/libc.a(lib_a-signal.o)
                0x00000000000095f4                signal
 .text._init_signal
                0x000000000000960c       0x10 /home/ubuntu/intelFPGA_lite/16.1/nios2eds/bin/gnu/H-x86_64-pc-linux-gnu/bin/../lib/gcc/nios2-elf/5.3.0/../../../../../H-x86_64-pc-linux-gnu/nios2-elf/lib/libc.a(lib_a-signal.o)
                0x000000000000960c                _init_signal
 .text.__sigtramp
                0x000000000000961c       0x14 /home/ubuntu/intelFPGA_lite/16.1/nios2eds/bin/gnu/H-x86_64-pc-linux-gnu/bin/../lib/gcc/nios2-elf/5.3.0/../../../../../H-x86_64-pc-linux-gnu/nios2-elf/lib/libc.a(lib_a-signal.o)
                0x000000000000961c                __sigtramp
 .text          0x0000000000009630        0x0 /home/ubuntu/intelFPGA_lite/16.1/nios2eds/bin/gnu/H-x86_64-pc-linux-gnu/bin/../lib/gcc/nios2-elf/5.3.0/../../../../../H-x86_64-pc-linux-gnu/nios2-elf/lib/libc.a(lib_a-signalr.o)
 .text._kill_r  0x0000000000009630       0x5c /home/ubuntu/intelFPGA_lite/16.1/nios2eds/bin/gnu/H-x86_64-pc-linux-gnu/bin/../lib/gcc/nios2-elf/5.3.0/../../../../../H-x86_64-pc-linux-gnu/nios2-elf/lib/libc.a(lib_a-signalr.o)
                0x0000000000009630                _kill_r
 .text._getpid_r
                0x000000000000968c        0x4 /home/ubuntu/intelFPGA_lite/16.1/nios2eds/bin/gnu/H-x86_64-pc-linux-gnu/bin/../lib/gcc/nios2-elf/5.3.0/../../../../../H-x86_64-pc-linux-gnu/nios2-elf/lib/libc.a(lib_a-signalr.o)
                0x000000000000968c                _getpid_r
 .text          0x0000000000009690        0x0 /home/ubuntu/intelFPGA_lite/16.1/nios2eds/bin/gnu/H-x86_64-pc-linux-gnu/bin/../lib/gcc/nios2-elf/5.3.0/../../../../../H-x86_64-pc-linux-gnu/nios2-elf/lib/libc.a(lib_a-stdio.o)
 .text.__sread  0x0000000000009690       0x54 /home/ubuntu/intelFPGA_lite/16.1/nios2eds/bin/gnu/H-x86_64-pc-linux-gnu/bin/../lib/gcc/nios2-elf/5.3.0/../../../../../H-x86_64-pc-linux-gnu/nios2-elf/lib/libc.a(lib_a-stdio.o)
                0x0000000000009690                __sread
 .text.__seofread
                0x00000000000096e4        0x8 /home/ubuntu/intelFPGA_lite/16.1/nios2eds/bin/gnu/H-x86_64-pc-linux-gnu/bin/../lib/gcc/nios2-elf/5.3.0/../../../../../H-x86_64-pc-linux-gnu/nios2-elf/lib/libc.a(lib_a-stdio.o)
                0x00000000000096e4                __seofread
 .text.__swrite
                0x00000000000096ec       0x7c /home/ubuntu/intelFPGA_lite/16.1/nios2eds/bin/gnu/H-x86_64-pc-linux-gnu/bin/../lib/gcc/nios2-elf/5.3.0/../../../../../H-x86_64-pc-linux-gnu/nios2-elf/lib/libc.a(lib_a-stdio.o)
                0x00000000000096ec                __swrite
 .text.__sseek  0x0000000000009768       0x5c /home/ubuntu/intelFPGA_lite/16.1/nios2eds/bin/gnu/H-x86_64-pc-linux-gnu/bin/../lib/gcc/nios2-elf/5.3.0/../../../../../H-x86_64-pc-linux-gnu/nios2-elf/lib/libc.a(lib_a-stdio.o)
                0x0000000000009768                __sseek
 .text.__sclose
                0x00000000000097c4        0x8 /home/ubuntu/intelFPGA_lite/16.1/nios2eds/bin/gnu/H-x86_64-pc-linux-gnu/bin/../lib/gcc/nios2-elf/5.3.0/../../../../../H-x86_64-pc-linux-gnu/nios2-elf/lib/libc.a(lib_a-stdio.o)
                0x00000000000097c4                __sclose
 .text          0x00000000000097cc        0x0 /home/ubuntu/intelFPGA_lite/16.1/nios2eds/bin/gnu/H-x86_64-pc-linux-gnu/bin/../lib/gcc/nios2-elf/5.3.0/../../../../../H-x86_64-pc-linux-gnu/nios2-elf/lib/libc.a(lib_a-strcmp.o)
 .text.strcmp   0x00000000000097cc       0xdc /home/ubuntu/intelFPGA_lite/16.1/nios2eds/bin/gnu/H-x86_64-pc-linux-gnu/bin/../lib/gcc/nios2-elf/5.3.0/../../../../../H-x86_64-pc-linux-gnu/nios2-elf/lib/libc.a(lib_a-strcmp.o)
                0x00000000000097cc                strcmp
 .text          0x00000000000098a8        0x0 /home/ubuntu/intelFPGA_lite/16.1/nios2eds/bin/gnu/H-x86_64-pc-linux-gnu/bin/../lib/gcc/nios2-elf/5.3.0/../../../../../H-x86_64-pc-linux-gnu/nios2-elf/lib/libc.a(lib_a-vfiprintf.o)
 .text.__sprint_r.part.0
                0x00000000000098a8       0xfc /home/ubuntu/intelFPGA_lite/16.1/nios2eds/bin/gnu/H-x86_64-pc-linux-gnu/bin/../lib/gcc/nios2-elf/5.3.0/../../../../../H-x86_64-pc-linux-gnu/nios2-elf/lib/libc.a(lib_a-vfiprintf.o)
 .text.__sprint_r
                0x00000000000099a4       0x18 /home/ubuntu/intelFPGA_lite/16.1/nios2eds/bin/gnu/H-x86_64-pc-linux-gnu/bin/../lib/gcc/nios2-elf/5.3.0/../../../../../H-x86_64-pc-linux-gnu/nios2-elf/lib/libc.a(lib_a-vfiprintf.o)
                0x00000000000099a4                __sprint_r
 .text.___vfiprintf_internal_r
                0x00000000000099bc     0x145c /home/ubuntu/intelFPGA_lite/16.1/nios2eds/bin/gnu/H-x86_64-pc-linux-gnu/bin/../lib/gcc/nios2-elf/5.3.0/../../../../../H-x86_64-pc-linux-gnu/nios2-elf/lib/libc.a(lib_a-vfiprintf.o)
                0x00000000000099bc                ___vfiprintf_internal_r
 .text.__vfiprintf_internal
                0x000000000000ae18       0x1c /home/ubuntu/intelFPGA_lite/16.1/nios2eds/bin/gnu/H-x86_64-pc-linux-gnu/bin/../lib/gcc/nios2-elf/5.3.0/../../../../../H-x86_64-pc-linux-gnu/nios2-elf/lib/libc.a(lib_a-vfiprintf.o)
                0x000000000000ae18                __vfiprintf_internal
 .text.__sbprintf
                0x000000000000ae34       0xbc /home/ubuntu/intelFPGA_lite/16.1/nios2eds/bin/gnu/H-x86_64-pc-linux-gnu/bin/../lib/gcc/nios2-elf/5.3.0/../../../../../H-x86_64-pc-linux-gnu/nios2-elf/lib/libc.a(lib_a-vfiprintf.o)
 .text          0x000000000000aef0        0x0 /home/ubuntu/intelFPGA_lite/16.1/nios2eds/bin/gnu/H-x86_64-pc-linux-gnu/bin/../lib/gcc/nios2-elf/5.3.0/../../../../../H-x86_64-pc-linux-gnu/nios2-elf/lib/libc.a(lib_a-writer.o)
 .text._write_r
                0x000000000000aef0       0x60 /home/ubuntu/intelFPGA_lite/16.1/nios2eds/bin/gnu/H-x86_64-pc-linux-gnu/bin/../lib/gcc/nios2-elf/5.3.0/../../../../../H-x86_64-pc-linux-gnu/nios2-elf/lib/libc.a(lib_a-writer.o)
                0x000000000000aef0                _write_r
 .text          0x000000000000af50        0x0 /home/ubuntu/intelFPGA_lite/16.1/nios2eds/bin/gnu/H-x86_64-pc-linux-gnu/bin/../lib/gcc/nios2-elf/5.3.0/../../../../../H-x86_64-pc-linux-gnu/nios2-elf/lib/libc.a(closer.o)
 .text._close_r
                0x000000000000af50       0x54 /home/ubuntu/intelFPGA_lite/16.1/nios2eds/bin/gnu/H-x86_64-pc-linux-gnu/bin/../lib/gcc/nios2-elf/5.3.0/../../../../../H-x86_64-pc-linux-gnu/nios2-elf/lib/libc.a(closer.o)
                0x000000000000af50                _close_r
 .text          0x000000000000afa4        0x0 /home/ubuntu/intelFPGA_lite/16.1/nios2eds/bin/gnu/H-x86_64-pc-linux-gnu/bin/../lib/gcc/nios2-elf/5.3.0/../../../../../H-x86_64-pc-linux-gnu/nios2-elf/lib/libc.a(lib_a-fclose.o)
 .text._fclose_r
                0x000000000000afa4       0xf0 /home/ubuntu/intelFPGA_lite/16.1/nios2eds/bin/gnu/H-x86_64-pc-linux-gnu/bin/../lib/gcc/nios2-elf/5.3.0/../../../../../H-x86_64-pc-linux-gnu/nios2-elf/lib/libc.a(lib_a-fclose.o)
                0x000000000000afa4                _fclose_r
 .text.fclose   0x000000000000b094       0x14 /home/ubuntu/intelFPGA_lite/16.1/nios2eds/bin/gnu/H-x86_64-pc-linux-gnu/bin/../lib/gcc/nios2-elf/5.3.0/../../../../../H-x86_64-pc-linux-gnu/nios2-elf/lib/libc.a(lib_a-fclose.o)
                0x000000000000b094                fclose
 .text          0x000000000000b0a8        0x0 /home/ubuntu/intelFPGA_lite/16.1/nios2eds/bin/gnu/H-x86_64-pc-linux-gnu/bin/../lib/gcc/nios2-elf/5.3.0/../../../../../H-x86_64-pc-linux-gnu/nios2-elf/lib/libc.a(lib_a-fputwc.o)
 .text.__fputwc
                0x000000000000b0a8      0x164 /home/ubuntu/intelFPGA_lite/16.1/nios2eds/bin/gnu/H-x86_64-pc-linux-gnu/bin/../lib/gcc/nios2-elf/5.3.0/../../../../../H-x86_64-pc-linux-gnu/nios2-elf/lib/libc.a(lib_a-fputwc.o)
                0x000000000000b0a8                __fputwc
 .text._fputwc_r
                0x000000000000b20c       0x24 /home/ubuntu/intelFPGA_lite/16.1/nios2eds/bin/gnu/H-x86_64-pc-linux-gnu/bin/../lib/gcc/nios2-elf/5.3.0/../../../../../H-x86_64-pc-linux-gnu/nios2-elf/lib/libc.a(lib_a-fputwc.o)
                0x000000000000b20c                _fputwc_r
 .text.fputwc   0x000000000000b230       0x80 /home/ubuntu/intelFPGA_lite/16.1/nios2eds/bin/gnu/H-x86_64-pc-linux-gnu/bin/../lib/gcc/nios2-elf/5.3.0/../../../../../H-x86_64-pc-linux-gnu/nios2-elf/lib/libc.a(lib_a-fputwc.o)
                0x000000000000b230                fputwc
 .text          0x000000000000b2b0        0x0 /home/ubuntu/intelFPGA_lite/16.1/nios2eds/bin/gnu/H-x86_64-pc-linux-gnu/bin/../lib/gcc/nios2-elf/5.3.0/../../../../../H-x86_64-pc-linux-gnu/nios2-elf/lib/libc.a(lib_a-fstatr.o)
 .text._fstat_r
                0x000000000000b2b0       0x5c /home/ubuntu/intelFPGA_lite/16.1/nios2eds/bin/gnu/H-x86_64-pc-linux-gnu/bin/../lib/gcc/nios2-elf/5.3.0/../../../../../H-x86_64-pc-linux-gnu/nios2-elf/lib/libc.a(lib_a-fstatr.o)
                0x000000000000b2b0                _fstat_r
 .text          0x000000000000b30c        0x0 /home/ubuntu/intelFPGA_lite/16.1/nios2eds/bin/gnu/H-x86_64-pc-linux-gnu/bin/../lib/gcc/nios2-elf/5.3.0/../../../../../H-x86_64-pc-linux-gnu/nios2-elf/lib/libc.a(lib_a-isattyr.o)
 .text._isatty_r
                0x000000000000b30c       0x54 /home/ubuntu/intelFPGA_lite/16.1/nios2eds/bin/gnu/H-x86_64-pc-linux-gnu/bin/../lib/gcc/nios2-elf/5.3.0/../../../../../H-x86_64-pc-linux-gnu/nios2-elf/lib/libc.a(lib_a-isattyr.o)
                0x000000000000b30c                _isatty_r
 .text          0x000000000000b360        0x0 /home/ubuntu/intelFPGA_lite/16.1/nios2eds/bin/gnu/H-x86_64-pc-linux-gnu/bin/../lib/gcc/nios2-elf/5.3.0/../../../../../H-x86_64-pc-linux-gnu/nios2-elf/lib/libc.a(lib_a-lseekr.o)
 .text._lseek_r
                0x000000000000b360       0x60 /home/ubuntu/intelFPGA_lite/16.1/nios2eds/bin/gnu/H-x86_64-pc-linux-gnu/bin/../lib/gcc/nios2-elf/5.3.0/../../../../../H-x86_64-pc-linux-gnu/nios2-elf/lib/libc.a(lib_a-lseekr.o)
                0x000000000000b360                _lseek_r
 .text          0x000000000000b3c0        0x0 /home/ubuntu/intelFPGA_lite/16.1/nios2eds/bin/gnu/H-x86_64-pc-linux-gnu/bin/../lib/gcc/nios2-elf/5.3.0/../../../../../H-x86_64-pc-linux-gnu/nios2-elf/lib/libc.a(lib_a-readr.o)
 .text._read_r  0x000000000000b3c0       0x60 /home/ubuntu/intelFPGA_lite/16.1/nios2eds/bin/gnu/H-x86_64-pc-linux-gnu/bin/../lib/gcc/nios2-elf/5.3.0/../../../../../H-x86_64-pc-linux-gnu/nios2-elf/lib/libc.a(lib_a-readr.o)
                0x000000000000b3c0                _read_r
 .text          0x000000000000b420        0x0 /home/ubuntu/intelFPGA_lite/16.1/nios2eds/bin/gnu/H-x86_64-pc-linux-gnu/bin/../lib/gcc/nios2-elf/5.3.0/../../../../../H-x86_64-pc-linux-gnu/nios2-elf/lib/libc.a(lib_a-wbuf.o)
 .text.__swbuf_r
                0x000000000000b420      0x140 /home/ubuntu/intelFPGA_lite/16.1/nios2eds/bin/gnu/H-x86_64-pc-linux-gnu/bin/../lib/gcc/nios2-elf/5.3.0/../../../../../H-x86_64-pc-linux-gnu/nios2-elf/lib/libc.a(lib_a-wbuf.o)
                0x000000000000b420                __swbuf_r
 .text.__swbuf  0x000000000000b560       0x18 /home/ubuntu/intelFPGA_lite/16.1/nios2eds/bin/gnu/H-x86_64-pc-linux-gnu/bin/../lib/gcc/nios2-elf/5.3.0/../../../../../H-x86_64-pc-linux-gnu/nios2-elf/lib/libc.a(lib_a-wbuf.o)
                0x000000000000b560                __swbuf
 .text          0x000000000000b578        0x0 /home/ubuntu/intelFPGA_lite/16.1/nios2eds/bin/gnu/H-x86_64-pc-linux-gnu/bin/../lib/gcc/nios2-elf/5.3.0/../../../../../H-x86_64-pc-linux-gnu/nios2-elf/lib/libc.a(lib_a-wcrtomb.o)
 .text._wcrtomb_r
                0x000000000000b578       0x9c /home/ubuntu/intelFPGA_lite/16.1/nios2eds/bin/gnu/H-x86_64-pc-linux-gnu/bin/../lib/gcc/nios2-elf/5.3.0/../../../../../H-x86_64-pc-linux-gnu/nios2-elf/lib/libc.a(lib_a-wcrtomb.o)
                0x000000000000b578                _wcrtomb_r
 .text.wcrtomb  0x000000000000b614       0xc0 /home/ubuntu/intelFPGA_lite/16.1/nios2eds/bin/gnu/H-x86_64-pc-linux-gnu/bin/../lib/gcc/nios2-elf/5.3.0/../../../../../H-x86_64-pc-linux-gnu/nios2-elf/lib/libc.a(lib_a-wcrtomb.o)
                0x000000000000b614                wcrtomb
 .text          0x000000000000b6d4        0x0 /home/ubuntu/intelFPGA_lite/16.1/nios2eds/bin/gnu/H-x86_64-pc-linux-gnu/bin/../lib/gcc/nios2-elf/5.3.0/../../../../../H-x86_64-pc-linux-gnu/nios2-elf/lib/libc.a(lib_a-wctomb_r.o)
 .text.__ascii_wctomb
                0x000000000000b6d4       0x30 /home/ubuntu/intelFPGA_lite/16.1/nios2eds/bin/gnu/H-x86_64-pc-linux-gnu/bin/../lib/gcc/nios2-elf/5.3.0/../../../../../H-x86_64-pc-linux-gnu/nios2-elf/lib/libc.a(lib_a-wctomb_r.o)
                0x000000000000b6d4                __ascii_wctomb
 .text._wctomb_r
                0x000000000000b704       0x5c /home/ubuntu/intelFPGA_lite/16.1/nios2eds/bin/gnu/H-x86_64-pc-linux-gnu/bin/../lib/gcc/nios2-elf/5.3.0/../../../../../H-x86_64-pc-linux-gnu/nios2-elf/lib/libc.a(lib_a-wctomb_r.o)
                0x000000000000b704                _wctomb_r
 .text          0x000000000000b760      0x578 /home/ubuntu/intelFPGA_lite/16.1/nios2eds/bin/gnu/H-x86_64-pc-linux-gnu/bin/../lib/gcc/nios2-elf/5.3.0/libgcc.a(_udivdi3.o)
                0x000000000000b760                __udivdi3
 .text          0x000000000000bcd8      0x538 /home/ubuntu/intelFPGA_lite/16.1/nios2eds/bin/gnu/H-x86_64-pc-linux-gnu/bin/../lib/gcc/nios2-elf/5.3.0/libgcc.a(_umoddi3.o)
                0x000000000000bcd8                __umoddi3
 .text          0x000000000000c210      0x1b4 /home/ubuntu/intelFPGA_lite/16.1/nios2eds/bin/gnu/H-x86_64-pc-linux-gnu/bin/../lib/gcc/nios2-elf/5.3.0/libgcc.a(lib2-divmod.o)
                0x000000000000c210                __divsi3
                0x000000000000c294                __modsi3
                0x000000000000c308                __udivsi3
                0x000000000000c36c                __umodsi3
 .text          0x000000000000c3c4      0x8ac /home/ubuntu/intelFPGA_lite/16.1/nios2eds/bin/gnu/H-x86_64-pc-linux-gnu/bin/../lib/gcc/nios2-elf/5.3.0/libgcc.a(adddf3.o)
                0x000000000000c3c4                __adddf3
 .text          0x000000000000cc70      0x8e8 /home/ubuntu/intelFPGA_lite/16.1/nios2eds/bin/gnu/H-x86_64-pc-linux-gnu/bin/../lib/gcc/nios2-elf/5.3.0/libgcc.a(divdf3.o)
                0x000000000000cc70                __divdf3
 .text          0x000000000000d558       0x88 /home/ubuntu/intelFPGA_lite/16.1/nios2eds/bin/gnu/H-x86_64-pc-linux-gnu/bin/../lib/gcc/nios2-elf/5.3.0/libgcc.a(eqdf2.o)
                0x000000000000d558                __eqdf2
                0x000000000000d558                __nedf2
 .text          0x000000000000d5e0       0xdc /home/ubuntu/intelFPGA_lite/16.1/nios2eds/bin/gnu/H-x86_64-pc-linux-gnu/bin/../lib/gcc/nios2-elf/5.3.0/libgcc.a(gedf2.o)
                0x000000000000d5e0                __gtdf2
                0x000000000000d5e0                __gedf2
 .text          0x000000000000d6bc       0xf4 /home/ubuntu/intelFPGA_lite/16.1/nios2eds/bin/gnu/H-x86_64-pc-linux-gnu/bin/../lib/gcc/nios2-elf/5.3.0/libgcc.a(ledf2.o)
                0x000000000000d6bc                __ltdf2
                0x000000000000d6bc                __ledf2
 .text          0x000000000000d7b0      0x718 /home/ubuntu/intelFPGA_lite/16.1/nios2eds/bin/gnu/H-x86_64-pc-linux-gnu/bin/../lib/gcc/nios2-elf/5.3.0/libgcc.a(muldf3.o)
                0x000000000000d7b0                __muldf3
 .text          0x000000000000dec8      0x8fc /home/ubuntu/intelFPGA_lite/16.1/nios2eds/bin/gnu/H-x86_64-pc-linux-gnu/bin/../lib/gcc/nios2-elf/5.3.0/libgcc.a(subdf3.o)
                0x000000000000dec8                __subdf3
 .text          0x000000000000e7c4       0x80 /home/ubuntu/intelFPGA_lite/16.1/nios2eds/bin/gnu/H-x86_64-pc-linux-gnu/bin/../lib/gcc/nios2-elf/5.3.0/libgcc.a(fixdfsi.o)
                0x000000000000e7c4                __fixdfsi
 .text          0x000000000000e844       0xdc /home/ubuntu/intelFPGA_lite/16.1/nios2eds/bin/gnu/H-x86_64-pc-linux-gnu/bin/../lib/gcc/nios2-elf/5.3.0/libgcc.a(floatsidf.o)
                0x000000000000e844                __floatsidf
 .text          0x000000000000e920       0xa8 /home/ubuntu/intelFPGA_lite/16.1/nios2eds/bin/gnu/H-x86_64-pc-linux-gnu/bin/../lib/gcc/nios2-elf/5.3.0/libgcc.a(floatunsidf.o)
                0x000000000000e920                __floatunsidf
 .text          0x000000000000e9c8        0x0 /home/ubuntu/intelFPGA_lite/16.1/nios2eds/bin/gnu/H-x86_64-pc-linux-gnu/bin/../lib/gcc/nios2-elf/5.3.0/libgcc.a(_clz.o)
 .text          0x000000000000e9c8       0x64 /home/ubuntu/intelFPGA_lite/16.1/nios2eds/bin/gnu/H-x86_64-pc-linux-gnu/bin/../lib/gcc/nios2-elf/5.3.0/libgcc.a(_clzsi2.o)
                0x000000000000e9c8                __clzsi2
 .text          0x000000000000ea2c      0x10c ../slice_bsp//libhal_bsp.a(alt_close.o)
                0x000000000000ea68                close
 .text          0x000000000000eb38       0x78 ../slice_bsp//libhal_bsp.a(alt_dcache_flush.o)
                0x000000000000eb38                alt_dcache_flush
 .text          0x000000000000ebb0       0x2c ../slice_bsp//libhal_bsp.a(alt_dev.o)
 .text          0x000000000000ebdc        0x0 ../slice_bsp//libhal_bsp.a(alt_errno.o)
 .text          0x000000000000ebdc       0x34 ../slice_bsp//libhal_bsp.a(alt_exit.o)
                0x000000000000ebdc                _exit
 .text          0x000000000000ec10       0xec ../slice_bsp//libhal_bsp.a(alt_fstat.o)
                0x000000000000ec4c                fstat
 .text          0x000000000000ecfc       0x20 ../slice_bsp//libhal_bsp.a(alt_getpid.o)
                0x000000000000ecfc                getpid
 .text          0x000000000000ed1c      0x1f4 ../slice_bsp//libhal_bsp.a(alt_gettod.o)
                0x000000000000ed1c                gettimeofday
 .text          0x000000000000ef10       0xe0 ../slice_bsp//libhal_bsp.a(alt_isatty.o)
                0x000000000000ef4c                isatty
 .text          0x000000000000eff0      0x16c ../slice_bsp//libhal_bsp.a(alt_kill.o)
                0x000000000000f02c                kill
 .text          0x000000000000f15c       0xec ../slice_bsp//libhal_bsp.a(alt_load.o)
                0x000000000000f1c4                alt_load
 .text          0x000000000000f248      0x110 ../slice_bsp//libhal_bsp.a(alt_lseek.o)
                0x000000000000f284                lseek
 .text          0x000000000000f358       0x7c ../slice_bsp//libhal_bsp.a(alt_main.o)
                0x000000000000f358                alt_main
 .text          0x000000000000f3d4       0x48 ../slice_bsp//libhal_bsp.a(alt_malloc_lock.o)
                0x000000000000f3d4                __malloc_lock
                0x000000000000f3f8                __malloc_unlock
 .text          0x000000000000f41c      0x138 ../slice_bsp//libhal_bsp.a(alt_read.o)
                0x000000000000f458                read
 .text          0x000000000000f554       0x64 ../slice_bsp//libhal_bsp.a(alt_release_fd.o)
                0x000000000000f554                alt_release_fd
 .text          0x000000000000f5b8       0xb0 ../slice_bsp//libhal_bsp.a(alt_sbrk.o)
                0x000000000000f5b8                sbrk
 .text          0x000000000000f668      0x1a4 ../slice_bsp//libhal_bsp.a(alt_tick.o)
                0x000000000000f668                alt_alarm_stop
                0x000000000000f704                alt_tick
 .text          0x000000000000f80c      0x134 ../slice_bsp//libhal_bsp.a(alt_write.o)
                0x000000000000f848                write
 .text          0x000000000000f940       0xcc ../slice_bsp//libhal_bsp.a(alt_sys_init.o)
                0x000000000000f974                alt_irq_init
                0x000000000000f9ac                alt_sys_init
 .text          0x000000000000fa0c      0x164 ../slice_bsp//libhal_bsp.a(altera_avalon_jtag_uart_fd.o)
                0x000000000000fa0c                altera_avalon_jtag_uart_read_fd
                0x000000000000fa6c                altera_avalon_jtag_uart_write_fd
                0x000000000000facc                altera_avalon_jtag_uart_close_fd
                0x000000000000fb1c                altera_avalon_jtag_uart_ioctl_fd
 .text          0x000000000000fb70      0x3d4 ../slice_bsp//libhal_bsp.a(altera_avalon_jtag_uart_init.o)
                0x000000000000fb70                altera_avalon_jtag_uart_init
                0x000000000000fedc                altera_avalon_jtag_uart_close
 .text          0x000000000000ff44       0xf0 ../slice_bsp//libhal_bsp.a(altera_avalon_jtag_uart_ioctl.o)
                0x000000000000ff44                altera_avalon_jtag_uart_ioctl
 .text          0x0000000000010034      0x21c ../slice_bsp//libhal_bsp.a(altera_avalon_jtag_uart_read.o)
                0x0000000000010034                altera_avalon_jtag_uart_read
 .text          0x0000000000010250      0x224 ../slice_bsp//libhal_bsp.a(altera_avalon_jtag_uart_write.o)
                0x0000000000010250                altera_avalon_jtag_uart_write
 .text          0x0000000000010474       0xf4 ../slice_bsp//libhal_bsp.a(altera_avalon_timer_sc.o)
                0x00000000000104ec                alt_avalon_timer_sc_init
 .text          0x0000000000010568      0x12c ../slice_bsp//libhal_bsp.a(alt_alarm_start.o)
                0x0000000000010568                alt_alarm_start
 .text          0x0000000000010694       0x48 ../slice_bsp//libhal_bsp.a(alt_dcache_flush_all.o)
                0x0000000000010694                alt_dcache_flush_all
 .text          0x00000000000106dc       0xe0 ../slice_bsp//libhal_bsp.a(alt_dev_llist_insert.o)
                0x0000000000010718                alt_dev_llist_insert
 .text          0x00000000000107bc       0x60 ../slice_bsp//libhal_bsp.a(alt_do_ctors.o)
                0x00000000000107bc                _do_ctors
 .text          0x000000000001081c       0x60 ../slice_bsp//libhal_bsp.a(alt_do_dtors.o)
                0x000000000001081c                _do_dtors
 .text          0x000000000001087c       0x34 ../slice_bsp//libhal_bsp.a(alt_icache_flush_all.o)
                0x000000000001087c                alt_icache_flush_all
 .text          0x00000000000108b0      0x1b0 ../slice_bsp//libhal_bsp.a(alt_iic.o)
                0x00000000000108b0                alt_ic_isr_register
                0x0000000000010900                alt_ic_irq_enable
                0x0000000000010988                alt_ic_irq_disable
                0x0000000000010a14                alt_ic_irq_enabled
 .text          0x0000000000010a60       0xf0 ../slice_bsp//libhal_bsp.a(alt_iic_isr_register.o)
                0x0000000000010a60                alt_iic_isr_register
 .text          0x0000000000010b50      0x140 ../slice_bsp//libhal_bsp.a(alt_io_redirect.o)
                0x0000000000010c14                alt_io_redirect
 .text          0x0000000000010c90        0x0 ../slice_bsp//libhal_bsp.a(alt_irq_entry.o)
 .text          0x0000000000010c90        0x0 ../slice_bsp//libhal_bsp.a(alt_irq_handler.o)
 .text          0x0000000000010c90        0x0 ../slice_bsp//libhal_bsp.a(alt_irq_vars.o)
 .text          0x0000000000010c90      0x254 ../slice_bsp//libhal_bsp.a(alt_open.o)
                0x0000000000010d90                open
 .text          0x0000000000010ee4       0x24 ../slice_bsp//libhal_bsp.a(altera_nios2_gen2_irq.o)
                0x0000000000010ee4                altera_nios2_gen2_irq_init
 .text          0x0000000000010f08        0x0 ../slice_bsp//libhal_bsp.a(alt_exception_entry.o)
 .text          0x0000000000010f08       0x90 ../slice_bsp//libhal_bsp.a(alt_find_dev.o)
                0x0000000000010f08                alt_find_dev
 .text          0x0000000000010f98      0x108 ../slice_bsp//libhal_bsp.a(alt_find_file.o)
                0x0000000000010f98                alt_find_file
 .text          0x00000000000110a0       0xa4 ../slice_bsp//libhal_bsp.a(alt_get_fd.o)
                0x00000000000110a0                alt_get_fd
 .text          0x0000000000011144       0x90 ../slice_bsp//libhal_bsp.a(alt_icache_flush.o)
                0x0000000000011144                alt_icache_flush
 .text          0x00000000000111d4       0x9c ../slice_bsp//libhal_bsp.a(alt_instruction_exception_entry.o)
                0x00000000000111d4                alt_exception_cause_generated_bad_addr
 .text          0x0000000000011270        0x0 /home/ubuntu/intelFPGA_lite/16.1/nios2eds/bin/gnu/H-x86_64-pc-linux-gnu/bin/../lib/gcc/nios2-elf/5.3.0/../../../../../H-x86_64-pc-linux-gnu/nios2-elf/lib/libc.a(lib_a-atexit.o)
 .text.atexit   0x0000000000011270       0x14 /home/ubuntu/intelFPGA_lite/16.1/nios2eds/bin/gnu/H-x86_64-pc-linux-gnu/bin/../lib/gcc/nios2-elf/5.3.0/../../../../../H-x86_64-pc-linux-gnu/nios2-elf/lib/libc.a(lib_a-atexit.o)
                0x0000000000011270                atexit
 .text          0x0000000000011284        0x0 /home/ubuntu/intelFPGA_lite/16.1/nios2eds/bin/gnu/H-x86_64-pc-linux-gnu/bin/../lib/gcc/nios2-elf/5.3.0/../../../../../H-x86_64-pc-linux-gnu/nios2-elf/lib/libc.a(lib_a-__atexit.o)
 .text.__register_exitproc
                0x0000000000011284      0x118 /home/ubuntu/intelFPGA_lite/16.1/nios2eds/bin/gnu/H-x86_64-pc-linux-gnu/bin/../lib/gcc/nios2-elf/5.3.0/../../../../../H-x86_64-pc-linux-gnu/nios2-elf/lib/libc.a(lib_a-__atexit.o)
                0x0000000000011284                __register_exitproc
 .text          0x000000000001139c       0x60 /home/ubuntu/intelFPGA_lite/16.1/nios2eds/bin/gnu/H-x86_64-pc-linux-gnu/bin/../lib/gcc/nios2-elf/5.3.0/libgcc.a(_muldi3.o)
                0x000000000001139c                __muldi3
 *(.gnu.warning.*)
 *(.fini)
                [!provide]                        PROVIDE (__etext, ABSOLUTE (.))
                [!provide]                        PROVIDE (_etext, ABSOLUTE (.))
                [!provide]                        PROVIDE (etext, ABSOLUTE (.))
 *(.eh_frame_hdr)
                0x00000000000113fc                . = ALIGN (0x4)
                [!provide]                        PROVIDE (__preinit_array_start, ABSOLUTE (.))
 *(.preinit_array)
                [!provide]                        PROVIDE (__preinit_array_end, ABSOLUTE (.))
                [!provide]                        PROVIDE (__init_array_start, ABSOLUTE (.))
 *(.init_array)
                [!provide]                        PROVIDE (__init_array_end, ABSOLUTE (.))
                [!provide]                        PROVIDE (__fini_array_start, ABSOLUTE (.))
 *(.fini_array)
                [!provide]                        PROVIDE (__fini_array_end, ABSOLUTE (.))
 *(.eh_frame)
 *(.gcc_except_table .gcc_except_table.*)
 *(.dynamic)
                0x00000000000113fc                PROVIDE (__CTOR_LIST__, ABSOLUTE (.))
 *(.ctors)
 *(SORT(.ctors.*))
                0x00000000000113fc                PROVIDE (__CTOR_END__, ABSOLUTE (.))
                0x00000000000113fc                PROVIDE (__DTOR_LIST__, ABSOLUTE (.))
 *(.dtors)
 *(SORT(.dtors.*))
                0x00000000000113fc                PROVIDE (__DTOR_END__, ABSOLUTE (.))
 *(.jcr)
                0x00000000000113fc                . = ALIGN (0x4)

.rodata         0x00000000000113fc      0x488
                0x00000000000113fc                PROVIDE (__ram_rodata_start, ABSOLUTE (.))
                0x00000000000113fc                . = ALIGN (0x4)
 *(.rodata .rodata.* .gnu.linkonce.r.*)
 .rodata        0x00000000000113fc       0x77 obj/default/addr_mapping.o
 *fill*         0x0000000000011473        0x1 
 .rodata        0x0000000000011474       0xd7 obj/default/kroki_cuckoo/cuckoo_hash.o
 *fill*         0x000000000001154b        0x1 
 .rodata.str1.4
                0x000000000001154c       0x3f /home/ubuntu/intelFPGA_lite/16.1/nios2eds/bin/gnu/H-x86_64-pc-linux-gnu/bin/../lib/gcc/nios2-elf/5.3.0/../../../../../H-x86_64-pc-linux-gnu/nios2-elf/lib/libc.a(lib_a-assert.o)
                                         0x43 (size before relaxing)
 *fill*         0x000000000001158b        0x1 
 .rodata.str1.4
                0x000000000001158c        0x2 /home/ubuntu/intelFPGA_lite/16.1/nios2eds/bin/gnu/H-x86_64-pc-linux-gnu/bin/../lib/gcc/nios2-elf/5.3.0/../../../../../H-x86_64-pc-linux-gnu/nios2-elf/lib/libc.a(lib_a-impure.o)
 *fill*         0x000000000001158e        0x2 
 .rodata.str1.4
                0x0000000000011590        0x2 /home/ubuntu/intelFPGA_lite/16.1/nios2eds/bin/gnu/H-x86_64-pc-linux-gnu/bin/../lib/gcc/nios2-elf/5.3.0/../../../../../H-x86_64-pc-linux-gnu/nios2-elf/lib/libc.a(lib_a-puts.o)
 *fill*         0x0000000000011592        0x2 
 .rodata.str1.4
                0x0000000000011594       0x42 /home/ubuntu/intelFPGA_lite/16.1/nios2eds/bin/gnu/H-x86_64-pc-linux-gnu/bin/../lib/gcc/nios2-elf/5.3.0/../../../../../H-x86_64-pc-linux-gnu/nios2-elf/lib/libc.a(lib_a-vfprintf.o)
 .rodata.zeroes.4404
                0x00000000000115d6       0x10 /home/ubuntu/intelFPGA_lite/16.1/nios2eds/bin/gnu/H-x86_64-pc-linux-gnu/bin/../lib/gcc/nios2-elf/5.3.0/../../../../../H-x86_64-pc-linux-gnu/nios2-elf/lib/libc.a(lib_a-vfprintf.o)
 .rodata.blanks.4403
                0x00000000000115e6       0x10 /home/ubuntu/intelFPGA_lite/16.1/nios2eds/bin/gnu/H-x86_64-pc-linux-gnu/bin/../lib/gcc/nios2-elf/5.3.0/../../../../../H-x86_64-pc-linux-gnu/nios2-elf/lib/libc.a(lib_a-vfprintf.o)
 *fill*         0x00000000000115f6        0x2 
 .rodata.str1.4
                0x00000000000115f8       0x10 /home/ubuntu/intelFPGA_lite/16.1/nios2eds/bin/gnu/H-x86_64-pc-linux-gnu/bin/../lib/gcc/nios2-elf/5.3.0/../../../../../H-x86_64-pc-linux-gnu/nios2-elf/lib/libc.a(lib_a-dtoa.o)
                                         0x12 (size before relaxing)
 .rodata.str1.4
                0x0000000000011608        0xc /home/ubuntu/intelFPGA_lite/16.1/nios2eds/bin/gnu/H-x86_64-pc-linux-gnu/bin/../lib/gcc/nios2-elf/5.3.0/../../../../../H-x86_64-pc-linux-gnu/nios2-elf/lib/libc.a(lib_a-locale.o)
                                         0x12 (size before relaxing)
 .rodata.p05.2768
                0x0000000000011614        0xc /home/ubuntu/intelFPGA_lite/16.1/nios2eds/bin/gnu/H-x86_64-pc-linux-gnu/bin/../lib/gcc/nios2-elf/5.3.0/../../../../../H-x86_64-pc-linux-gnu/nios2-elf/lib/libc.a(lib_a-mprec.o)
 .rodata.__mprec_tinytens
                0x0000000000011620       0x28 /home/ubuntu/intelFPGA_lite/16.1/nios2eds/bin/gnu/H-x86_64-pc-linux-gnu/bin/../lib/gcc/nios2-elf/5.3.0/../../../../../H-x86_64-pc-linux-gnu/nios2-elf/lib/libc.a(lib_a-mprec.o)
                0x0000000000011620                __mprec_tinytens
 .rodata.__mprec_bigtens
                0x0000000000011648       0x28 /home/ubuntu/intelFPGA_lite/16.1/nios2eds/bin/gnu/H-x86_64-pc-linux-gnu/bin/../lib/gcc/nios2-elf/5.3.0/../../../../../H-x86_64-pc-linux-gnu/nios2-elf/lib/libc.a(lib_a-mprec.o)
                0x0000000000011648                __mprec_bigtens
 .rodata.__mprec_tens
                0x0000000000011670       0xc8 /home/ubuntu/intelFPGA_lite/16.1/nios2eds/bin/gnu/H-x86_64-pc-linux-gnu/bin/../lib/gcc/nios2-elf/5.3.0/../../../../../H-x86_64-pc-linux-gnu/nios2-elf/lib/libc.a(lib_a-mprec.o)
                0x0000000000011670                __mprec_tens
 .rodata.str1.4
                0x0000000000011738       0x2f /home/ubuntu/intelFPGA_lite/16.1/nios2eds/bin/gnu/H-x86_64-pc-linux-gnu/bin/../lib/gcc/nios2-elf/5.3.0/../../../../../H-x86_64-pc-linux-gnu/nios2-elf/lib/libc.a(lib_a-vfiprintf.o)
 .rodata.zeroes.4349
                0x0000000000011738       0x10 /home/ubuntu/intelFPGA_lite/16.1/nios2eds/bin/gnu/H-x86_64-pc-linux-gnu/bin/../lib/gcc/nios2-elf/5.3.0/../../../../../H-x86_64-pc-linux-gnu/nios2-elf/lib/libc.a(lib_a-vfiprintf.o)
 .rodata.blanks.4348
                0x0000000000011748       0x10 /home/ubuntu/intelFPGA_lite/16.1/nios2eds/bin/gnu/H-x86_64-pc-linux-gnu/bin/../lib/gcc/nios2-elf/5.3.0/../../../../../H-x86_64-pc-linux-gnu/nios2-elf/lib/libc.a(lib_a-vfiprintf.o)
 .rodata        0x0000000000011758      0x100 /home/ubuntu/intelFPGA_lite/16.1/nios2eds/bin/gnu/H-x86_64-pc-linux-gnu/bin/../lib/gcc/nios2-elf/5.3.0/libgcc.a(_clz.o)
                0x0000000000011758                __clz_tab
 .rodata        0x0000000000011858        0xa ../slice_bsp//libhal_bsp.a(alt_dev.o)
 *fill*         0x0000000000011862        0x2 
 .rodata        0x0000000000011864        0xf ../slice_bsp//libhal_bsp.a(alt_main.o)
 *fill*         0x0000000000011873        0x1 
 .rodata        0x0000000000011874        0xf ../slice_bsp//libhal_bsp.a(alt_sys_init.o)
 *(.rodata1)
                0x0000000000011884                . = ALIGN (0x4)
 *fill*         0x0000000000011883        0x1 
                0x0000000000011884                PROVIDE (__ram_rodata_end, ABSOLUTE (.))
                0x00000000000113fc                PROVIDE (__flash_rodata_start, LOADADDR (.rodata))

.rwdata         0x0000000000011884     0x1af0 load address 0x0000000000013374
                0x0000000000011884                PROVIDE (__ram_rwdata_start, ABSOLUTE (.))
                0x0000000000011884                . = ALIGN (0x4)
 *(.got.plt)
 *(.got)
 *(.data1)
 *(.data .data.* .gnu.linkonce.d.*)
 .data          0x0000000000011884        0x0 ../slice_bsp//obj/HAL/src/crt0.o
 .data          0x0000000000011884        0x0 obj/default/addr_mapping.o
 .data          0x0000000000011884        0x0 obj/default/kroki_cuckoo/cuckoo_hash.o
 .data          0x0000000000011884        0x0 obj/default/kroki_cuckoo/lookup3.o
 .data          0x0000000000011884        0x0 obj/default/main.o
 .data          0x0000000000011884        0x0 /home/ubuntu/intelFPGA_lite/16.1/nios2eds/bin/gnu/H-x86_64-pc-linux-gnu/bin/../lib/gcc/nios2-elf/5.3.0/../../../../../H-x86_64-pc-linux-gnu/nios2-elf/lib/libc.a(lib_a-assert.o)
 .data          0x0000000000011884        0x0 /home/ubuntu/intelFPGA_lite/16.1/nios2eds/bin/gnu/H-x86_64-pc-linux-gnu/bin/../lib/gcc/nios2-elf/5.3.0/../../../../../H-x86_64-pc-linux-gnu/nios2-elf/lib/libc.a(lib_a-calloc.o)
 .data          0x0000000000011884        0x0 /home/ubuntu/intelFPGA_lite/16.1/nios2eds/bin/gnu/H-x86_64-pc-linux-gnu/bin/../lib/gcc/nios2-elf/5.3.0/../../../../../H-x86_64-pc-linux-gnu/nios2-elf/lib/libc.a(lib_a-callocr.o)
 .data          0x0000000000011884        0x0 /home/ubuntu/intelFPGA_lite/16.1/nios2eds/bin/gnu/H-x86_64-pc-linux-gnu/bin/../lib/gcc/nios2-elf/5.3.0/../../../../../H-x86_64-pc-linux-gnu/nios2-elf/lib/libc.a(lib_a-exit.o)
 .data          0x0000000000011884        0x0 /home/ubuntu/intelFPGA_lite/16.1/nios2eds/bin/gnu/H-x86_64-pc-linux-gnu/bin/../lib/gcc/nios2-elf/5.3.0/../../../../../H-x86_64-pc-linux-gnu/nios2-elf/lib/libc.a(lib_a-fiprintf.o)
 .data          0x0000000000011884        0x0 /home/ubuntu/intelFPGA_lite/16.1/nios2eds/bin/gnu/H-x86_64-pc-linux-gnu/bin/../lib/gcc/nios2-elf/5.3.0/../../../../../H-x86_64-pc-linux-gnu/nios2-elf/lib/libc.a(lib_a-fwrite.o)
 .data          0x0000000000011884        0x0 /home/ubuntu/intelFPGA_lite/16.1/nios2eds/bin/gnu/H-x86_64-pc-linux-gnu/bin/../lib/gcc/nios2-elf/5.3.0/../../../../../H-x86_64-pc-linux-gnu/nios2-elf/lib/libc.a(lib_a-impure.o)
 .data.impure_data
                0x0000000000011884      0x424 /home/ubuntu/intelFPGA_lite/16.1/nios2eds/bin/gnu/H-x86_64-pc-linux-gnu/bin/../lib/gcc/nios2-elf/5.3.0/../../../../../H-x86_64-pc-linux-gnu/nios2-elf/lib/libc.a(lib_a-impure.o)
 .data          0x0000000000011ca8        0x0 /home/ubuntu/intelFPGA_lite/16.1/nios2eds/bin/gnu/H-x86_64-pc-linux-gnu/bin/../lib/gcc/nios2-elf/5.3.0/../../../../../H-x86_64-pc-linux-gnu/nios2-elf/lib/libc.a(lib_a-malloc.o)
 .data          0x0000000000011ca8        0x0 /home/ubuntu/intelFPGA_lite/16.1/nios2eds/bin/gnu/H-x86_64-pc-linux-gnu/bin/../lib/gcc/nios2-elf/5.3.0/../../../../../H-x86_64-pc-linux-gnu/nios2-elf/lib/libc.a(lib_a-mallocr.o)
 .data.__malloc_av_
                0x0000000000011ca8      0x408 /home/ubuntu/intelFPGA_lite/16.1/nios2eds/bin/gnu/H-x86_64-pc-linux-gnu/bin/../lib/gcc/nios2-elf/5.3.0/../../../../../H-x86_64-pc-linux-gnu/nios2-elf/lib/libc.a(lib_a-mallocr.o)
                0x0000000000011ca8                __malloc_av_
 .data          0x00000000000120b0        0x0 /home/ubuntu/intelFPGA_lite/16.1/nios2eds/bin/gnu/H-x86_64-pc-linux-gnu/bin/../lib/gcc/nios2-elf/5.3.0/../../../../../H-x86_64-pc-linux-gnu/nios2-elf/lib/libc.a(lib_a-memcmp.o)
 .data          0x00000000000120b0        0x0 /home/ubuntu/intelFPGA_lite/16.1/nios2eds/bin/gnu/H-x86_64-pc-linux-gnu/bin/../lib/gcc/nios2-elf/5.3.0/../../../../../H-x86_64-pc-linux-gnu/nios2-elf/lib/libc.a(lib_a-memcpy.o)
 .data          0x00000000000120b0        0x0 /home/ubuntu/intelFPGA_lite/16.1/nios2eds/bin/gnu/H-x86_64-pc-linux-gnu/bin/../lib/gcc/nios2-elf/5.3.0/../../../../../H-x86_64-pc-linux-gnu/nios2-elf/lib/libc.a(lib_a-memmove.o)
 .data          0x00000000000120b0        0x0 /home/ubuntu/intelFPGA_lite/16.1/nios2eds/bin/gnu/H-x86_64-pc-linux-gnu/bin/../lib/gcc/nios2-elf/5.3.0/../../../../../H-x86_64-pc-linux-gnu/nios2-elf/lib/libc.a(lib_a-memset.o)
 .data          0x00000000000120b0        0x0 /home/ubuntu/intelFPGA_lite/16.1/nios2eds/bin/gnu/H-x86_64-pc-linux-gnu/bin/../lib/gcc/nios2-elf/5.3.0/../../../../../H-x86_64-pc-linux-gnu/nios2-elf/lib/libc.a(lib_a-printf.o)
 .data          0x00000000000120b0        0x0 /home/ubuntu/intelFPGA_lite/16.1/nios2eds/bin/gnu/H-x86_64-pc-linux-gnu/bin/../lib/gcc/nios2-elf/5.3.0/../../../../../H-x86_64-pc-linux-gnu/nios2-elf/lib/libc.a(lib_a-puts.o)
 .data          0x00000000000120b0        0x0 /home/ubuntu/intelFPGA_lite/16.1/nios2eds/bin/gnu/H-x86_64-pc-linux-gnu/bin/../lib/gcc/nios2-elf/5.3.0/../../../../../H-x86_64-pc-linux-gnu/nios2-elf/lib/libc.a(lib_a-realloc.o)
 .data          0x00000000000120b0        0x0 /home/ubuntu/intelFPGA_lite/16.1/nios2eds/bin/gnu/H-x86_64-pc-linux-gnu/bin/../lib/gcc/nios2-elf/5.3.0/../../../../../H-x86_64-pc-linux-gnu/nios2-elf/lib/libc.a(lib_a-reallocr.o)
 .data          0x00000000000120b0        0x0 /home/ubuntu/intelFPGA_lite/16.1/nios2eds/bin/gnu/H-x86_64-pc-linux-gnu/bin/../lib/gcc/nios2-elf/5.3.0/../../../../../H-x86_64-pc-linux-gnu/nios2-elf/lib/libc.a(lib_a-sbrkr.o)
 .data          0x00000000000120b0        0x0 /home/ubuntu/intelFPGA_lite/16.1/nios2eds/bin/gnu/H-x86_64-pc-linux-gnu/bin/../lib/gcc/nios2-elf/5.3.0/../../../../../H-x86_64-pc-linux-gnu/nios2-elf/lib/libc.a(lib_a-strlen.o)
 .data          0x00000000000120b0        0x0 /home/ubuntu/intelFPGA_lite/16.1/nios2eds/bin/gnu/H-x86_64-pc-linux-gnu/bin/../lib/gcc/nios2-elf/5.3.0/../../../../../H-x86_64-pc-linux-gnu/nios2-elf/lib/libc.a(lib_a-vfiprintfr_1.o)
 .data          0x00000000000120b0        0x0 /home/ubuntu/intelFPGA_lite/16.1/nios2eds/bin/gnu/H-x86_64-pc-linux-gnu/bin/../lib/gcc/nios2-elf/5.3.0/../../../../../H-x86_64-pc-linux-gnu/nios2-elf/lib/libc.a(lib_a-vfprintf.o)
 .data          0x00000000000120b0        0x0 /home/ubuntu/intelFPGA_lite/16.1/nios2eds/bin/gnu/H-x86_64-pc-linux-gnu/bin/../lib/gcc/nios2-elf/5.3.0/../../../../../H-x86_64-pc-linux-gnu/nios2-elf/lib/libc.a(lib_a-wsetup.o)
 .data          0x00000000000120b0        0x0 /home/ubuntu/intelFPGA_lite/16.1/nios2eds/bin/gnu/H-x86_64-pc-linux-gnu/bin/../lib/gcc/nios2-elf/5.3.0/../../../../../H-x86_64-pc-linux-gnu/nios2-elf/lib/libc.a(lib_a-__call_atexit.o)
 .data          0x00000000000120b0        0x0 /home/ubuntu/intelFPGA_lite/16.1/nios2eds/bin/gnu/H-x86_64-pc-linux-gnu/bin/../lib/gcc/nios2-elf/5.3.0/../../../../../H-x86_64-pc-linux-gnu/nios2-elf/lib/libc.a(lib_a-abort.o)
 .data          0x00000000000120b0        0x0 /home/ubuntu/intelFPGA_lite/16.1/nios2eds/bin/gnu/H-x86_64-pc-linux-gnu/bin/../lib/gcc/nios2-elf/5.3.0/../../../../../H-x86_64-pc-linux-gnu/nios2-elf/lib/libc.a(lib_a-dtoa.o)
 .data          0x00000000000120b0        0x0 /home/ubuntu/intelFPGA_lite/16.1/nios2eds/bin/gnu/H-x86_64-pc-linux-gnu/bin/../lib/gcc/nios2-elf/5.3.0/../../../../../H-x86_64-pc-linux-gnu/nios2-elf/lib/libc.a(lib_a-fflush.o)
 .data          0x00000000000120b0        0x0 /home/ubuntu/intelFPGA_lite/16.1/nios2eds/bin/gnu/H-x86_64-pc-linux-gnu/bin/../lib/gcc/nios2-elf/5.3.0/../../../../../H-x86_64-pc-linux-gnu/nios2-elf/lib/libc.a(lib_a-findfp.o)
 .data          0x00000000000120b0        0x0 /home/ubuntu/intelFPGA_lite/16.1/nios2eds/bin/gnu/H-x86_64-pc-linux-gnu/bin/../lib/gcc/nios2-elf/5.3.0/../../../../../H-x86_64-pc-linux-gnu/nios2-elf/lib/libc.a(lib_a-freer.o)
 .data          0x00000000000120b0        0x0 /home/ubuntu/intelFPGA_lite/16.1/nios2eds/bin/gnu/H-x86_64-pc-linux-gnu/bin/../lib/gcc/nios2-elf/5.3.0/../../../../../H-x86_64-pc-linux-gnu/nios2-elf/lib/libc.a(lib_a-fvwrite.o)
 .data          0x00000000000120b0        0x0 /home/ubuntu/intelFPGA_lite/16.1/nios2eds/bin/gnu/H-x86_64-pc-linux-gnu/bin/../lib/gcc/nios2-elf/5.3.0/../../../../../H-x86_64-pc-linux-gnu/nios2-elf/lib/libc.a(lib_a-fwalk.o)
 .data          0x00000000000120b0        0x0 /home/ubuntu/intelFPGA_lite/16.1/nios2eds/bin/gnu/H-x86_64-pc-linux-gnu/bin/../lib/gcc/nios2-elf/5.3.0/../../../../../H-x86_64-pc-linux-gnu/nios2-elf/lib/libc.a(lib_a-int_errno.o)
 .data          0x00000000000120b0        0x0 /home/ubuntu/intelFPGA_lite/16.1/nios2eds/bin/gnu/H-x86_64-pc-linux-gnu/bin/../lib/gcc/nios2-elf/5.3.0/../../../../../H-x86_64-pc-linux-gnu/nios2-elf/lib/libc.a(lib_a-locale.o)
 .data.lc_message_charset
                0x00000000000120b0       0x20 /home/ubuntu/intelFPGA_lite/16.1/nios2eds/bin/gnu/H-x86_64-pc-linux-gnu/bin/../lib/gcc/nios2-elf/5.3.0/../../../../../H-x86_64-pc-linux-gnu/nios2-elf/lib/libc.a(lib_a-locale.o)
 .data.lc_ctype_charset
                0x00000000000120d0       0x20 /home/ubuntu/intelFPGA_lite/16.1/nios2eds/bin/gnu/H-x86_64-pc-linux-gnu/bin/../lib/gcc/nios2-elf/5.3.0/../../../../../H-x86_64-pc-linux-gnu/nios2-elf/lib/libc.a(lib_a-locale.o)
 .data.lconv    0x00000000000120f0       0x38 /home/ubuntu/intelFPGA_lite/16.1/nios2eds/bin/gnu/H-x86_64-pc-linux-gnu/bin/../lib/gcc/nios2-elf/5.3.0/../../../../../H-x86_64-pc-linux-gnu/nios2-elf/lib/libc.a(lib_a-locale.o)
 .data          0x0000000000012128        0x0 /home/ubuntu/intelFPGA_lite/16.1/nios2eds/bin/gnu/H-x86_64-pc-linux-gnu/bin/../lib/gcc/nios2-elf/5.3.0/../../../../../H-x86_64-pc-linux-gnu/nios2-elf/lib/libc.a(lib_a-makebuf.o)
 .data          0x0000000000012128        0x0 /home/ubuntu/intelFPGA_lite/16.1/nios2eds/bin/gnu/H-x86_64-pc-linux-gnu/bin/../lib/gcc/nios2-elf/5.3.0/../../../../../H-x86_64-pc-linux-gnu/nios2-elf/lib/libc.a(lib_a-memchr.o)
 .data          0x0000000000012128        0x0 /home/ubuntu/intelFPGA_lite/16.1/nios2eds/bin/gnu/H-x86_64-pc-linux-gnu/bin/../lib/gcc/nios2-elf/5.3.0/../../../../../H-x86_64-pc-linux-gnu/nios2-elf/lib/libc.a(lib_a-mprec.o)
 .data          0x0000000000012128        0x0 /home/ubuntu/intelFPGA_lite/16.1/nios2eds/bin/gnu/H-x86_64-pc-linux-gnu/bin/../lib/gcc/nios2-elf/5.3.0/../../../../../H-x86_64-pc-linux-gnu/nios2-elf/lib/libc.a(lib_a-s_fpclassify.o)
 .data          0x0000000000012128        0x0 /home/ubuntu/intelFPGA_lite/16.1/nios2eds/bin/gnu/H-x86_64-pc-linux-gnu/bin/../lib/gcc/nios2-elf/5.3.0/../../../../../H-x86_64-pc-linux-gnu/nios2-elf/lib/libc.a(lib_a-signal.o)
 .data          0x0000000000012128        0x0 /home/ubuntu/intelFPGA_lite/16.1/nios2eds/bin/gnu/H-x86_64-pc-linux-gnu/bin/../lib/gcc/nios2-elf/5.3.0/../../../../../H-x86_64-pc-linux-gnu/nios2-elf/lib/libc.a(lib_a-signalr.o)
 .data          0x0000000000012128        0x0 /home/ubuntu/intelFPGA_lite/16.1/nios2eds/bin/gnu/H-x86_64-pc-linux-gnu/bin/../lib/gcc/nios2-elf/5.3.0/../../../../../H-x86_64-pc-linux-gnu/nios2-elf/lib/libc.a(lib_a-stdio.o)
 .data          0x0000000000012128        0x0 /home/ubuntu/intelFPGA_lite/16.1/nios2eds/bin/gnu/H-x86_64-pc-linux-gnu/bin/../lib/gcc/nios2-elf/5.3.0/../../../../../H-x86_64-pc-linux-gnu/nios2-elf/lib/libc.a(lib_a-strcmp.o)
 .data          0x0000000000012128        0x0 /home/ubuntu/intelFPGA_lite/16.1/nios2eds/bin/gnu/H-x86_64-pc-linux-gnu/bin/../lib/gcc/nios2-elf/5.3.0/../../../../../H-x86_64-pc-linux-gnu/nios2-elf/lib/libc.a(lib_a-vfiprintf.o)
 .data          0x0000000000012128        0x0 /home/ubuntu/intelFPGA_lite/16.1/nios2eds/bin/gnu/H-x86_64-pc-linux-gnu/bin/../lib/gcc/nios2-elf/5.3.0/../../../../../H-x86_64-pc-linux-gnu/nios2-elf/lib/libc.a(lib_a-writer.o)
 .data          0x0000000000012128        0x0 /home/ubuntu/intelFPGA_lite/16.1/nios2eds/bin/gnu/H-x86_64-pc-linux-gnu/bin/../lib/gcc/nios2-elf/5.3.0/../../../../../H-x86_64-pc-linux-gnu/nios2-elf/lib/libc.a(closer.o)
 .data          0x0000000000012128        0x0 /home/ubuntu/intelFPGA_lite/16.1/nios2eds/bin/gnu/H-x86_64-pc-linux-gnu/bin/../lib/gcc/nios2-elf/5.3.0/../../../../../H-x86_64-pc-linux-gnu/nios2-elf/lib/libc.a(lib_a-fclose.o)
 .data          0x0000000000012128        0x0 /home/ubuntu/intelFPGA_lite/16.1/nios2eds/bin/gnu/H-x86_64-pc-linux-gnu/bin/../lib/gcc/nios2-elf/5.3.0/../../../../../H-x86_64-pc-linux-gnu/nios2-elf/lib/libc.a(lib_a-fputwc.o)
 .data          0x0000000000012128        0x0 /home/ubuntu/intelFPGA_lite/16.1/nios2eds/bin/gnu/H-x86_64-pc-linux-gnu/bin/../lib/gcc/nios2-elf/5.3.0/../../../../../H-x86_64-pc-linux-gnu/nios2-elf/lib/libc.a(lib_a-fstatr.o)
 .data          0x0000000000012128        0x0 /home/ubuntu/intelFPGA_lite/16.1/nios2eds/bin/gnu/H-x86_64-pc-linux-gnu/bin/../lib/gcc/nios2-elf/5.3.0/../../../../../H-x86_64-pc-linux-gnu/nios2-elf/lib/libc.a(lib_a-isattyr.o)
 .data          0x0000000000012128        0x0 /home/ubuntu/intelFPGA_lite/16.1/nios2eds/bin/gnu/H-x86_64-pc-linux-gnu/bin/../lib/gcc/nios2-elf/5.3.0/../../../../../H-x86_64-pc-linux-gnu/nios2-elf/lib/libc.a(lib_a-lseekr.o)
 .data          0x0000000000012128        0x0 /home/ubuntu/intelFPGA_lite/16.1/nios2eds/bin/gnu/H-x86_64-pc-linux-gnu/bin/../lib/gcc/nios2-elf/5.3.0/../../../../../H-x86_64-pc-linux-gnu/nios2-elf/lib/libc.a(lib_a-readr.o)
 .data          0x0000000000012128        0x0 /home/ubuntu/intelFPGA_lite/16.1/nios2eds/bin/gnu/H-x86_64-pc-linux-gnu/bin/../lib/gcc/nios2-elf/5.3.0/../../../../../H-x86_64-pc-linux-gnu/nios2-elf/lib/libc.a(lib_a-wbuf.o)
 .data          0x0000000000012128        0x0 /home/ubuntu/intelFPGA_lite/16.1/nios2eds/bin/gnu/H-x86_64-pc-linux-gnu/bin/../lib/gcc/nios2-elf/5.3.0/../../../../../H-x86_64-pc-linux-gnu/nios2-elf/lib/libc.a(lib_a-wcrtomb.o)
 .data          0x0000000000012128        0x0 /home/ubuntu/intelFPGA_lite/16.1/nios2eds/bin/gnu/H-x86_64-pc-linux-gnu/bin/../lib/gcc/nios2-elf/5.3.0/../../../../../H-x86_64-pc-linux-gnu/nios2-elf/lib/libc.a(lib_a-wctomb_r.o)
 .data          0x0000000000012128        0x0 /home/ubuntu/intelFPGA_lite/16.1/nios2eds/bin/gnu/H-x86_64-pc-linux-gnu/bin/../lib/gcc/nios2-elf/5.3.0/libgcc.a(_udivdi3.o)
 .data          0x0000000000012128        0x0 /home/ubuntu/intelFPGA_lite/16.1/nios2eds/bin/gnu/H-x86_64-pc-linux-gnu/bin/../lib/gcc/nios2-elf/5.3.0/libgcc.a(_umoddi3.o)
 .data          0x0000000000012128        0x0 /home/ubuntu/intelFPGA_lite/16.1/nios2eds/bin/gnu/H-x86_64-pc-linux-gnu/bin/../lib/gcc/nios2-elf/5.3.0/libgcc.a(lib2-divmod.o)
 .data          0x0000000000012128        0x0 /home/ubuntu/intelFPGA_lite/16.1/nios2eds/bin/gnu/H-x86_64-pc-linux-gnu/bin/../lib/gcc/nios2-elf/5.3.0/libgcc.a(adddf3.o)
 .data          0x0000000000012128        0x0 /home/ubuntu/intelFPGA_lite/16.1/nios2eds/bin/gnu/H-x86_64-pc-linux-gnu/bin/../lib/gcc/nios2-elf/5.3.0/libgcc.a(divdf3.o)
 .data          0x0000000000012128        0x0 /home/ubuntu/intelFPGA_lite/16.1/nios2eds/bin/gnu/H-x86_64-pc-linux-gnu/bin/../lib/gcc/nios2-elf/5.3.0/libgcc.a(eqdf2.o)
 .data          0x0000000000012128        0x0 /home/ubuntu/intelFPGA_lite/16.1/nios2eds/bin/gnu/H-x86_64-pc-linux-gnu/bin/../lib/gcc/nios2-elf/5.3.0/libgcc.a(gedf2.o)
 .data          0x0000000000012128        0x0 /home/ubuntu/intelFPGA_lite/16.1/nios2eds/bin/gnu/H-x86_64-pc-linux-gnu/bin/../lib/gcc/nios2-elf/5.3.0/libgcc.a(ledf2.o)
 .data          0x0000000000012128        0x0 /home/ubuntu/intelFPGA_lite/16.1/nios2eds/bin/gnu/H-x86_64-pc-linux-gnu/bin/../lib/gcc/nios2-elf/5.3.0/libgcc.a(muldf3.o)
 .data          0x0000000000012128        0x0 /home/ubuntu/intelFPGA_lite/16.1/nios2eds/bin/gnu/H-x86_64-pc-linux-gnu/bin/../lib/gcc/nios2-elf/5.3.0/libgcc.a(subdf3.o)
 .data          0x0000000000012128        0x0 /home/ubuntu/intelFPGA_lite/16.1/nios2eds/bin/gnu/H-x86_64-pc-linux-gnu/bin/../lib/gcc/nios2-elf/5.3.0/libgcc.a(fixdfsi.o)
 .data          0x0000000000012128        0x0 /home/ubuntu/intelFPGA_lite/16.1/nios2eds/bin/gnu/H-x86_64-pc-linux-gnu/bin/../lib/gcc/nios2-elf/5.3.0/libgcc.a(floatsidf.o)
 .data          0x0000000000012128        0x0 /home/ubuntu/intelFPGA_lite/16.1/nios2eds/bin/gnu/H-x86_64-pc-linux-gnu/bin/../lib/gcc/nios2-elf/5.3.0/libgcc.a(floatunsidf.o)
 .data          0x0000000000012128        0x0 /home/ubuntu/intelFPGA_lite/16.1/nios2eds/bin/gnu/H-x86_64-pc-linux-gnu/bin/../lib/gcc/nios2-elf/5.3.0/libgcc.a(_clz.o)
 .data          0x0000000000012128        0x0 /home/ubuntu/intelFPGA_lite/16.1/nios2eds/bin/gnu/H-x86_64-pc-linux-gnu/bin/../lib/gcc/nios2-elf/5.3.0/libgcc.a(_clzsi2.o)
 .data          0x0000000000012128        0x0 ../slice_bsp//libhal_bsp.a(alt_close.o)
 .data          0x0000000000012128        0x0 ../slice_bsp//libhal_bsp.a(alt_dcache_flush.o)
 .data          0x0000000000012128      0x1a8 ../slice_bsp//libhal_bsp.a(alt_dev.o)
                0x0000000000012128                alt_dev_null
                0x0000000000012150                alt_fd_list
 .data          0x00000000000122d0        0x0 ../slice_bsp//libhal_bsp.a(alt_errno.o)
 .data          0x00000000000122d0        0x0 ../slice_bsp//libhal_bsp.a(alt_exit.o)
 .data          0x00000000000122d0        0x0 ../slice_bsp//libhal_bsp.a(alt_fstat.o)
 .data          0x00000000000122d0        0x0 ../slice_bsp//libhal_bsp.a(alt_getpid.o)
 .data          0x00000000000122d0        0x0 ../slice_bsp//libhal_bsp.a(alt_gettod.o)
 .data          0x00000000000122d0        0x0 ../slice_bsp//libhal_bsp.a(alt_isatty.o)
 .data          0x00000000000122d0        0x0 ../slice_bsp//libhal_bsp.a(alt_kill.o)
 .data          0x00000000000122d0        0x0 ../slice_bsp//libhal_bsp.a(alt_load.o)
 .data          0x00000000000122d0        0x0 ../slice_bsp//libhal_bsp.a(alt_lseek.o)
 .data          0x00000000000122d0        0x0 ../slice_bsp//libhal_bsp.a(alt_main.o)
 .data          0x00000000000122d0        0x0 ../slice_bsp//libhal_bsp.a(alt_malloc_lock.o)
 .data          0x00000000000122d0        0x0 ../slice_bsp//libhal_bsp.a(alt_read.o)
 .data          0x00000000000122d0        0x0 ../slice_bsp//libhal_bsp.a(alt_release_fd.o)
 .data          0x00000000000122d0        0x0 ../slice_bsp//libhal_bsp.a(alt_sbrk.o)
 .data          0x00000000000122d0        0x0 ../slice_bsp//libhal_bsp.a(alt_tick.o)
 .data          0x00000000000122d0        0x0 ../slice_bsp//libhal_bsp.a(alt_write.o)
 .data          0x00000000000122d0     0x1060 ../slice_bsp//libhal_bsp.a(alt_sys_init.o)
 .data          0x0000000000013330        0x0 ../slice_bsp//libhal_bsp.a(altera_avalon_jtag_uart_fd.o)
 .data          0x0000000000013330        0x0 ../slice_bsp//libhal_bsp.a(altera_avalon_jtag_uart_init.o)
 .data          0x0000000000013330        0x0 ../slice_bsp//libhal_bsp.a(altera_avalon_jtag_uart_ioctl.o)
 .data          0x0000000000013330        0x0 ../slice_bsp//libhal_bsp.a(altera_avalon_jtag_uart_read.o)
 .data          0x0000000000013330        0x0 ../slice_bsp//libhal_bsp.a(altera_avalon_jtag_uart_write.o)
 .data          0x0000000000013330        0x0 ../slice_bsp//libhal_bsp.a(altera_avalon_timer_sc.o)
 .data          0x0000000000013330        0x0 ../slice_bsp//libhal_bsp.a(alt_alarm_start.o)
 .data          0x0000000000013330        0x0 ../slice_bsp//libhal_bsp.a(alt_dcache_flush_all.o)
 .data          0x0000000000013330        0x0 ../slice_bsp//libhal_bsp.a(alt_dev_llist_insert.o)
 .data          0x0000000000013330        0x0 ../slice_bsp//libhal_bsp.a(alt_do_ctors.o)
 .data          0x0000000000013330        0x0 ../slice_bsp//libhal_bsp.a(alt_do_dtors.o)
 .data          0x0000000000013330        0x0 ../slice_bsp//libhal_bsp.a(alt_icache_flush_all.o)
 .data          0x0000000000013330        0x0 ../slice_bsp//libhal_bsp.a(alt_iic.o)
 .data          0x0000000000013330        0x0 ../slice_bsp//libhal_bsp.a(alt_iic_isr_register.o)
 .data          0x0000000000013330        0x0 ../slice_bsp//libhal_bsp.a(alt_io_redirect.o)
 .data          0x0000000000013330        0x0 ../slice_bsp//libhal_bsp.a(alt_irq_entry.o)
 .data          0x0000000000013330        0x0 ../slice_bsp//libhal_bsp.a(alt_irq_handler.o)
 .data          0x0000000000013330        0x0 ../slice_bsp//libhal_bsp.a(alt_irq_vars.o)
 .data          0x0000000000013330        0x0 ../slice_bsp//libhal_bsp.a(alt_open.o)
 .data          0x0000000000013330        0x0 ../slice_bsp//libhal_bsp.a(altera_nios2_gen2_irq.o)
 .data          0x0000000000013330        0x0 ../slice_bsp//libhal_bsp.a(alt_exception_entry.o)
 .data          0x0000000000013330        0x0 ../slice_bsp//libhal_bsp.a(alt_find_dev.o)
 .data          0x0000000000013330        0x0 ../slice_bsp//libhal_bsp.a(alt_find_file.o)
 .data          0x0000000000013330        0x0 ../slice_bsp//libhal_bsp.a(alt_get_fd.o)
 .data          0x0000000000013330        0x0 ../slice_bsp//libhal_bsp.a(alt_icache_flush.o)